**TRACK: Anything Goes**
[MetaData]
key: C | tempo: 160 | subdivision: 8th
time: 4/4 | mood: Driving

[V1] (Verse - 8 Bars)
Chords: | C . . . | C . . . | C . . . | G7 . . . | C . . . | C . . . | F . . . | G7 . . . |
@guitar | c3-e3-g3 . . . | c3-e3-g3 . . . | c3-e3-g3 . . . | g2-b2-f3 . . . | c3-e3-g3 . . . | c3-e3-g3 . . . | f2-a2-c3 . . . | g2-b2-f3 . . . | vel: 55

[V2] (Verse - 8 Bars)
Chords: | C . . . | C . . . | C . . . | G7 . . . | C . . . | C . . . | F . . . | G7 . . . |
@guitar | c3-e3-g3 . . . | c3-e3-g3 . . . | c3-e3-g3 . . . | g2-b2-f3 . . . | c3-e3-g3 . . . | c3-e3-g3 . . . | f2-a2-c3 . . . | g2-b2-f3 . . . | vel: 55

[CH] (Chorus - 8 Bars)
Chords: | F . . . | F#dim . . . | C . . . | A7 . . . | Dm . . . | G7 . . . | C . . . | G7 . . . |
@guitar | f2-a2-c3 . . . | f#2-a2-c3 . . . | c3-e3-g3 . . . | a2-c#3-e3 . . . | d3-f3-a3 . . . | g2-b2-f3 . . . | c3-e3-g3 . . . | g2-b2-f3 . . . | vel: 60

[BR] (Bridge - 4 Bars)
Chords: | Dm . . . | G7 . . . | C . . . | C . . . |
@guitar | d3-f3-a3 . . . | g2-b2-f3 . . . | c3-e3-g3 . . . | c3-e3-g3 . . . | vel: 50

[OUT] (Outro - 4 Bars)
Chords: | F . . . | G7 . . . | C . . . | C . . . |
@guitar | f2-a2-c3 . . . | g2-b2-f3 . . . | c3-e3-g3 . . . | c3-e3-g3 . . . | vel: 55
