**TRACK: Chim Chim Cher-ee**
[MetaData]
key: Cm | tempo: 120 | subdivision: 8th
time: 3/4 | mood: Whimsical

[V1] (Verse - 8 Bars)
Chords: | Cm . . | Cm . . | Ab . . | Ab . . | Cm . . | Cm . . | G . . | G . . |
@guitar | c3-eb3-g3 . . | c3-eb3-g3 . . | ab2-c3-eb3 . . | ab2-c3-eb3 . . | c3-eb3-g3 . . | c3-eb3-g3 . . | g2-b2-d3 . . | g2-b2-d3 . . | vel: 50

[V2] (Verse - 8 Bars)
Chords: | Cm . . | Cm . . | Ab . . | Ab . . | Cm . . | Cm . . | G . . | G . . |
@guitar | c3-eb3-g3 . . | c3-eb3-g3 . . | ab2-c3-eb3 . . | ab2-c3-eb3 . . | c3-eb3-g3 . . | c3-eb3-g3 . . | g2-b2-d3 . . | g2-b2-d3 . . | vel: 50

[CH] (Chorus - 8 Bars)
Chords: | Fm . . | Fm . . | Cm . . | Cm . . | Ab . . | Ab . . | G . . | G . . |
@guitar | f2-ab2-c3 . . | f2-ab2-c3 . . | c3-eb3-g3 . . | c3-eb3-g3 . . | ab2-c3-eb3 . . | ab2-c3-eb3 . . | g2-b2-d3 . . | g2-b2-d3 . . | vel: 60

[BR] (Bridge - 4 Bars)
Chords: | Eb . . | Eb . . | Bb . . | G . . |
@guitar | eb3-g3-bb3 . . | eb3-g3-bb3 . . | bb2-d3-f3 . . | g2-b2-d3 . . | vel: 55

[V3] (Verse - 8 Bars)
Chords: | Cm . . | Cm . . | Ab . . | Ab . . | Cm . . | Cm . . | G . . | G . . |
@guitar | c3-eb3-g3 . . | c3-eb3-g3 . . | ab2-c3-eb3 . . | ab2-c3-eb3 . . | c3-eb3-g3 . . | c3-eb3-g3 . . | g2-b2-d3 . . | g2-b2-d3 . . | vel: 50
