**TRACK: I Dreamed a Dream (Les Mis) - Patti LuPone**
[MetaData]
key: E♭m | tempo: 72 | subdivision: 8th
time: 4/4 | mood: Melancholic

[V1] (Verse - 8 Bars)
Chords: | E♭m . . . | A♭ . . . | B♭m . . . | G♭ . . . |
@guitar | e♭3-g♭3-b♭3 . . . | a♭2-c3-e♭3 . . . | b♭2-d♭3-f3 . . . | g♭2-b♭2-d♭3 . . . | vel: 50
Chords: | E♭m . . . | A♭ . . . | B♭m . . . | G♭ . . . |
@guitar | e♭3-g♭3-b♭3 . . . | a♭2-c3-e♭3 . . . | b♭2-d♭3-f3 . . . | g♭2-b♭2-d♭3 . . . | vel: 50

[V2] (Verse - 8 Bars)
Chords: | E♭m . . . | A♭ . . . | B♭m . . . | G♭ . . . |
@guitar | e♭3-g♭3-b♭3 . . . | a♭2-c3-e♭3 . . . | b♭2-d♭3-f3 . . . | g♭2-b♭2-d♭3 . . . | vel: 55
Chords: | C♭ . . . | B♭ . . . | E♭m . . . | B♭ . . . |
@guitar | c♭3-e♭3-g♭3 . . . | b♭2-d3-f3 . . . | e♭3-g♭3-b♭3 . . . | b♭2-d3-f3 . . . | vel: 55

[CH] (Chorus - 8 Bars)
Chords: | A♭ . . . | G♭ . . . | E♭m . . . | B♭ . . . |
@guitar | a♭2-c3-e♭3 . . . | g♭2-b♭2-d♭3 . . . | e♭3-g♭3-b♭3 . . . | b♭2-d3-f3 . . . | vel: 65
Chords: | A♭ . . . | G♭ . . . | E♭m . . . | B♭ . . . |
@guitar | a♭2-c3-e♭3 . . . | g♭2-b♭2-d♭3 . . . | e♭3-g♭3-b♭3 . . . | b♭2-d3-f3 . . . | vel: 65

[BR] (Bridge
