**TRACK: Matchmaker, Matchmaker**
[MetaData]
key: Fm | tempo: 96 | subdivision: 8th
time: 4/4 | mood: Playful

[V1] (Verse - 8 Bars)
Chords: | Fm . . . | Bbm . . . | Fm . . . | C7 . . . |
| Fm . . . | Bbm . . . | C7 . . . | Fm . . . |
@guitar | f2-c3-f3 . . . | bb1-f2-bb2 . . . | f2-c3-f3 . . . | c2-e2-g2-bb2 . . . | vel: 50

[V2] (Verse - 8 Bars)
Chords: | Fm . . . | Bbm . . . | Fm . . . | C7 . . . |
| Fm . . . | Bbm . . . | C7 . . . | Fm . . . |
@guitar | f2-c3-f3 . . . | bb1-f2-bb2 . . . | f2-c3-f3 . . . | c2-e2-g2-bb2 . . . | vel: 50

[CH] (Chorus - 8 Bars)
Chords: | Db . . . | Ab . . . | Bbm . . . | Fm . . . |
| Db . . . | Ab . . . | C7 . . . | Fm . . . |
@guitar | db2-ab2-db3 . . . | ab1-eb2-ab2 . . . | bb1-f2-bb2 . . . | f2-c3-f3 . . . | vel: 60

[BR] (Bridge - 4 Bars)
Chords: | Bbm . . . | Eb7 . . . | Ab . . . | C7 . . . |
@guitar | bb1-f2-bb2 . . . | eb1-g2-bb2-db3 . . . | ab1-eb2-ab2 . . . | c2-e2-g2-bb2 . . . | vel: 55

[OUT] (Outro - 4 Bars)
Chords: | Fm . . . | Bbm . . . | C7 . . . | Fm . . . |
@guitar | f2-c3-f3 . . . | bb1-f2-bb2 . . . | c2-e2-g2-bb2 . . . | f2-c3-f3 . . . | vel: 45
