**TRACK: Bad to the Bone**
[MetaData]
key: E | tempo: 126 | subdivision: 8th
time: 4/4 | mood: Swaggering

[V1] (Verse - 8 Bars)
Chords: | E . . . | E . . . | A . . . | A . . . | E . . . | E . . . | B . . . | B . . . |
@guitar | e2-b2-e3 . . . | e2-b2-e3 . . . | a2-e3-a3 . . . | a2-e3-a3 . . . | e2-b2-e3 . . . | e2-b2-e3 . . . | b2-f#3-b3 . . . | b2-f#3-b3 . . . | vel: 60

[V2] (Verse - 8 Bars)
Chords: | E . . . | E . . . | A . . . | A . . . | E . . . | E . . . | B . . . | B . . . |
@guitar | e2-b2-e3 . . . | e2-b2-e3 . . . | a2-e3-a3 . . . | a2-e3-a3 . . . | e2-b2-e3 . . . | e2-b2-e3 . . . | b2-f#3-b3 . . . | b2-f#3-b3 . . . | vel: 60

[CH] (Chorus - 8 Bars)
Chords: | A . . . | A . . . | E . . . | E . . . | A . . . | A . . . | B . . . | B . . . |
@guitar | a2-e3-a3 . . . | a2-e3-a3 . . . | e2-b2-e3 . . . | e2-b2-e3 . . . | a2-e3-a3 . . . | a2-e3-a3 . . . | b2-f#3-b3 . . . | b2-f#3-b3 . . . | vel: 65

[BR] (Bridge - 4 Bars)
Chords: | E . . . | A . . . | E . . . | B . . . |
@guitar | e2-b2-e3 . . . | a2-e3-a3 . . . | e2-b2-e3 . . . | b2-f#3-b3 . . . | vel: 58

[OUT] (Outro - 8 Bars, repeat CH riff)
Chords: | A . . . | A . . . | E . . . | E . . . | A . . . | A . . . | B . . . | B . . . |
@guitar | a2-e3-a3 . . . | a2-e3-a3 . . . | e2-b2-e3 . . . | e2-b2-e3 . . . | a2-e3-a3 . . . | a2-e3-a3 . . . | b2-f#3-b3 . . . | b2-f
