**TRACK: Go Your Own Way**
[MetaData]
key: D | tempo: 136 | subdivision: 8th
time: 4/4 | mood: Driving

[V1] (Verse - 8 Bars)
Chords: | D . . . | D . . . | D . . . | D . . . | G . . . | G . . . | A . . . | A . . . |
@guitar | d3-f#3-a3 . . . | d3-f#3-a3 . . . | d3-f#3-a3 . . . | d3-f#3-a3 . . . | g2-b2-d3 . . . | g2-b2-d3 . . . | a2-c#3-e3 . . . | a2-c#3-e3 . . . | vel: 58

[CH] (Chorus - 8 Bars)
Chords: | G . . . | D . . . | G . . . | D . . . | A . . . | A . . . | D . . . | D . . . |
@guitar | g2-b2-d3 . . . | d3-f#3-a3 . . . | g2-b2-d3 . . . | d3-f#3-a3 . . . | a2-c#3-e3 . . . | a2-c#3-e3 . . . | d3-f#3-a3 . . . | d3-f#3-a3 . . . | vel: 65

[BR] (Bridge - 4 Bars)
Chords: | Bm . . . | A . . . | G . . . | A . . . |
@guitar | b2-d3-f#3 . . . | a2-c#3-e3 . . . | g2-b2-d3 . . . | a2-c#3-e3 . . . | vel: 55

[V2] (Verse - 8 Bars)
Chords: | D . . . | D . . . | D . . . | D . . . | G . . . | G . . . | A . . . | A . . . |
@guitar | d3-f#3-a3 . . . | d3-f#3-a3 . . . | d3-f#3-a3 . . . | d3-f#3-a3 . . . | g2-b2-d3 . . . | g2-b2-d3 . . . | a2-c#3-e3 . . . | a2-c#3-e3 . . . | vel: 58

[CH] (Chorus - 8 Bars)
Chords: | G . . . | D . . . | G . . . | D . . . | A . . . | A . . . | D . . . | D . . . |
@guitar | g2-b2-d3 . . . | d3-f#3-a3 . . . | g2-b2-d3 . . . | d3-f#3-a3 . . . | a2-c#3-e3 . . . | a2-c#3-e3 . . . | d
