**TRACK: Kentucky Woman**
[MetaData]
key: D minor | tempo: 132 | subdivision: 8th
time: 4/4 | mood: Driving

[V1] (Verse - 8 Bars)
Chords: | Dm . . . | Dm . . . | Dm . . . | Dm . . . | Bb . . . | C . . . | Dm . . . | Dm . . . |
@guitar | d3-a3-d4 . . . | d3-a3-d4 . . . | d3-a3-d4 . . . | d3-a3-d4 . . . | bb2-d3-f3 . . . | c3-e3-g3 . . . | d3-a3-d4 . . . | d3-a3-d4 . . . | vel: 60

[V2] (Verse - 8 Bars)
Chords: | Dm . . . | Dm . . . | Dm . . . | Dm . . . | Bb . . . | C . . . | Dm . . . | Dm . . . |
@guitar | d3-a3-d4 . . . | d3-a3-d4 . . . | d3-a3-d4 . . . | d3-a3-d4 . . . | bb2-d3-f3 . . . | c3-e3-g3 . . . | d3-a3-d4 . . . | d3-a3-d4 . . . | vel: 60

[CH] (Chorus - 8 Bars)
Chords: | F . . . | F . . . | C . . . | C . . . | Bb . . . | Bb . . . | A . . . | A . . . |
@guitar | f2-a2-c3 . . . | f2-a2-c3 . . . | c3-e3-g3 . . . | c3-e3-g3 . . . | bb2-d3-f3 . . . | bb2-d3-f3 . . . | a2-c#3-e3 . . . | a2-c#3-e3 . . . | vel: 70

[BR] (Bridge - 4 Bars)
Chords: | Dm . . . | Bb . . . | C . . . | A . . . |
@guitar | d3-a3-d4 . . . | bb2-d3-f3 . . . | c3-e3-g3 . . . | a2-c#3-e3 . . . | vel: 55

[OUT] (Outro - 4 Bars)
Chords: | Dm . . . | Dm . . . | Dm . . . | Dm . . . |
@guitar | d3-a3-d4 . . . | d3-a3-d4 . . . | d3-a3-d4 . . . | d3-a3-d4 . . . | vel: 50
