**TRACK: One Bourbon, One Scotch, One Beer**
[MetaData]
key: E | tempo: 92 | subdivision: 8th
time: 4/4 | mood: Driving

[V1] (Verse - 12 Bars)
Chords: | E . . . | E . . . | A . . . | E . . . | E . . . | E . . . | A . . . | E . . . | B . . . | A . . . | E . . . | B . . . |
@guitar | e2-b2-e3 . . . | e2-b2-e3 . . . | a2-c#3-e3 . . . | e2-b2-e3 . . . | e2-b2-e3 . . . | e2-b2-e3 . . . | a2-c#3-e3 . . . | e2-b2-e3 . . . | b2-d#3-f#3 . . . | a2-c#3-e3 . . . | e2-b2-e3 . . . | b2-d#3-f#3 . . . | vel: 58

[V2] (Verse - 12 Bars)
Chords: | E . . . | E . . . | A . . . | E . . . | E . . . | E . . . | A . . . | E . . . | B . . . | A . . . | E . . . | B . . . |
@guitar | e2-b2-e3 . . . | e2-b2-e3 . . . | a2-c#3-e3 . . . | e2-b2-e3 . . . | e2-b2-e3 . . . | e2-b2-e3 . . . | a2-c#3-e3 . . . | e2-b2-e3 . . . | b2-d#3-f#3 . . . | a2-c#3-e3 . . . | e2-b2-e3 . . . | b2-d#3-f#3 . . . | vel: 60

[CH] (Chorus - 8 Bars)
Chords: | E . . . | E . . . | A . . . | E . . . | E . . . | B . . . | A . . . | E . . . |
@guitar | e2-b2-e3 . . . | e2-b2-e3 . . . | a2-c#3-e3 . . . | e2-b2-e3 . . . | e2-b2-e3 . . . | b2-d#3-f#3 . . . | a2-c#3-e3 . . . | e2-b2-e3 . . . | vel: 65

[BR] (Bridge/Instrumental - 4 Bars)
Chords: | A . . . | E . . . | B . . . | E . . . |
@guitar | a2-c#3-e3 . . . | e2-b2-e3 . . . | b2-d#3-f#3 . . . | e2-b2-e3 . . . | vel:
