**TRACK: Toxicity**
[MetaData]
key: Am | tempo: 126 | subdivision: 8th
time: 4/4 | mood: Driving

[V1] (Verse - 8 Bars)
Chords: | Am . . . | F . . . | Am . . . | F . . . |
       | Am . . . | F . . . | Am . . . | G . . . |
@guitar | a2-e3-a3 . . . | f2-a2-c3 . . . | a2-e3-a3 . . . | f2-a2-c3 . . . | vel: 55
@guitar | a2-e3-a3 . . . | f2-a2-c3 . . . | a2-e3-a3 . . . | g2-b2-d3 . . . | vel: 55

[CH] (Chorus - 8 Bars)
Chords: | C . . . | G . . . | Dm . . . | Am . . . |
       | C . . . | G . . . | Dm . . . | E . . . |
@guitar | c3-e3-g3 . . . | g2-b2-d3 . . . | d3-f3-a3 . . . | a2-e3-a3 . . . | vel: 65
@guitar | c3-e3-g3 . . . | g2-b2-d3 . . . | d3-f3-a3 . . . | e2-g#2-b2 . . . | vel: 65

[BR] (Bridge - 4 Bars)
Chords: | F . . . | G . . . | Am . . . | E . . . |
@guitar | f2-a2-c3 . . . | g2-b2-d3 . . . | a2-e3-a3 . . . | e2-g#2-b2 . . . | vel: 60

[V2] (Verse - 8 Bars)
Chords: | Am . . . | F . . . | Am . . . | F . . . |
       | Am . . . | F . . . | Am . . . | G . . . |
@guitar | a2-e3-a3 . . . | f2-a2-c3 . . . | a2-e3-a3 . . . | f2-a2-c3 . . . | vel: 55
@guitar | a2-e3-a3 . . . | f2-a2-c3 . . . | a2-e3-a3 . . . | g2-b2-d3 . . . | vel: 55

[CH] (Chorus - 8 Bars)
Chords: | C . . . | G . . . | Dm . . . | Am . . . |
       | C . . . | G . . . | Dm . . . | E . . . |
@guitar | c3-e3-g3 . . . | g2-b2-d3 . . . | d3-f3-a3 . . . | a2-e3-a3 . . . | vel: 65
@guitar
