**TRACK: You Ain't Seen Nothing Yet**
[MetaData]
key: A | tempo: 122 | subdivision: 8th
time: 4/4 | mood: Driving

[V1] (Verse - 8 Bars)
Chords: | A . . . | A . . . | D . . . | A . . . | A . . . | A . . . | E . . . | E . . . |
@guitar | a2-e3-a3 . . . | a2-e3-a3 . . . | d3-a3-d4 . . . | a2-e3-a3 . . . | a2-e3-a3 . . . | a2-e3-a3 . . . | e2-b2-e3 . . . | e2-b2-e3 . . . | vel: 55

[V2] (Verse - 8 Bars)
Chords: | A . . . | A . . . | D . . . | A . . . | A . . . | A . . . | E . . . | E . . . |
@guitar | a2-e3-a3 . . . | a2-e3-a3 . . . | d3-a3-d4 . . . | a2-e3-a3 . . . | a2-e3-a3 . . . | a2-e3-a3 . . . | e2-b2-e3 . . . | e2-b2-e3 . . . | vel: 55

[CH] (Chorus - 8 Bars)
Chords: | D . . . | D . . . | A . . . | A . . . | D . . . | D . . . | E . . . | E . . . |
@guitar | d3-a3-d4 . . . | d3-a3-d4 . . . | a2-e3-a3 . . . | a2-e3-a3 . . . | d3-a3-d4 . . . | d3-a3-d4 . . . | e2-b2-e3 . . . | e2-b2-e3 . . . | vel: 65

[BR] (Bridge - 4 Bars)
Chords: | D . . . | E . . . | F#m . . . | E . . . |
@guitar | d3-a3-d4 . . . | e2-b2-e3 . . . | f#2-c#3-f#3 . . . | e2-b2-e3 . . . | vel: 60

[OUT] (Outro - 4 Bars)
Chords: | A . . . | A . . . | A . . . | A . . . |
@guitar | a2-e3-a3 . . . | a2-e3-a3 . . . | a2-e3-a3 . . . | a2-e3-a3 . . . | vel: 50
