**TRACK: Chattahoochee**
[MetaData]
key: A | tempo: 104 | subdivision: 8th
time: 4/4 | mood: Driving

[V1] (Verse - 8 Bars)
Chords: | A . . . | A . . . | D . . . | A . . . | A . . . | A . . . | E . . . | E . . . |
@guitar | a2-e3-a3 . . . | a2-e3-a3 . . . | d3-a3-d4 . . . | a2-e3-a3 . . . | a2-e3-a3 . . . | a2-e3-a3 . . . | e2-b2-e3 . . . | e2-b2-e3 . . . | vel: 55

[V2] (Verse - 8 Bars)
Chords: | A . . . | A . . . | D . . . | A . . . | A . . . | A . . . | E . . . | E . . . |
@guitar | a2-e3-a3 . . . | a2-e3-a3 . . . | d3-a3-d4 . . . | a2-e3-a3 . . . | a2-e3-a3 . . . | a2-e3-a3 . . . | e2-b2-e3 . . . | e2-b2-e3 . . . | vel: 55

[CH] (Chorus - 8 Bars)
Chords: | A . . . | A . . . | D . . . | A . . . | A . . . | A . . . | E . . . | A . . . |
@guitar | a2-e3-a3 . . . | a2-e3-a3 . . . | d3-a3-d4 . . . | a2-e3-a3 . . . | a2-e3-a3 . . . | a2-e3-a3 . . . | e2-b2-e3 . . . | a2-e3-a3 . . . | vel: 60

[BR] (Bridge - 4 Bars)
Chords: | D . . . | A . . . | E . . . | E . . . |
@guitar | d3-a3-d4 . . . | a2-e3-a3 . . . | e2-b2-e3 . . . | e2-b2-e3 . . . | vel: 50

[CH] (Chorus - 8 Bars)
Chords: | A . . . | A . . . | D . . . | A . . . | A . . . | A . . . | E . . . | A . . . |
@guitar | a2-e3-a3 . . . | a2-e3-a3 . . . | d3-a3-d4 . . . | a2-e3-a3 . . . | a2-e3-a3 . . . | a2-e3-a3 . . . | e2-b2-e3 . . . | a2-e3-a3 . . . | vel: 60
