**TRACK: You Don't Know Me**
[MetaData]
key: Eb | tempo: 96 | subdivision: 8th
time: 4/4 | mood: Reflective

[V1] (Verse - 8 Bars)
Chords: | Eb . . . | Ab . . . | Eb . . . | Bb7 . . . |
       | Eb . . . | Ab . . . | Eb . . . | Bb7 . . . |
@guitar | eb3-g3-bb3 . . . | ab2-c3-eb3 . . . | eb3-g3-bb3 . . . | bb2-d3-f3 . . . | vel: 50
@guitar | eb3-g3-bb3 . . . | ab2-c3-eb3 . . . | eb3-g3-bb3 . . . | bb2-d3-f3 . . . | vel: 50

[V2] (Verse - 8 Bars)
Chords: | Eb . . . | Ab . . . | Eb . . . | Bb7 . . . |
       | Eb . . . | Ab . . . | Eb . . . | Bb7 . . . |
@guitar | eb3-g3-bb3 . . . | ab2-c3-eb3 . . . | eb3-g3-bb3 . . . | bb2-d3-f3 . . . | vel: 52
@guitar | eb3-g3-bb3 . . . | ab2-c3-eb3 . . . | eb3-g3-bb3 . . . | bb2-d3-f3 . . . | vel: 52

[CH] (Chorus - 4 Bars)
Chords: | Ab . . . | Ab . . . | Eb . . . | Bb7 . . . |
@guitar | ab2-c3-eb3 . . . | ab2-c3-eb3 . . . | eb3-g3-bb3 . . . | bb2-d3-f3 . . . | vel: 60

[BR] (Bridge - 4 Bars)
Chords: | Fm7 . . . | Bb7 . . . | Eb . . . | C7 . . . |
@guitar | f2-ab2-c3 . . . | bb2-d3-f3 . . . | eb3-g3-bb3 . . . | c3-e3-g3 . . . | vel: 55

[V3] (Verse - 8 Bars)
Chords: | Eb . . . | Ab . . . | Eb . . . | Bb7 . . . |
       | Eb . . . | Ab . . . | Eb . . . | Bb7 . . . |
@guitar | eb3-g3-bb3 . . . | ab2-c3-eb3 . . . | eb3-g3-bb3 . . . | bb2-d3-f3 . . . | vel: 50
@guitar | eb3-g3-bb3 . . . | ab2-c3-eb3 . . . | eb3-g3-bb3 . . . | bb
