**TRACK: Clair de Lune - Claude Debussy**
[MetaData]
key: Db | tempo: 69 | subdivision: 8th
time: 9/8 | mood: Dreamy, flowing

[V1] (Verse - 4 Bars)
Chords: | Db . . . . . . . . | Bbm . . . . . . . . |
Melody: | F4 . Ab4 . C5 . . . . | F4 . Eb4 . Db4 . . . . |
Lyrics: | (instrumental) |
@piano | db3-f3-ab3 . . . . . . . . | bb2-db3-f3 . . . . . . . . | vel: 45

[V2] (Verse - 4 Bars)
Chords: | Ab . . . . . . . . | Db . . . . . . . . |
Melody: | C5 . Db5 . Eb5 . . . . | F5 . Eb5 . Db5 . . . . |
Lyrics: | (instrumental) |
@piano | ab2-c3-eb3 . . . . . . . . | db3-f3-ab3 . . . . . . . . | vel: 48

[CH] (Chorus - 4 Bars)
Chords: | Gb . . . . . . . . | Db . . . . . . . . |
Melody: | F5 . Eb5 . Db5 . . . . | C5 . Bb4 . Ab4 . . . . |
Lyrics: | (instrumental) |
@piano | gb2-bb2-db3 . . . . . . . . | db3-f3-ab3 . . . . . . . . | vel: 52

[OUT] (Outro - 2 Bars)
Chords: | Bbm . . . . . . . . | Db . . . . . . . . |
Melody: | Ab4 . F4 . Db4 . . . . | (rest) |
Lyrics: | (instrumental) |
@piano | bb2-db3-f3 . . . . . . . . | db3-f3-ab3 . . . . . . . . | vel: 40
