**TRACK: Meditation from Thaïs**
[MetaData]
key: D | tempo: 72 | subdivision: 8th
time: 4/4 | mood: Serene

[V1] (Verse - 4 Bars)
Chords: | D . . . | A/C# . . . | Bm . . . | A7 . . . |
Melody: | F#4 . A4 . | E4 . G4 . | D4 . F#4 . | C#4 . E4 . |
Lyrics: | (instrumental) . . . | . . . . | . . . . | . . . . |
@piano | d3-f#3-a3 . . . | a2-c#3-e3 . . . | b2-d3-f#3 . . . | a2-c#3-e3 . . . | vel: 45

[V2] (Verse - 4 Bars)
Chords: | G . . . | D/F# . . . | Em . . . | A7 . . . |
Melody: | B4 . D5 . | A4 . C#5 . | G4 . B4 . | F#4 . A4 . |
Lyrics: | (instrumental) . . . | . . . . | . . . . | . . . . |
@piano | g2-b2-d3 . . . | d3-f#3-a3 . . . | e3-g3-b3 . . . | a2-c#3-e3 . . . | vel: 45

[CH] (Chorus - 4 Bars)
Chords: | D . . . | A/C# . . . | Bm . . . | E7 . . . |
Melody: | A4 . C#5 . | G#4 . B4 . | F#4 . A4 . | E4 . G#4 . |
Lyrics: | (instrumental) . . . | . . . . | . . . . | . . . . |
@piano | d3-f#3-a3 . . . | a2-c#3-e3 . . . | b2-d3-f#3 . . . | e3-g#3-b3 . . . | vel: 50

[OUT] (Outro - 2 Bars)
Chords: | A7 . . . | D . . . |
Melody: | E4 . . . | D4 . . . |
Lyrics: | (instrumental) . . . | . . . . |
@piano | a2-c#3-e3 . . . | d3-f#3-a3 . . . | vel: 40
