**TRACK: La Pernette**
[MetaData]
key: Am | tempo: 96 | subdivision: 8th
time: 3/4 | mood: Gentle, pastoral

[V1] (Verse - 4 Bars)
Chords: | Am . . | F . . | C . . | G . . |
Melody: | A3 . C4 E4 | F4 . E4 D4 | C4 . E4 G4 | B3 . D4 B3 |
Lyrics: | La per - nette s’en va au champ | Pour cueil - lir la ros - e | Elle y trou - va son a - mi | Qu’el - le n’at - ten - dait pas |
@piano | a2-e3-a3 . . | f2-a2-c3 . . | c3-e3-g3 . . | g2-b2-d3 . . | vel: 50

[V2] (Verse - 4 Bars)
Chords: | Am . . | F . . | C . . | G . . |
Melody: | A3 . C4 E4 | F4 . E4 D4 | C4 . E4 G4 | B3 . D4 B3 |
Lyrics: | “Bon - jour, bon - jour, mon a - mi doux | D’où venez - vous si tard?” | “Je viens de la guer - re, ma mi - gnonne | Pour vous don - ner le bai - ser” |
@piano | a2-e3-a3 . . | f2-a2-c3 . . | c3-e3-g3 . . | g2-b2-d3 . . | vel: 50

[CH] (Chorus - 4 Bars)
Chords: | F . . | C . . | G . . | Am . . |
Melody: | F4 . A4 C5 | E4 . G4 C5 | D4 . B3 D4 | C4 . A3 C4 |
Lyrics: | Et la la la, la la la la | Et la la la, la la la | Et la la la, la la la la | Et la la la, la la la |
@piano | f2-a2-c3 . . | c3-e3-g3 . . | g2-b2-d3 . . | a2-e3-a3 . . | vel: 55
