**TRACK: La Tête à l'envers**
[MetaData]
key: Am | tempo: 90 | subdivision: 8th
time: 4/4 | mood: Gentle

[V1] (Verse - 4 Bars)
Chords: | Am . . . | F . . . | Am . . . | E7 . . . |
Melody: | A3 . C4 . | F4 . . . | A3 . G3 . | E3 . . . |
Lyrics: | La tête à l’en-vers | je marche en rond | je vois le ciel | sous mes talons |
@piano | a2-e3-a3 . . . | f2-a2-c3 . . . | a2-e3-a3 . . . | e2-g#2-b2 . . . | vel: 50

[CH] (Chorus - 4 Bars)
Chords: | F . . . | C . . . | G . . . | Am . . . |
Melody: | F4 . E4 . | C4 . D4 . | B3 . D4 . | A3 . . . |
Lyrics: | Et je danse à l’en-vers | tout est per-vers | mais mon cœur rit | dans ce monde à l’en-vers |
@piano | f2-a2-c3 . . . | c3-e3-g3 . . . | g2-b2-d3 . . . | a2-e3-a3 . . . | vel: 55

[V2] (Verse - 4 Bars)
Chords: | Am . . . | F . . . | Dm . . . | E7 . . . |
Melody: | A3 . C4 . | F4 . . . | D4 . A3 . | B3 . E3 . |
Lyrics: | Les nuages en bas | les racines en haut | je ris tout bas | c’est mon chaos |
@piano | a2-e3-a3 . . . | f2-a2-c3 . . . | d2-a2-d3 . . . | e2-g#2-b2 . . . | vel: 50
