**TRACK: Le Beau Danube bleu (version française)**
[MetaData]
key: D | tempo: 90 | subdivision: 8th
time: 3/4 | mood: Graceful waltz

[V1] (Verse - 8 Bars)
Chords: | D . . | D . . | A7 . . | A7 . . | D . . | D . . | G . . | A7 . . |
Melody: | D4 . F#4 . | A4 . . . | A4 . G4 . | F#4 . . . | D4 . F#4 . | A4 . . . | B4 . A4 . | G4 . F#4 . |
Lyrics: | Quand le | Dan - u - be | bleu nous | ap - pel - le | Sous le | ciel d'or | et d'ar - | gent lé - ger |
@piano | d3-f#3-a3 . . | d3-f#3-a3 . . | a2-c#3-e3 . . | a2-c#3-e3 . . | d3-f#3-a3 . . | d3-f#3-a3 . . | g2-b3-d4 . . | a2-c#3-e3 . . | vel: 50

[V2] (Verse - 8 Bars)
Chords: | D . . | D . . | A7 . . | A7 . . | D . . | D . . | G . . | A7 . . |
Melody: | D4 . F#4 . | A4 . . . | A4 . G4 . | F#4 . . . | E4 . F#4 . | G4 . A4 . | B4 . A4 . | G4 . F#4 . |
Lyrics: | Les val - ses | nous en - traînent | Dou - ces et | lé - gè - res | Au fil des | flots chan - | teurs de nos | rêves clairs |
@piano | d3-f#3-a3 . . | d3-f#3-a3 . . | a2-c#3-e3 . . | a2-c#3-e3 . . | d3-f#3-a3 . . | d3-f#3-a3 . . | g2-b3-d4 . . | a2-c#3-e3 . . | vel: 50

[CH] (Chorus - 8 Bars)
Chords: | D . . | A7 . . | D . . | A7 . . | D . . | G . . | A7 . . | D . . |
Melody: | F#4 . A4 . | C#5 . B4 . | A4 . F#4 . | D4 . E4 . | F#4 . A4 . | B4 . G4 . | A4 . G4 . | F#4 . . . |
Lyrics: | Dan - u - be | bleu, so - | leil qui | luit sur toi | Tes flots | d'ar - gent | chan - tent pour | nous ce soir |
@piano | d3-f#3-a3
