**TRACK: Le Savetier et le Financier**
[MetaData]
key: F | tempo: 100 | subdivision: 8th
time: 6/8 | mood: Playful

[V1] (Verse - 4 Bars)
Chords: | F . . . . . | C7 . . . . . |
Melody: | F4 . A4 . C5 . | A4 . F4 . D4 . |
Lyrics: | Un sa - ve - tier chan - tait | du ma - tin au soir |
@piano | f1-a1-c2-f2 . . . . . | g1-b1-c2-e2 . . . . . | vel: 45

[V2] (Verse - 4 Bars)
Chords: | Bb . . . . . | C7 . . . . . |
Melody: | D5 . C5 . A4 . | G4 . F4 . E4 . |
Lyrics: | Son cœur lé - ger, sa voix har - mo - ni - euse |
@piano | bb1-d2-f2 . . . . . | g1-b1-c2-e2 . . . . . | vel: 45

[CH] (Chorus - 4 Bars)
Chords: | F . . . . . | C7 . . . . . |
Melody: | F4 . A4 . C5 . | B4 . A4 . G4 . |
Lyrics: | Fi - nan - cier, lais - se -z moi | chan - ter, je suis heu - reux |
@piano | f1-a1-c2-f2 . . . . . | g1-b1-c2-e2 . . . . . | vel: 55

[CH2] (Chorus 2 - 4 Bars)
Chords: | Bb . . . . . | F . . . . . |
Melody: | D5 . C5 . A4 . | F4 . G4 . F4 . |
Lyrics: | L'ar - gent ne fait pas le bon - heur | mais la chan - son le rend |
@piano | bb1-d2-f2 . . . . . | f1-a1-c2-f2 . . . . . | vel: 55
