**TRACK: Marche des rois**
[MetaData]
key: Gm | tempo: 100 | subdivision: 8th
time: 3/4 | mood: Majestic

[V1] (Verse - 4 Bars)
Chords: | Gm . . | D7 . . | Gm . . | D7 . . |
Melody: | G3 . B3 . | A3 . F#3 . | G3 . B3 . | A3 . F#3 . |
Lyrics: | De - bout, | le - vez | vous, | pas - teurs |
@piano | g2-bb2-d3 . . | d2-f#2-a2 . . | g2-bb2-d3 . . | d2-f#2-a2 . . | vel: 55

[V2] (Verse - 4 Bars)
Chords: | Gm . . | Cm . . | D7 . . | Gm . . |
Melody: | G3 . D4 . | Eb4 . C4 . | B3 . A3 . | G3 . . . |
Lyrics: | Vo - ci | les rois | Ma - gus | ar - ri - vent |
@piano | g2-bb2-d3 . . | c3-eb3-g3 . . | d2-f#2-a2 . . | g2-bb2-d3 . . | vel: 55

[CH] (Chorus - 4 Bars)
Chords: | Gm . . | Cm . . | Gm . . | D7 . . |
Melody: | B3 . D4 . | Eb4 . C4 . | D4 . B3 . | A3 . F#3 . |
Lyrics: | Mar - chez | tous, por - tez | vos of - | fran - des |
@piano | g2-bb2-d3 . . | c3-eb3-g3 . . | g2-bb2-d3 . . | d2-f#2-a2 . . | vel: 60

[V3] (Verse - 4 Bars)
Chords: | Gm . . | D7 . . | Gm . . | D7 . . |
Melody: | G3 . B3 . | A3 . F#3 . | G3 . . . | D3 . . . |
Lyrics: | De - vant | l'en - fant | nou - veau - né |
@piano | g2-bb2-d3 . . | d2-f#2-a2 . . | g2-bb2-d3 . . | d2-f#2-a2 . . | vel: 55
