**TRACK: Good Morning Blues**
[MetaData]
key: F | tempo: 112 | subdivision: 8th
time: 4/4 | mood: Swinging

[V1] (Verse - 12 Bars)
Chords: | F . . . | F . . . | F . . . | F7 . . . |
| Bb . . . | Bb . . . | F . . . | D7 . . . |
| Gm . . . | C7 . . . | F . . . | C7 . . . |
@guitar | f1-a1-c2 . . . | f1-a1-c2 . . . | f1-a1-c2 . . . | f1-a1-eb2 . . . | vel: 50
@guitar | bb1-d2-f2 . . . | bb1-d2-f2 . . . | f1-a1-c2 . . . | d1-f#1-a1 . . . | vel: 55
@guitar | g1-bb1-d2 . . . | c2-e2-g2 . . . | f1-a1-c2 . . . | c2-e2-g2 . . . | vel: 55

[V2] (Verse - 12 Bars)
Chords: | F . . . | F . . . | F . . . | F7 . . . |
| Bb . . . | Bb . . . | F . . . | D7 . . . |
| Gm . . . | C7 . . . | F . . . | C7 . . . |
@guitar | f1-a1-c2 . . . | f1-a1-c2 . . . | f1-a1-c2 . . . | f1-a1-eb2 . . . | vel: 50
@guitar | bb1-d2-f2 . . . | bb1-d2-f2 . . . | f1-a1-c2 . . . | d1-f#1-a1 . . . | vel: 55
@guitar | g1-bb1-d2 . . . | c2-e2-g2 . . . | f1-a1-c2 . . . | c2-e2-g2 . . . | vel: 55

[BR] (Bridge - 8 Bars)
Chords: | Bb . . . | Bb . . . | F . . . | F . . . |
| Gm . . . | C7 . . . | F . . . | C7 . . . |
@guitar | bb1-d2-f2 . . . | bb1-d2-f2 . . . | f1-a1-c2 . . . | f1-a1-c2 . . . | vel: 50
@guitar | g1-bb1-d2 . . . | c2-e2-g2 . . . | f1-a1-c2 . . . | c2-e2-g2 . . . | vel: 55

[V3] (Verse - 12 Bars)
Chords: | F . . . | F . . . | F . . . | F7 . . . |
|
