**TRACK: I'm a Steady Rollin' Man**
[MetaData]
key: E | tempo: 100 | subdivision: 8th
time: 4/4 | mood: Driving

[V1] (Verse - 12 Bars)
Chords: | E . . . | E . . . | A . . . | E . . . | E . . . | E . . . | A . . . | E . . . | B7 . . . | A . . . | E . . . | B7 . . . |
@guitar | e2-g#2-b2 . . . | e2-g#2-b2 . . . | a1-c#2-e2 . . . | e2-g#2-b2 . . . | e2-g#2-b2 . . . | e2-g#2-b2 . . . | a1-c#2-e2 . . . | e2-g#2-b2 . . . | b1-d#2-f#2 . . . | a1-c#2-e2 . . . | e2-g#2-b2 . . . | b1-d#2-f#2 . . . | vel: 55

[V2] (Verse - 12 Bars)
Chords: | E . . . | E . . . | A . . . | E . . . | E . . . | E . . . | A . . . | E . . . | B7 . . . | A . . . | E . . . | B7 . . . |
@guitar | e2-g#2-b2 . . . | e2-g#2-b2 . . . | a1-c#2-e2 . . . | e2-g#2-b2 . . . | e2-g#2-b2 . . . | e2-g#2-b2 . . . | a1-c#2-e2 . . . | e2-g#2-b2 . . . | b1-d#2-f#2 . . . | a1-c#2-e2 . . . | e2-g#2-b2 . . . | b1-d#2-f#2 . . . | vel: 55

[BR] (Bridge - 8 Bars)
Chords: | A . . . | A . . . | E . . . | E . . . | B7 . . . | B7 . . . | E . . . | B7 . . . |
@guitar | a1-c#2-e2 . . . | a1-c#2-e2 . . . | e2-g#2-b2 . . . | e2-g#2-b2 . . . | b1-d#2-f#2 . . . | b1-d#2-f#2 . . . | e2-g#2-b2 . . . | b1-d#2-f#2 . . . | vel: 60

[V3] (Verse - 12 Bars)
Chords: | E . . . | E . . . | A . . . | E . . . | E . . . | E . . . | A . . . | E . . . | B7 . .
