**TRACK: Little Queen of Spades**
[MetaData]
key: E | tempo: 96 | subdivision: 8th
time: 4/4 | mood: Driving

[V1] (Verse - 12 Bars)
Chords: | E7 . . . | E7 . . . | A7 . . . | E7 . . . | B7 . . . | A7 . . . | E7 . . . | B7 . . . |
@guitar | e2-g#2-b2-e3 . . . | e2-g#2-b2-e3 . . . | a2-c#3-e3-a3 . . . | e2-g#2-b2-e3 . . . | b2-d#3-f#3-b3 . . . | a2-c#3-e3-a3 . . . | e2-g#2-b2-e3 . . . | b2-d#3-f#3-b3 . . . | vel: 55

[V2] (Verse - 12 Bars)
Chords: | E7 . . . | E7 . . . | A7 . . . | E7 . . . | B7 . . . | A7 . . . | E7 . . . | B7 . . . |
@guitar | e2-g#2-b2-e3 . . . | e2-g#2-b2-e3 . . . | a2-c#3-e3-a3 . . . | e2-g#2-b2-e3 . . . | b2-d#3-f#3-b3 . . . | a2-c#3-e3-a3 . . . | e2-g#2-b2-e3 . . . | b2-d#3-f#3-b3 . . . | vel: 58

[BR] (Bridge - 4 Bars)
Chords: | A7 . . . | E7 . . . | B7 . . . | E7 . . . |
@guitar | a2-c#3-e3-a3 . . . | e2-g#2-b2-e3 . . . | b2-d#3-f#3-b3 . . . | e2-g#2-b2-e3 . . . | vel: 62

[V3] (Verse - 12 Bars)
Chords: | E7 . . . | E7 . . . | A7 . . . | E7 . . . | B7 . . . | A7 . . . | E7 . . . | B7 . . . |
@guitar | e2-g#2-b2-e3 . . . | e2-g#2-b2-e3 . . . | a2-c#3-e3-a3 . . . | e2-g#2-b2-e3 . . . | b2-d#3-f#3-b3 . . . | a2-c#3-e3-a3 . . . | e2-g#2-b2-e3 . . . | b2-d#3-f#3-b3 . . . | vel: 60
