**TRACK: Mannish Boy**
[MetaData]
key: A | tempo: 110 | subdivision: 8th
time: 4/4 | mood: Swaggering

[V1] (Verse - 12 Bars)
Chords: | A . . . | A . . . | A . . . | A . . . | D . . . | D . . . | A . . . | A . . . | E . . . | D . . . | A . . . | E . . . |
@guitar | a2-e3-a3 . . . | a2-e3-a3 . . . | a2-e3-a3 . . . | a2-e3-a3 . . . | d3-a3-d4 . . . | d3-a3-d4 . . . | a2-e3-a3 . . . | a2-e3-a3 . . . | e3-b3-e4 . . . | d3-a3-d4 . . . | a2-e3-a3 . . . | e3-b3-e4 . . . | vel: 65

[V2] (Verse - 12 Bars)
Chords: | A . . . | A . . . | A . . . | A . . . | D . . . | D . . . | A . . . | A . . . | E . . . | D . . . | A . . . | E . . . |
@guitar | a2-e3-a3 . . . | a2-e3-a3 . . . | a2-e3-a3 . . . | a2-e3-a3 . . . | d3-a3-d4 . . . | d3-a3-d4 . . . | a2-e3-a3 . . . | a2-e3-a3 . . . | e3-b3-e4 . . . | d3-a3-d4 . . . | a2-e3-a3 . . . | e3-b3-e4 . . . | vel: 65

[BR] (Bridge - 4 Bars)
Chords: | D . . . | E . . . | D . . . | E . . . |
@guitar | d3-f#3-a3 . . . | e3-g#3-b3 . . . | d3-f#3-a3 . . . | e3-g#3-b3 . . . | vel: 70

[V3] (Verse - 12 Bars)
Chords: | A . . . | A . . . | A . . . | A . . . | D . . . | D . . . | A . . . | A . . . | E . . . | D . . . | A . . . | E . . . |
@guitar | a2-e3-a3 . . . | a2-e3-a3 . . . | a2-e3-a3 . . . | a2-e3-a3 . . . | d3-a3-d4 . . . | d3-a3-d4 . . . | a2-e3-a3 . . . | a2-e3-a3 . . . | e3-b3-e4
