**TRACK: Midnight Hour Blues**
[MetaData]
key: C | tempo: 72 | subdivision: 8th
time: 4/4 | mood: Blues

[V1] (Verse - 8 Bars)
Chords: | C . . . | C7 . . . | F . . . | F . . . | C . . . | C . . . | G7 . . . | G7 . . . |
@guitar | c3-e3-g3 . . . | c3-e3-bb3 . . . | f2-a2-c3 . . . | f2-a2-c3 . . . | c3-e3-g3 . . . | c3-e3-g3 . . . | g2-b2-f3 . . . | g2-b2-f3 . . . | vel: 55

[V2] (Verse - 8 Bars)
Chords: | C . . . | C7 . . . | F . . . | F . . . | C . . . | C . . . | G7 . . . | C . . . |
@guitar | c3-e3-g3 . . . | c3-e3-bb3 . . . | f2-a2-c3 . . . | f2-a2-c3 . . . | c3-e3-g3 . . . | c3-e3-g3 . . . | g2-b2-f3 . . . | c3-e3-g3 . . . | vel: 55

[BR] (Bridge - 4 Bars)
Chords: | F . . . | F . . . | G7 . . . | G7 . . . |
@guitar | f2-a2-c3 . . . | f2-a2-c3 . . . | g2-b2-f3 . . . | g2-b2-f3 . . . | vel: 60

[V3] (Verse - 8 Bars)
Chords: | C . . . | C7 . . . | F . . . | F . . . | C . . . | C . . . | G7 . . . | C . . . |
@guitar | c3-e3-g3 . . . | c3-e3-bb3 . . . | f2-a2-c3 . . . | f2-a2-c3 . . . | c3-e3-g3 . . . | c3-e3-g3 . . . | g2-b2-f3 . . . | c3-e3-g3 . . . | vel: 55
