**TRACK: Night Time Is the Right Time**
[MetaData]
key: Eb | tempo: 132 | subdivision: 8th
time: 4/4 | mood: Driving

[V1] (Verse - 8 Bars)
Chords: | Eb . . . | Eb . . . | Ab . . . | Ab . . . | Eb . . . | Eb . . . | Bb7 . . . | Bb7 . . . |
@guitar | eb3-g3-bb3 . . . | eb3-g3-bb3 . . . | ab2-c3-eb3 . . . | ab2-c3-eb3 . . . | eb3-g3-bb3 . . . | eb3-g3-bb3 . . . | bb2-d3-f3 . . . | bb2-d3-f3 . . . | vel: 55

[CH] (Chorus - 8 Bars)
Chords: | Eb . . . | Eb . . . | Ab . . . | Ab . . . | Eb . . . | C7 . . . | F7 . . . | Bb7 . . . |
@guitar | eb3-g3-bb3 . . . | eb3-g3-bb3 . . . | ab2-c3-eb3 . . . | ab2-c3-eb3 . . . | eb3-g3-bb3 . . . | c3-e3-bb3 . . . | f2-a2-eb3 . . . | bb2-d3-f3 . . . | vel: 60

[BR] (Bridge - 4 Bars)
Chords: | Ab . . . | Ab . . . | Bb7 . . . | Bb7 . . . |
@guitar | ab2-c3-eb3 . . . | ab2-c3-eb3 . . . | bb2-d3-f3 . . . | bb2-d3-f3 . . . | vel: 58

[V2] (Verse - 8 Bars)
Chords: | Eb . . . | Eb . . . | Ab . . . | Ab . . . | Eb . . . | Ab . . . | Bb7 . . . | Eb . . . |
@guitar | eb3-g3-bb3 . . . | eb3-g3-bb3 . . . | ab2-c3-eb3 . . . | ab2-c3-eb3 . . . | eb3-g3-bb3 . . . | ab2-c3-eb3 . . . | bb2-d3-f3 . . . | eb3-g3-bb3 . . . | vel: 55

[OUT] (Outro - 4 Bars)
Chords: | Eb . . . | Ab . . . | Eb . . . | Bb7 Eb . . . |
@guitar | eb3-g3-bb3 . . . | ab2-c3-eb3 . . . | eb3-g3-bb3 . . . | bb2-d3-f3 eb3-g3-bb3 . . . | vel: 50
