**TRACK: Ramblin' on My Mind (Alternate)**
[MetaData]
key: E | tempo: 100 | subdivision: 8th
time: 4/4 | mood: Driving

[V1] (Verse - 12 Bars)
Chords: | E . . . | E . . . | A . . . | A . . . | E . . . | E . . . | B7 . . . | B7 . . . | E . . . | E . . . | A . . . | B7 . . . |
@guitar | e2-g#2-b2 . . . | e2-g#2-b2 . . . | a2-c#3-e3 . . . | a2-c#3-e3 . . . | e2-g#2-b2 . . . | e2-g#2-b2 . . . | b1-d#2-f#2 . . . | b1-d#2-f#2 . . . | e2-g#2-b2 . . . | e2-g#2-b2 . . . | a2-c#3-e3 . . . | b1-d#2-f#2 . . . | vel: 55

[V2] (Verse - 12 Bars)
Chords: | E . . . | E . . . | A . . . | A . . . | E . . . | E . . . | B7 . . . | B7 . . . | E . . . | E . . . | A . . . | B7 . . . |
@guitar | e2-g#2-b2 . . . | e2-g#2-b2 . . . | a2-c#3-e3 . . . | a2-c#3-e3 . . . | e2-g#2-b2 . . . | e2-g#2-b2 . . . | b1-d#2-f#2 . . . | b1-d#2-f#2 . . . | e2-g#2-b2 . . . | e2-g#2-b2 . . . | a2-c#3-e3 . . . | b1-d#2-f#2 . . . | vel: 55

[BR] (Bridge - 4 Bars)
Chords: | A . . . | B7 . . . | E . . . | E . . . |
@guitar | a2-c#3-e3 . . . | b1-d#2-f#2 . . . | e2-g#2-b2 . . . | e2-g#2-b2 . . . | vel: 60

[V3] (Verse - 12 Bars)
Chords: | E . . . | E . . . | A . . . | A . . . | E . . . | E . . . | B7 . . . | B7 . . . | E . . . | E . . . | A . . . | B7 . . . |
@guitar | e2-g#2-b2 . . . | e2-g#2-b2 . . . | a2-c#3-e3 . . . | a2-c#3-e3
