**TRACK: The Blues Had a Baby and They Named It Rock and Roll**
[MetaData]
key: E | tempo: 138 | subdivision: 8th
time: 4/4 | mood: Driving

[V1] (Verse - 12 Bars)
Chords: | E . . . | E . . . | E . . . | E . . . | A . . . | A . . . | E . . . | E . . . | B . . . | A . . . | E . . . | B . . . |
@guitar | e2-b2-e3 . . . | e2-b2-e3 . . . | e2-b2-e3 . . . | e2-b2-e3 . . . | a2-e3-a3 . . . | a2-e3-a3 . . . | e2-b2-e3 . . . | e2-b2-e3 . . . | b2-f#3-b3 . . . | a2-e3-a3 . . . | e2-b2-e3 . . . | b2-f#3-b3 . . . | vel: 65

[V2] (Verse - 12 Bars)
Chords: | E . . . | E . . . | E . . . | E . . . | A . . . | A . . . | E . . . | E . . . | B . . . | A . . . | E . . . | B . . . |
@guitar | e2-b2-e3 . . . | e2-b2-e3 . . . | e2-b2-e3 . . . | e2-b2-e3 . . . | a2-e3-a3 . . . | a2-e3-a3 . . . | e2-b2-e3 . . . | e2-b2-e3 . . . | b2-f#3-b3 . . . | a2-e3-a3 . . . | e2-b2-e3 . . . | b2-f#3-b3 . . . | vel: 65

[CH] (Chorus - 8 Bars)
Chords: | A . . . | A . . . | E . . . | E . . . | B . . . | A . . . | E . . . | B . . . |
@guitar | a2-e3-a3 . . . | a2-e3-a3 . . . | e2-b2-e3 . . . | e2-b2-e3 . . . | b2-f#3-b3 . . . | a2-e3-a3 . . . | e2-b2-e3 . . . | b2-f#3-b3 . . . | vel: 70

[BR] (Bridge - 4 Bars)
Chords: | B . . . | A . . . | E . . . | B . . . |
@guitar | b2-f#3-b3 . . . | a2-e3-a3 . . . | e2-b2-e3 . . . | b2-f#3-b3 . . . | vel: 60
