**TRACK: Baba O’Riley**
[MetaData]
key: F | tempo: 130 | subdivision: 8th
time: 4/4 | mood: Anthemic

[INTRO] (Intro - 4 Bars)
Chords: | F . . . | F . . . | F . . . | F . . . |
@guitar | f2-a2-c3 . . . | f2-a2-c3 . . . | f2-a2-c3 . . . | f2-a2-c3 . . . | vel: 60

[V1] (Verse - 4 Bars)
Chords: | F . . . | C . . . | Dm . . . | Bb . . . |
@guitar | f2-a2-c3 . . . | c3-e3-g3 . . . | d3-f3-a3 . . . | bb2-d3-f3 . . . | vel: 55

[V2] (Verse - 4 Bars)
Chords: | F . . . | C . . . | Dm . . . | Bb . . . |
@guitar | f2-a2-c3 . . . | c3-e3-g3 . . . | d3-f3-a3 . . . | bb2-d3-f3 . . . | vel: 55

[CH] (Chorus - 4 Bars)
Chords: | Bb . . . | F . . . | C . . . | C . . . |
@guitar | bb2-d3-f3 . . . | f2-a2-c3 . . . | c3-e3-g3 . . . | c3-e3-g3 . . . | vel: 65

[BR] (Bridge - 4 Bars)
Chords: | Dm . . . | Bb . . . | F . . . | C . . . |
@guitar | d3-f3-a3 . . . | bb2-d3-f3 . . . | f2-a2-c3 . . . | c3-e3-g3 . . . | vel: 60

[OUT] (Outro - 4 Bars)
Chords: | F . . . | F . . . | F . . . | F . . . |
@guitar | f2-a2-c3 . . . | f2-a2-c3 . . . | f2-a2-c3 . . . | f2-a2-c3 . . . | vel: 50
