**TRACK: Comfortably Numb**
[MetaData]  
key: Bm | tempo: 64 | subdivision: 8th  
time: 4/4 | mood: Spacious  

[V1] (Verse - 8 Bars)  
Chords: | Bm . . . | A . . . | G . . . | D . . . | Bm . . . | A . . . | G . . . | F# . . . |  
@guitar | b2-d3-f#3 . . . | a2-c#3-e3 . . . | g2-b2-d3 . . . | d3-f#3-a3 . . . | b2-d3-f#3 . . . | a2-c#3-e3 . . . | g2-b2-d3 . . . | f#2-a#2-c#3 . . . | vel: 50  

[V2] (Verse - 8 Bars)  
Chords: | Bm . . . | A . . . | G . . . | D . . . | Bm . . . | A . . . | G . . . | F# . . . |  
@guitar | b2-d3-f#3 . . . | a2-c#3-e3 . . . | g2-b2-d3 . . . | d3-f#3-a3 . . . | b2-d3-f#3 . . . | a2-c#3-e3 . . . | g2-b2-d3 . . . | f#2-a#2-c#3 . . . | vel: 50  

[CH] (Chorus - 8 Bars)  
Chords: | D . . . | A . . . | G . . . | D . . . | D . . . | A . . . | G . . . | A . . . |  
@guitar | d3-f#3-a3 . . . | a2-c#3-e3 . . . | g2-b2-d3 . . . | d3-f#3-a3 . . . | d3-f#3-a3 . . . | a2-c#3-e3 . . . | g2-b2-d3 . . . | a2-c#3-e3 . . . | vel: 65  

[BR] (Bridge - 4 Bars)  
Chords: | Em . . . | G . . . | D . . . | A . . . |  
@guitar | e2-g2-b2 . . . | g2-b2-d3 . . . | d3-f#3-a3 . . . | a2-c#3-e3 . . . | vel: 55  

[OUT] (Outro - 4 Bars)  
Chords: | Bm . . . | A . . . | G . . . | F# . . . |  
@guitar | b2-d3-f#3 . . . | a2-c#3-e3 . . . | g2-b2-d3 . . . | f#2-a#2-c#3 . . . | vel: 45
