**TRACK: Runnin' with the Devil**
[MetaData]
key: A | tempo: 92 | subdivision: 8th
time: 4/4 | mood: Driving, Swagger

[V1] (Verse - 8 Bars)
Chords: | A . . . | A . . . | G . . . | D . . . | A . . . | A . . . | G . . . | D . . . |
@guitar | a2-e3-a3 . . . | a2-e3-a3 . . . | g2-d3-g3 . . . | d2-a2-d3 . . . | a2-e3-a3 . . . | a2-e3-a3 . . . | g2-d3-g3 . . . | d2-a2-d3 . . . | vel: 60

[V2] (Verse variation - 8 Bars)
Chords: | A . . . | A . . . | G . . . | D . . . | A . . . | A . . . | G . . . | E . . . |
@guitar | a2-e3-a3 . . . | a2-e3-a3 . . . | g2-d3-g3 . . . | d2-a2-d3 . . . | a2-e3-a3 . . . | a2-e3-a3 . . . | g2-d3-g3 . . . | e2-b2-e3 . . . | vel: 60

[CH] (Chorus - 4 Bars)
Chords: | A . . . | A . . . | G . . . | D . . . |
@guitar | a2-e3-a3 . . . | a2-e3-a3 . . . | g2-d3-g3 . . . | d2-a2-d3 . . . | vel: 70

[BR] (Bridge / Solo - 8 Bars)
Chords: | A . . . | A . . . | G . . . | D . . . | A . . . | A . . . | G . . . | E . . . |
@guitar | a2-e3-a3 . . . | a2-e3-a3 . . . | g2-d3-g3 . . . | d2-a2-d3 . . . | a2-e3-a3 . . . | a2-e3-a3 . . . | g2-d3-g3 . . . | e2-b2-e3 . . . | vel: 65

[OUT] (Outro - 4 Bars)
Chords: | A . . . | A . . . | A . . . | A . . . |
@guitar | a2-e3-a3 . . . | a2-e3-a3 . . . | a2-e3-a3 . . . | a2-e3-a3 . . . | vel: 55
