**TRACK: Since I’ve Been Loving You**
[MetaData]
key: Am | tempo: 72 | subdivision: 8th
time: 4/4 | mood: Bluesy, heavy

[V1] (Verse - 12 Bars)
Chords: | Am . . . | Am . . . | G . . . | Am . . . | Am . . . | Am . . . | F . . . | G . . . | Am . . . | Am . . . | Dm . . . | E . . . |
@guitar | a2-e3-a3 . . . | a2-e3-a3 . . . | g2-b2-d3 . . . | a2-e3-a3 . . . | a2-e3-a3 . . . | a2-e3-a3 . . . | f2-a2-c3 . . . | g2-b2-d3 . . . | a2-e3-a3 . . . | a2-e3-a3 . . . | d2-f2-a2 . . . | e2-g#2-b2 . . . | vel: 50

[V2] (Verse - 12 Bars)
Chords: | Am . . . | Am . . . | G . . . | Am . . . | Am . . . | Am . . . | F . . . | G . . . | Am . . . | Am . . . | Dm . . . | E . . . |
@guitar | a2-e3-a3 . . . | a2-e3-a3 . . . | g2-b2-d3 . . . | a2-e3-a3 . . . | a2-e3-a3 . . . | a2-e3-a3 . . . | f2-a2-c3 . . . | g2-b2-d3 . . . | a2-e3-a3 . . . | a2-e3-a3 . . . | d2-f2-a2 . . . | e2-g#2-b2 . . . | vel: 55

[BR] (Bridge - 8 Bars)
Chords: | C . . . | G . . . | Am . . . | G . . . | F . . . | C . . . | Dm . . . | E . . . |
@guitar | c3-e3-g3 . . . | g2-b2-d3 . . . | a2-e3-a3 . . . | g2-b2-d3 . . . | f2-a2-c3 . . . | c3-e3-g3 . . . | d2-f2-a2 . . . | e2-g#2-b2 . . . | vel: 60

[V3] (Verse - 12 Bars)
Chords: | Am . . . | Am . . . | G . . . | Am . . . | Am . . . | Am . . . | F . . . | G . . . | Am . . . | Am . . . | Dm . . . | E . . . |
@guitar | a2-e3-a3 . . . | a2-e3-a3 . .
