**TRACK: Stand By Me**
[MetaData]
key: A | tempo: 60 | swing: 0% | subdivision: 8th

[Intro]
Chords: | A . A . | F#m . F#m . | D . D . | E . E . |
Melody: | A3 . A3 . | A3 . A3 . | D4 . D4 . | E4 . E4 . |
@piano | A2 . A2 . | F#2 . F#2 . | D3 . D3 . | E2 . E2 . | vel: 60

[V1]
Chords: | A . A . | F#m . F#m . | D . D . | E . E . |
Melody: | A3 . A3 . | C#4 . C#4 . | D4 . D4 . | E4 . E4 . |
Lyrics: | When the . night | has come . and the | land is . dark | and the moon . is the |
@piano | A2 . A2 . | F#2 . F#2 . | D3 . D3 . | E2 . E2 . | vel: 60

[V1b]
Chords: | A . A . | F#m . F#m . | D . D . | E . E . |
Melody: | A3 . A3 . | C#4 . C#4 . | D4 . D4 . | E4 . E4 . |
Lyrics: | on - ly . light | we'll see . no I | won't . be a - | fraid . no I |
@piano | A2 . A2 . | F#2 . F#2 . | D3 . D3 . | E2 . E2 . | vel: 60

[C]
Chords: | A . A . | F#m . F#m . | D . D . | E . E . |
Melody: | A4 . A4 . | C#5 . C#5 . | D5 . D5 . | E5 . E5 . |
Lyrics: | Stand by . me | oh . stand by | me . oh | stand . by me |
@guitar | A2 . A2 . | F#2 . F#2 . | D3 . D3 . | E2 . E2 . | vel: 70
