**TRACK: Über sieben Brücken musst du gehn**
[MetaData]
key: Am | tempo: 84 | subdivision: 8th
time: 4/4 | mood: Driving

[V1] (Verse - 8 Bars)
Chords: | Am . . . | G . . . | F . . . | E . . . |
       | Am . . . | G . . . | F . . . | E . . . |
@guitar | a2-e3-a3 . . . | g2-b2-d3 . . . | f2-a2-c3 . . . | e2-g#2-b2 . . . | vel: 50
@guitar | a2-e3-a3 . . . | g2-b2-d3 . . . | f2-a2-c3 . . . | e2-g#2-b2 . . . | vel: 50

[CH] (Chorus - 8 Bars)
Chords: | C . . . | G . . . | Am . . . | F . . . |
       | C . . . | G . . . | F . . . | E . . . |
@guitar | c3-e3-g3 . . . | g2-b2-d3 . . . | a2-e3-a3 . . . | f2-a2-c3 . . . | vel: 60
@guitar | c3-e3-g3 . . . | g2-b2-d3 . . . | f2-a2-c3 . . . | e2-g#2-b2 . . . | vel: 60

[V2] (Verse - 8 Bars)
Chords: | Am . . . | G . . . | F . . . | E . . . |
       | Am . . . | G . . . | F . . . | E . . . |
@guitar | a2-e3-a3 . . . | g2-b2-d3 . . . | f2-a2-c3 . . . | e2-g#2-b2 . . . | vel: 50
@guitar | a2-e3-a3 . . . | g2-b2-d3 . . . | f2-a2-c3 . . . | e2-g#2-b2 . . . | vel: 50

[BR] (Bridge - 4 Bars)
Chords: | Dm . . . | Am . . . | Dm . . . | E . . . |
@guitar | d2-f2-a2 . . . | a2-e3-a3 . . . | d2-f2-a2 . . . | e2-g#2-b2 . . . | vel: 55

[CH] (Chorus - 8 Bars)
Chords: | C . . . | G . . . | Am . . . | F . . . |
       | C . . . | G . . . | F . . . | E . . . |
@guitar | c3-e3-g3 . . . | g2-b2-d3 . . . | a2-e3-a3 . . . | f2-a2-c3 . .
