**TRACK: Geh’n wir zu’r Nachbarin**
[MetaData]
key: G | tempo: 120 | subdivision: 8th
time: 3/4 | mood: Lively

[V1] (Verse - 8 Bars)
Chords: | G . . | D . . | G . . | D . . | G . . | C . . | D . . | D . . |
@guitar | g3-b3-d4 . . | d3-f#3-a3 . . | g3-b3-d4 . . | d3-f#3-a3 . . | g3-b3-d4 . . | c3-e3-g3 . . | d3-f#3-a3 . . | d3-f#3-a3 . . | vel: 55

[V2] (Verse - 8 Bars)
Chords: | G . . | D . . | G . . | D . . | G . . | C . . | G . . | D . . |
@guitar | g3-b3-d4 . . | d3-f#3-a3 . . | g3-b3-d4 . . | d3-f#3-a3 . . | g3-b3-d4 . . | c3-e3-g3 . . | g3-b3-d4 . . | d3-f#3-a3 . . | vel: 55

[CH] (Chorus - 8 Bars)
Chords: | C . . | G . . | C . . | G . . | C . . | G . . | D . . | D . . |
@guitar | c3-e3-g3 . . | g3-b3-d4 . . | c3-e3-g3 . . | g3-b3-d4 . . | c3-e3-g3 . . | g3-b3-d4 . . | d3-f#3-a3 . . | d3-f#3-a3 . . | vel: 60

[BR] (Bridge - 4 Bars)
Chords: | Em . . | Am . . | D . . | D . . |
@guitar | e3-g3-b3 . . | a2-c3-e3 . . | d3-f#3-a3 . . | d3-f#3-a3 . . | vel: 50

[V3] (Verse - 8 Bars)
Chords: | G . . | D . . | G . . | D . . | G . . | C . . | G . . | G . . |
@guitar | g3-b3-d4 . . | d3-f#3-a3 . . | g3-b3-d4 . . | d3-f#3-a3 . . | g3-b3-d4 . . | c3-e3-g3 . . | g3-b3-d4 . . | g3-b3-d4 . . | vel: 55
