**TRACK: Guten Tag**
[MetaData]
key: Am | tempo: 92 | subdivision: 8th
time: 4/4 | mood: Driving

[V1] (Verse - 8 Bars)
Chords: | Am . . . | F . . . | C . . . | G . . . |
@guitar | a2-e3-a3 . . . | f2-a2-c3 . . . | c3-e3-g3 . . . | g2-b2-d3 . . . | vel: 55
Chords: | Am . . . | F . . . | C . . . | G . . . |
@guitar | a2-e3-a3 . . . | f2-a2-c3 . . . | c3-e3-g3 . . . | g2-b2-d3 . . . | vel: 55

[V2] (Verse - 8 Bars)
Chords: | Am . . . | F . . . | C . . . | G . . . |
@guitar | a2-e3-a3 . . . | f2-a2-c3 . . . | c3-e3-g3 . . . | g2-b2-d3 . . . | vel: 58
Chords: | Am . . . | F . . . | C . . . | G . . . |
@guitar | a2-e3-a3 . . . | f2-a2-c3 . . . | c3-e3-g3 . . . | g2-b2-d3 . . . | vel: 58

[CH] (Chorus - 8 Bars)
Chords: | F . . . | G . . . | Am . . . | Am . . . |
@guitar | f2-a2-c3 . . . | g2-b2-d3 . . . | a2-e3-a3 . . . | a2-e3-a3 . . . | vel: 65
Chords: | F . . . | G . . . | C . . . | G . . . |
@guitar | f2-a2-c3 . . . | g2-b2-d3 . . . | c3-e3-g3 . . . | g2-b2-d3 . . . | vel: 65

[BR] (Bridge - 4 Bars)
Chords: | Dm . . . | Am . . . | F . . . | G . . . |
@guitar | d3-f3-a3 . . . | a2-e3-a3 . . . | f2-a2-c3 . . . | g2-b2-d3 . . . | vel: 60

[CH] (Chorus - 8 Bars)
Chords: | F . . . | G . . . | Am . . . | Am . . . |
@guitar | f2-a2-c3 . . . | g2-b2-d3 . . . | a2-e3-a3 . . . | a2-e3-a3 . . . | vel: 68
Chords: | F . . . | G . . . | C . . . | G . . .
