**TRACK: Herzbeben**
[MetaData]
key: C#m | tempo: 126 | subdivision: 16th
time: 4/4 | mood: Euphoric

[V1] (Verse - 8 Bars)
Chords: | C#m . . . | A . . . | E . . . | B . . . |
@guitar | c#3-e3-g#3 . . . | a2-c#3-e3 . . . | e2-g#2-b2 . . . | b2-d#3-f#3 . . . | vel: 50

[CH] (Chorus - 8 Bars)
Chords: | A . . . | E . . . | F#m . . . | C#m . . . |
@guitar | a2-c#3-e3 . . . | e2-g#2-b2 . . . | f#2-a2-c#3 . . . | c#3-e3-g#3 . . . | vel: 65
Chords: | A . . . | E . . . | B . . . | B . . . |
@guitar | a2-c#3-e3 . . . | e2-g#2-b2 . . . | b2-d#3-f#3 . . . | b2-d#3-f#3 . . . | vel: 65

[V2] (Verse - 8 Bars)
Chords: | C#m . . . | A . . . | E . . . | B . . . |
@guitar | c#3-e3-g#3 . . . | a2-c#3-e3 . . . | e2-g#2-b2 . . . | b2-d#3-f#3 . . . | vel: 50

[BR] (Bridge - 4 Bars)
Chords: | F#m . . . | G#m . . . | A . . . | G#m . . . |
@guitar | f#2-a2-c#3 . . . | g#2-b2-d#3 . . . | a2-c#3-e3 . . . | g#2-b2-d#3 . . . | vel: 55

[CH] (Chorus - 8 Bars)
Chords: | A . . . | E . . . | F#m . . . | C#m . . . |
@guitar | a2-c#3-e3 . . . | e2-g#2-b2 . . . | f#2-a2-c#3 . . . | c#3-e3-g#3 . . . | vel: 65
Chords: | A . . . | E . . . | B . . . | B . . . |
@guitar | a2-c#3-e3 . . . | e2-g#2-b2 . . . | b2-d#3-f#3 . . . | b2-d#3-f#3 . . . | vel: 65
