**TRACK: I sing a Liad für dich**
[MetaData]
key: C | tempo: 120 | subdivision: 8th
time: 4/4 | mood: Driving

[V1] (Verse - 8 Bars)
Chords: | C . . . | G . . . | Am . . . | F . . . | C . . . | G . . . | F . . . | G . . . |
@guitar | c3-e3-g3 . . . | g2-b2-d3 . . . | a2-c3-e3 . . . | f2-a2-c3 . . . | c3-e3-g3 . . . | g2-b2-d3 . . . | f2-a2-c3 . . . | g2-b2-d3 . . . | vel: 55

[CH] (Chorus - 8 Bars)
Chords: | C . . . | G . . . | Am . . . | F . . . | C . . . | G . . . | F . . . | C . . . |
@guitar | c3-e3-g3 . . . | g2-b2-d3 . . . | a2-c3-e3 . . . | f2-a2-c3 . . . | c3-e3-g3 . . . | g2-b2-d3 . . . | f2-a2-c3 . . . | c3-e3-g3 . . . | vel: 60

[V2] (Verse - 8 Bars)
Chords: | C . . . | G . . . | Am . . . | F . . . | C . . . | G . . . | F . . . | G . . . |
@guitar | c3-e3-g3 . . . | g2-b2-d3 . . . | a2-c3-e3 . . . | f2-a2-c3 . . . | c3-e3-g3 . . . | g2-b2-d3 . . . | f2-a2-c3 . . . | g2-b2-d3 . . . | vel: 55

[BR] (Bridge - 4 Bars)
Chords: | F . . . | G . . . | Am . . . | G . . . |
@guitar | f2-a2-c3 . . . | g2-b2-d3 . . . | a2-c3-e3 . . . | g2-b2-d3 . . . | vel: 50

[CH] (Chorus - 8 Bars)
Chords: | C . . . | G . . . | Am . . . | F . . . | C . . . | G . . . | F . . . | C . . . |
@guitar | c3-e3-g3 . . . | g2-b2-d3 . . . | a2-c3-e3 . . . | f2-a2-c3 . . . | c3-e3-g3 . . . | g2-b2-d3 . . . | f2-a2-c3 . . . | c3-e3-g3 . . . | vel: 60
