**TRACK: Seemann**
[MetaData]
key: Em | tempo: 68 | subdivision: 8th
time: 6/4 | mood: Melancholic

[V1] (Verse - 8 Bars)
Chords: | Em . . . . . | C . . . . . | G . . . . . | D . . . . . |
@guitar | e2-b2-e3 . . . . . | c3-e3-g3 . . . . . | g2-b2-d3 . . . . . | d2-a2-d3 . . . . . | vel: 50

[V2] (Verse - 8 Bars)
Chords: | Em . . . . . | C . . . . . | G . . . . . | D . . . . . | Em . . . . . | C . . . . . | G . . . . . | D . . . . . |
@guitar | e2-b2-e3 . . . . . | c3-e3-g3 . . . . . | g2-b2-d3 . . . . . | d2-a2-d3 . . . . . | e2-b2-e3 . . . . . | c3-e3-g3 . . . . . | g2-b2-d3 . . . . . | d2-a2-d3 . . . . . | vel: 50

[CH] (Chorus - 8 Bars)
Chords: | C . . . . . | D . . . . . | Em . . . . . | C . . . . . | G . . . . . | D . . . . . | Em . . . . . | B . . . . . |
@guitar | c3-e3-g3 . . . . . | d2-a2-d3 . . . . . | e2-b2-e3 . . . . . | c3-e3-g3 . . . . . | g2-b2-d3 . . . . . | d2-a2-d3 . . . . . | e2-b2-e3 . . . . . | b1-f#2-b2 . . . . . | vel: 60

[BR] (Bridge - 4 Bars)
Chords: | Am . . . . . | C . . . . . | G . . . . . | B . . . . . |
@guitar | a2-c3-e3 . . . . . | c3-e3-g3 . . . . . | g2-b2-d3 . . . . . | b1-d#2-f#2 . . . . . | vel: 45

[OUT] (Outro - 4 Bars)
Chords: | Em . . . . . | C . . . . . | G . . . . . | Em . . . . . |
@guitar | e2-b2-e3 . . . . . | c3-e3-g3 . . . . . | g2-b2-d3 . . . . . | e2-b2-e3 . . . . . | vel: 40
