**TRACK: Barbara Allen**
[MetaData]
key: Am | tempo: 90 | subdivision: 8th
time: 4/4 | mood: Gentle

[V1] (Verse - 4 Bars)
Chords: | Am . . . | F . . . | C . . . | G . . . |
Melody: | A3 . C4 . | F4 . E4 . | D4 . C4 . | B3 . A3 . |
Lyrics: | In Scar-let town, where I was born, | There was a fair maid dwellin' | Made ev-'ry youth cry well-a-way | Her name was Bar-b'ra Al-len |
@piano | a2-e3-a3 . . . | f2-a2-c3 . . . | c3-e3-g3 . . . | g2-b2-d3 . . . | vel: 50

[V2] (Verse - 4 Bars)
Chords: | Am . . . | F . . . | C . . . | G . . . |
Melody: | A3 . C4 . | F4 . E4 . | D4 . C4 . | B3 . A3 . |
Lyrics: | All in the mer-ry month of May | When green buds they were swell-in' | Young Jem-my Grove on his death-bed lay | For love of Bar-b'ra Al-len |
@piano | a2-e3-a3 . . . | f2-a2-c3 . . . | c3-e3-g3 . . . | g2-b2-d3 . . . | vel: 50

[CH] (Chorus - 4 Bars)
Chords: | C . . . | G . . . | Am . . . | E . . . |
Melody: | E4 . G4 . | B3 . D4 . | C4 . A3 . | G3 . E3 . |
Lyrics: | O moth-er, moth-er, make my bed | O make it soft and nar-row | Sweet Wil-liam died for me to-day | I'll die for him to-mor-row |
@piano | c3-e3-g3 . . . | g2-b2-d3 . . . | a2-e3-a3 . . . | e2-g#2-b2 . . . | vel: 55
