**TRACK: Joshua Fit the Battle of Jericho**
[MetaData]
key: Cm | tempo: 96 | subdivision: 8th
time: 4/4 | mood: Triumphant

[V1] (Verse - 4 Bars)
Chords: | Cm . . . | G . . . | Cm . . . | G . . . |
Melody: | C4 . Eb4 . | B3 . D4 . | C4 . Eb4 . | B3 . D4 . |
Lyrics: | Josh - ua fit the | bat - tle of Je - | ri - cho, Jer - | i - cho, Jer - |
@piano | c3-eb3-g3 . . . | g2-b2-d3 . . . | c3-eb3-g3 . . . | g2-b2-d3 . . . | vel: 60

[V2] (Verse - 4 Bars)
Chords: | Fm . . . | C . . . | Fm . . . | G . . . |
Melody: | F4 . Ab4 . | E4 . G4 . | F4 . Ab4 . | D4 . B3 . |
Lyrics: | i - cho, Josh - ua | fit the bat - tle of | Jer - i - cho, and the | walls come tum - blin' |
@piano | f3-ab3-c4 . . . | c3-e3-g3 . . . | f3-ab3-c4 . . . | g2-b2-d3 . . . | vel: 60

[CH] (Chorus - 4 Bars)
Chords: | Cm . . . | Ab . . . | Eb . . . | G . . . |
Melody: | C4 . Eb4 . G4 . | Ab4 . G4 . Eb4 . | Eb4 . C4 . B3 . | D4 . B3 . G3 . |
Lyrics: | down, down, down, | down, down, down, | down, down, | down, down, |
@piano | c3-eb3-g3 . . . | ab2-c3-eb3 . . . | eb3-g3-bb3 . . . | g2-b2-d3 . . . | vel: 65

[CH2] (Chorus - 4 Bars)
Chords: | Cm . . . | G . . . | Cm . . . | G . . . |
Melody: | C4 . C4 . Eb4 . | B3 . D4 . B3 . | C4 . Eb4 . G4 . | B3 . D4 . G3 . |
Lyrics: | Josh - ua fit the | bat - tle of Je - | ri - cho, and the | walls come tum - blin' |
@piano | c3-eb3-g3 . . . | g2-b2-d3 . . . | c3-eb3-g3 . . . | g2-b2-d3 . . . | vel: 65

[OUT] (Outro - 2 Bars)
Chords: | Cm . . . | Cm .
