**TRACK: Es klappert die Mühle am rauschenden Bach**
[MetaData]
key: C | tempo: 100 | subdivision: 8th
time: 3/4 | mood: Cheerful

[V1] (Verse - 4 Bars)
Chords: | C . . . | G . . . | C . . . | G . . . |
Melody: | C4 . E4 . G4 . | B3 . D4 . G3 . | C4 . E4 . G4 . | B3 . D4 . G3 . |
Lyrics: | Es klap-pert die Müh-le am rau-schen-den Bach, | klipp klapp, klipp klapp, klipp klapp, | Es klap-pert die Müh-le am rau-schen-den Bach, | klipp klapp, klipp klapp, klipp klapp. |
@piano | c3-e3-g3 . . . | g2-b2-d3 . . . | c3-e3-g3 . . . | g2-b2-d3 . . . | vel: 55

[CH] (Chorus - 4 Bars)
Chords: | F . . . | C . . . | G . . . | C . . . |
Melody: | A3 . C4 . F4 . | E4 . C4 . E4 . | D4 . B3 . D4 . | C4 . E4 . G4 . |
Lyrics: | Klipp klapp, klipp klapp, klipp klapp, | klipp klapp, klipp klapp, | klipp klapp, klipp klapp, | klipp klapp, klipp klapp. |
@piano | f2-a2-c3 . . . | c3-e3-g3 . . . | g2-b2-d3 . . . | c3-e3-g3 . . . | vel: 60

[V2] (Verse - 4 Bars)
Chords: | C . . . | G . . . | C . . . | G . . . |
Melody: | C4 . E4 . G4 . | B3 . D4 . G3 . | A3 . C4 . E4 . | D4 . B3 . G3 . |
Lyrics: | Der Mül-ler, der Mül-ler, der Mül-ler, | klipp klapp, klipp klapp, | er mahlt uns das Korn, er mahlt uns das Brot, | klipp klapp, klipp klapp. |
@piano | c3-e3-g3 . . . | g2-b2-d3 . . . | a2-c3-e3 . . . | g2-b2-d3 . . . | vel: 55
