**TRACK: O Tannenbaum, du trägst ein’ grünen Zweig**
[MetaData]
key: G | tempo: 90 | subdivision: 8th
time: 4/4 | mood: Gentle

[V1] (Verse - 4 Bars)
Chords: | G . . . | D . . . | G . . . | D . . . |
Melody: | G3 . B3 . | D4 . . . | G3 . B3 . | A3 . D4 . |
Lyrics: | O Tan - nen - | baum, du | trägst ein’ | grü - nen Zweig |
@piano | g2-b2-d3 . . . | d2-f#2-a2 . . . | g2-b2-d3 . . . | d2-f#2-a2 . . . | vel: 50

[V2] (Verse - 4 Bars)
Chords: | G . . . | D . . . | G . . . | D . . . |
Melody: | G3 . B3 . | D4 . . . | G3 . B3 . | A3 . D4 . |
Lyrics: | den Sommer und den | Winter - zeit, | O Tan - nen - | baum, du |
@piano | g2-b2-d3 . . . | d2-f#2-a2 . . . | g2-b2-d3 . . . | d2-f#2-a2 . . . | vel: 50

[CH] (Chorus - 4 Bars)
Chords: | C . . . | G . . . | C . . . | D . . . |
Melody: | E4 . G4 . | B3 . D4 . | E4 . G4 . | F#4 . D4 . |
Lyrics: | trägst ein’ grü - | nen Zweig, O | Tan - nen - baum, du | trägst ein’ |
@piano | c3-e3-g3 . . . | g2-b2-d3 . . . | c3-e3-g3 . . . | d2-f#2-a2 . . . | vel: 55

[V3] (Verse - 4 Bars)
Chords: | G . . . | D . . . | G . . . | D . . . |
Melody: | G3 . B3 . | D4 . . . | G3 . B3 . | A3 . D4 . |
Lyrics: | grü - nen Zweig im | Winter - zeit, | O Tan - nen - | baum, du |
@piano | g2-b2-d3 . . . | d2-f#2-a2 . . . | g2-b2-d3 . . . | d2-f#2-a2 . . . | vel: 50
