**TRACK: First Love**
[MetaData]
key: Cm | tempo: 86 | subdivision: 8th
time: 4/4 | mood: Ballad

[V1] (Verse - 8 Bars)
Chords: | Cm . . . | Ab . . . | Eb . . . | Bb . . . |
@guitar | c3-eb3-g3 . . . | ab2-c3-eb3 . . . | eb3-g3-bb3 . . . | bb2-d3-f3 . . . | vel: 45
| Cm . . . | Ab . . . | Eb . . . | Bb . . . |
@guitar | c3-eb3-g3 . . . | ab2-c3-eb3 . . . | eb3-g3-bb3 . . . | bb2-d3-f3 . . . | vel: 45

[CH] (Chorus - 8 Bars)
Chords: | Ab . . . | Eb . . . | Bb . . . | Cm . . . |
@guitar | ab2-c3-eb3 . . . | eb3-g3-bb3 . . . | bb2-d3-f3 . . . | c3-eb3-g3 . . . | vel: 60
| Ab . . . | Eb . . . | Bb . . . | Cm . . . |
@guitar | ab2-c3-eb3 . . . | eb3-g3-bb3 . . . | bb2-d3-f3 . . . | c3-eb3-g3 . . . | vel: 60

[BR] (Bridge - 4 Bars)
Chords: | Fm . . . | Ab . . . | Eb . . . | Bb . . . |
@guitar | f2-ab2-c3 . . . | ab2-c3-eb3 . . . | eb3-g3-bb3 . . . | bb2-d3-f3 . . . | vel: 50
| Fm . . . | Ab . . . | Eb . . . | Bb . . . |
@guitar | f2-ab2-c3 . . . | ab2-c3-eb3 . . . | eb3-g3-bb3 . . . | bb2-d3-f3 . . . | vel: 50

[OUT] (Outro - 4 Bars)
Chords: | Cm . . . | Ab . . . | Eb . . . | Bb . . . |
@guitar | c3-eb3-g3 . . . | ab2-c3-eb3 . . . | eb3-g3-bb3 . . . | bb2-d3-f3 . . . | vel: 40
