**TRACK: One Way Love**
[MetaData]
key: Am | tempo: 118 | subdivision: 8th
time: 4/4 | mood: Driving

[V1] (Verse - 8 Bars)
Chords: | Am . . . | Dm7 . . . | G7 . . . | Cmaj7 . . . | Fmaj7 . . . | Bm7b5 . . . | E7 . . . | E7 . . . |
@guitar | a2-e3-a3 . . . | d2-f3-a3 . . . | g1-b2-f3 . . . | c2-e3-g3 . . . | f2-a2-c3 . . . | b1-d3-f3 . . . | e2-g#2-b2 . . . | e2-g#2-b2 . . . | vel: 55

[V2] (Verse - 8 Bars)
Chords: | Am . . . | Dm7 . . . | G7 . . . | Cmaj7 . . . | Fmaj7 . . . | Bm7b5 . . . | E7 . . . | E7 . . . |
@guitar | a2-e3-a3 . . . | d2-f3-a3 . . . | g1-b2-f3 . . . | c2-e3-g3 . . . | f2-a2-c3 . . . | b1-d3-f3 . . . | e2-g#2-b2 . . . | e2-g#2-b2 . . . | vel: 55

[CH] (Chorus - 8 Bars)
Chords: | Fmaj7 . . . | G . . . | Cmaj7 . . . | Am . . . | Fmaj7 . . . | G . . . | E7 . . . | E7 . . . |
@guitar | f2-a2-c3 . . . | g2-b2-d3 . . . | c2-e3-g3 . . . | a2-e3-a3 . . . | f2-a2-c3 . . . | g2-b2-d3 . . . | e2-g#2-b2 . . . | e2-g#2-b2 . . . | vel: 60

[BR] (Bridge - 4 Bars)
Chords: | Dm7 . . . | G7 . . . | Cmaj7 . . . | E7 . . . |
@guitar | d2-f3-a3 . . . | g1-b2-f3 . . . | c2-e3-g3 . . . | e2-g#2-b2 . . . | vel: 58
