**TRACK: Utakata**
[MetaData]
key: F#m | tempo: 96 | subdivision: 8th
time: 4/4 | mood: Melancholic Drive

[V1] (Verse - 8 Bars)
Chords: | F#m . . . | D . . . | A . . . | E . . . |
@guitar | f#2-a2-c#3 . . . | d2-f#2-a2 . . . | a2-c#3-e3 . . . | e2-g#2-b2 . . . | vel: 50

[V2] (Verse 2 - 8 Bars)
Chords: | F#m . . . | D . . . | A . . . | E . . . |
@guitar | f#2-a2-c#3 . . . | d2-f#2-a2 . . . | a2-c#3-e3 . . . | e2-g#2-b2 . . . | vel: 52

[CH] (Chorus - 8 Bars)
Chords: | D . . . | A . . . | Bm . . . | F#m . . . |
@guitar | d2-f#2-a2 . . . | a2-c#3-e3 . . . | b2-d3-f#3 . . . | f#2-a2-c#3 . . . | vel: 62
Chords: | G . . . | D . . . | E . . . | E . . . |
@guitar | g2-b2-d3 . . . | d2-f#2-a2 . . . | e2-g#2-b2 . . . | e2-g#2-b2 . . . | vel: 60

[BR] (Bridge - 8 Bars)
Chords: | Bm . . . | F#m . . . | G . . . | D . . . |
@guitar | b2-d3-f#3 . . . | f#2-a2-c#3 . . . | g2-b2-d3 . . . | d2-f#2-a2 . . . | vel: 55
Chords: | Bm . . . | F#m . . . | E . . . | E . . . |
@guitar | b2-d3-f#3 . . . | f#2-a2-c#3 . . . | e2-g#2-b2 . . . | e2-g#2-b2 . . . | vel: 54

[OUT] (Outro - 4 Bars)
Chords: | F#m . . . | D . . . | A . . . | E . . . |
@guitar | f#2-a2-c#3 . . . | d2-f#2-a2 . . . | a2-c#3-e3 . . . | e2-g#2-b2 . . . | vel: 45
