**TRACK: Ebonics**
[MetaData]
key: Dm | tempo: 92 | subdivision: 8th
time: 4/4 | mood: Driving

[V1] (Verse - 8 Bars)
Chords: | Dm . . . | A# . . . | Dm . . . | A# . . . |
@guitar | d3-f3-a3 . . . | a#2-d3-f3 . . . | d3-f3-a3 . . . | a#2-d3-f3 . . . | vel: 55
Chords: | Dm . . . | A# . . . | C . . . | A . . . |
@guitar | d3-f3-a3 . . . | a#2-d3-f3 . . . | c3-e3-g3 . . . | a2-c#3-e3 . . . | vel: 55

[V2] (Verse - 8 Bars)
Chords: | Dm . . . | A# . . . | Dm . . . | A# . . . |
@guitar | d3-f3-a3 . . . | a#2-d3-f3 . . . | d3-f3-a3 . . . | a#2-d3-f3 . . . | vel: 55
Chords: | Dm . . . | A# . . . | C . . . | A . . . |
@guitar | d3-f3-a3 . . . | a#2-d3-f3 . . . | c3-e3-g3 . . . | a2-c#3-e3 . . . | vel: 55

[BR] (Bridge - 4 Bars)
Chords: | F . . . | G . . . | A# . . . | A . . . |
@guitar | f2-a2-c3 . . . | g2-b2-d3 . . . | a#2-d3-f3 . . . | a2-c#3-e3 . . . | vel: 50

[V3] (Verse - 8 Bars)
Chords: | Dm . . . | A# . . . | Dm . . . | A# . . . |
@guitar | d3-f3-a3 . . . | a#2-d3-f3 . . . | d3-f3-a3 . . . | a#2-d3-f3 . . . | vel: 55
Chords: | Dm . . . | A# . . . | C . . . | A . . . |
@guitar | d3-f3-a3 . . . | a#2-d3-f3 . . . | c3-e3-g3 . . . | a2-c#3-e3 . . . | vel: 55

[OUT] (Outro - 4 Bars)
Chords: | Dm . . . | A# . . . | C . . . | A . . . |
@guitar | d3-f3-a3 . . . | a#2-d3-f3 . . . | c3-e3-g3 . . . | a2
