**TRACK: Machine Gun Funk**
[MetaData]
key: Dm | tempo: 93 | subdivision: 8th
time: 4/4 | mood: Dark Groove

[V1] (Verse - 8 Bars)
Chords: | Dm . . . | Dm . . . | Dm . . . | Dm . . . | Dm . . . | Dm . . . | Dm . . . | Dm . . . |
@guitar | d3-f3-a3 . . . | d3-f3-a3 . . . | d3-f3-a3 . . . | d3-f3-a3 . . . | d3-f3-a3 . . . | d3-f3-a3 . . . | d3-f3-a3 . . . | d3-f3-a3 . . . | vel: 50

[V2] (Verse - 8 Bars)
Chords: | Dm . . . | Dm . . . | Dm . . . | Dm . . . | Dm . . . | Dm . . . | Dm . . . | Dm . . . |
@guitar | d3-f3-a3 . . . | d3-f3-a3 . . . | d3-f3-a3 . . . | d3-f3-a3 . . . | d3-f3-a3 . . . | d3-f3-a3 . . . | d3-f3-a3 . . . | d3-f3-a3 . . . | vel: 50

[B] (Bridge - 4 Bars)
Chords: | Dm . . . | Dm . . . | Bb . . . | A . . . |
@guitar | d3-f3-a3 . . . | d3-f3-a3 . . . | bb2-d3-f3 . . . | a2-c#3-e3 . . . | vel: 55

[V3] (Verse - 8 Bars)
Chords: | Dm . . . | Dm . . . | Dm . . . | Dm . . . | Dm . . . | Dm . . . | Dm . . . | Dm . . . |
@guitar | d3-f3-a3 . . . | d3-f3-a3 . . . | d3-f3-a3 . . . | d3-f3-a3 . . . | d3-f3-a3 . . . | d3-f3-a3 . . . | d3-f3-a3 . . . | d3-f3-a3 . . . | vel: 50

[OUT] (Outro - 4 Bars)
Chords: | Dm . . . | Dm . . . | Dm . . . | Dm . . . |
@guitar | d3-f3-a3 . . . | d3-f3-a3 . . . | d3-f3-a3 . . . | d3-f3-a3 . . . | vel: 45
