**TRACK: P.I.M.P.**
[MetaData]
key: Dm | tempo: 85 | subdivision: 16th
time: 4/4 | mood: Gritty

[V1] (Verse - 8 Bars)
Chords: | Dm . . . | Dm . . . | Bb . . . | Bb . . . | F . . . | F . . . | C . . . | C . . . |
@guitar | d3-f3-a3 . . . | d3-f3-a3 . . . | bb2-d3-f3 . . . | bb2-d3-f3 . . . | f2-a2-c3 . . . | f2-a2-c3 . . . | c3-e3-g3 . . . | c3-e3-g3 . . . | vel: 58

[CH] (Chorus - 8 Bars)
Chords: | Dm . . . | Dm . . . | Bb . . . | Bb . . . | F . . . | F . . . | C . . . | C . . . |
@guitar | d3-f3-a3 . . . | d3-f3-a3 . . . | bb2-d3-f3 . . . | bb2-d3-f3 . . . | f2-a2-c3 . . . | f2-a2-c3 . . . | c3-e3-g3 . . . | c3-e3-g3 . . . | vel: 65

[V2] (Verse - 8 Bars)
Chords: | Dm . . . | Dm . . . | Bb . . . | Bb . . . | F . . . | F . . . | C . . . | C . . . |
@guitar | d3-f3-a3 . . . | d3-f3-a3 . . . | bb2-d3-f3 . . . | bb2-d3-f3 . . . | f2-a2-c3 . . . | f2-a2-c3 . . . | c3-e3-g3 . . . | c3-e3-g3 . . . | vel: 58

[BR] (Bridge - 4 Bars)
Chords: | Bb . . . | C . . . | Dm . . . | Dm . . . |
@guitar | bb2-d3-f3 . . . | c3-e3-g3 . . . | d3-f3-a3 . . . | d3-f3-a3 . . . | vel: 52
