**TRACK: The Adventures of Grandmaster Flash on the Wheels of Steel**
[MetaData]
key: Bm | tempo: 92 | subdivision: 16th
time: 4/4 | mood: Hypnotic

[V1] (Intro/DJ Break - 8 Bars)
Chords: | Bm . . . | Bm . . . | Bm . . . | Bm . . . |
@guitar | b2-d3-f#3 . . . | b2-d3-f#3 . . . | b2-d3-f#3 . . . | b2-d3-f#3 . . . | vel: 45

[V2] (Main Groove - 8 Bars)
Chords: | Bm . . . | G . . . | A . . . | F#m . . . |
@guitar | b2-d3-f#3 . . . | g2-b2-d3 . . . | a2-c#3-e3 . . . | f#2-a2-c#3 . . . | vel: 60

[CH] (Chorus/Rhythm Change - 8 Bars)
Chords: | D . . . | A . . . | Bm . . . | G . . . |
@guitar | d3-f#3-a3 . . . | a2-c#3-e3 . . . | b2-d3-f#3 . . . | g2-b2-d3 . . . | vel: 65

[BR] (Bridge/Suspense - 4 Bars)
Chords: | Em . . . | F#m . . . | Bm . . . | Bm . . . |
@guitar | e2-g2-b2 . . . | f#2-a2-c#3 . . . | b2-d3-f#3 . . . | b2-d3-f#3 . . . | vel: 50

[V3] (Final Break - 4 Bars)
Chords: | Bm . . . | Bm . . . | Bm . . . | Bm . . . |
@guitar | b2-d3-f#3 . . . | b2-d3-f#3 . . . | b2-d3-f#3 . . . | b2-d3-f#3 . . . | vel: 45
