**TRACK: Clementine (Oh My Darling)**
[MetaData]
key: G | tempo: 100 | subdivision: 8th
time: 3/4 | mood: Gentle

[V1] (Verse - 4 Bars)
Chords: | G . . . | D7 . . . | G . . . | D7 . . . |
Melody: | B3 . D4 . | A3 . C#4 . | B3 . D4 . | A3 . C#4 . |
Lyrics: | In a | ca - vern, | in a | can - yon, |
Lyrics: | ex - ca - | vat - ing | for a | mine, |
Lyrics: | dwelt a | min - er, | for - ty | nin - er, |
Lyrics: | and his | daugh - ter | Cle - men - | tine. |
@piano | g2-b2-d3 . . . | d2-f#2-a2-c#3 . . . | g2-b2-d3 . . . | d2-f#2-a2-c#3 . . . | vel: 50

[CH] (Chorus - 4 Bars)
Chords: | G . . . | D7 . . . | G . . . | D7 . . . |
Melody: | D4 . D4 . | E4 . D4 . | B3 . D4 . | A3 . C#4 . |
Lyrics: | Oh my | dar - ling, | oh my | dar - ling, |
Lyrics: | oh my | dar - ling | Cle - men - | tine, |
Lyrics: | you are | lost and | gone for - | ev - er, |
Lyrics: | dread - ful | sor - ry | Cle - men - | tine. |
@piano | g2-b2-d3 . . . | d2-f#2-a2-c#3 . . . | g2-b2-d3 . . . | d2-f#2-a2-c#3 . . . | vel: 55
