**TRACK: Curly Locks**
[MetaData]
key: G | tempo: 90 | subdivision: 8th
time: 3/4 | mood: Gentle

[V1] (Verse - 4 Bars)
Chords: | G . . | D . . | G . . | D . . |
Melody: | B3 . D4 . | A3 . C4 . | B3 . D4 . | A3 . C4 . |
Lyrics: | Cur - ly locks, | Cur - ly locks, | wilt thou be | mine? Thou shalt |
@piano | g2-b2-d3 . . | d2-f#2-a2 . . | g2-b2-d3 . . | d2-f#2-a2 . . | vel: 50

[V2] (Verse - 4 Bars)
Chords: | G . . | C . . | G . . | D . . |
Melody: | B3 . D4 . | E4 . G4 . | D4 . B3 . | A3 . F#3 . |
Lyrics: | not wash dish - es | nor feed the | swine, but | sit on a |
@piano | g2-b2-d3 . . | c3-e3-g3 . . | g2-b2-d3 . . | d2-f#2-a2 . . | vel: 50

[CH] (Chorus - 4 Bars)
Chords: | G . . | D . . | G . . | D . . |
Melody: | D4 . B3 . | A3 . F#3 . | G3 . B3 . | D4 . . . |
Lyrics: | cush - ion and | sew a fine | seam, and | feed up - on |
@piano | g2-b2-d3 . . | d2-f#2-a2 . . | g2-b2-d3 . . | d2-f#2-a2 . . | vel: 55

[CH2] (Chorus - 4 Bars)
Chords: | G . . | C . . | G . . | D . . |
Melody: | E4 . D4 . | C4 . B3 . | A3 . G3 . | D4 . . . |
Lyrics: | straw - ber - ries, | sug - ar and | cream, | Cur - ly |
@piano | g2-b2-d3 . . | c3-e3-g3 . . | g2-b2-d3 . . | d2-f#2-a2 . . | vel: 55
