**TRACK: The Cat and the Fiddle**
[MetaData]
key: Am | tempo: 90 | subdivision: 8th
time: 4/4 | mood: Gentle

[V1] (Verse - 4 Bars)
Chords: | Am . . . | F . . . | Am . . . | E7 . . . |
Melody: | A3 . C4 . | F4 . . . | A3 . C4 . | B3 . . . |
Lyrics: | Hey did-dle did-dle, the cat and the fid-dle, the cow jumped o-ver the moon |
@piano | a2-e3-a3 . . . | f2-a2-c3 . . . | a2-e3-a3 . . . | e2-g#2-b2 . . . | vel: 50

[V2] (Verse - 4 Bars)
Chords: | F . . . | C . . . | Dm . . . | E7 . . . |
Melody: | F4 . A4 . | E4 . G4 . | D4 . F4 . | B3 . . . |
Lyrics: | The lit-tle dog laughed to see such sport, and the dish ran a-way with the spoon |
@piano | f2-a2-c3 . . . | c3-e3-g3 . . . | d2-f2-a2 . . . | e2-g#2-b2 . . . | vel: 50

[CH] (Chorus - 4 Bars)
Chords: | Am . . . | F . . . | C . . . | G . . . |
Melody: | A3 . C4 . | F4 . E4 . | E4 . G4 . | G4 . . . |
Lyrics: | Hey did-dle, hey did-dle, sing a-long, the cat and the fid-dle play |
@piano | a2-e3-a3 . . . | f2-a2-c3 . . . | c3-e3-g3 . . . | g2-b2-d3 . . . | vel: 55
