**TRACK: The Raggle Taggle Gypsies**
[MetaData]
key: Am | tempo: 96 | subdivision: 8th
time: 3/4 | mood: Wistful

[V1] (Verse - 4 Bars)
Chords: | Am . . . | G . . . | Am . . . | E7 . . . |
Melody: | A3 . C4 . | B3 . G3 . | A3 . C4 . | B3 . G#3 . |
Lyrics: | There . was . three | gyp - sies . a | come . to . my | door . and . |
@piano | a2-e3-a3 . . . | g2-b2-d3 . . . | a2-e3-a3 . . . | e2-g#2-b2 . . . | vel: 48

[V2] (Verse - 4 Bars)
Chords: | Am . . . | F . . . | C . . . | E7 . . . |
Melody: | A3 . C4 . | A3 . F3 . | G3 . E3 . | B3 . G#3 . |
Lyrics: | down - stairs . ran . this | fair . la - dy . | O . and . she | cried . and . |
@piano | a2-e3-a3 . . . | f2-a2-c3 . . . | c3-e3-g3 . . . | e2-g#2-b2 . . . | vel: 50

[CH] (Chorus - 4 Bars)
Chords: | Am . . . | G . . . | C . . . | E7 . . . |
Melody: | A3 . C4 . | B3 . G3 . | C4 . E4 . | B3 . G#3 . |
Lyrics: | Rag - gle . tag - gle | gyp - sies . O . | what . care . I . | for . my . |
@piano | a2-e3-a3 . . . | g2-b2-d3 . . . | c3-e3-g3 . . . | e2-g#2-b2 . . . | vel: 55

[V3] (Verse - 4 Bars)
Chords: | Am . . . | F . . . | C . . . | E7 . . . |
Melody: | A3 . C4 . | A3 . F3 . | G3 . E3 . | B3 . G#3 . |
Lyrics: | lord . and . his | rich . ap - par - | el . for . I've | found . my . |
@piano | a2-e3-a3 . . . | f2-a2-c3 . . . | c3-e3-g3 . . . | e2-g#2-b2 . . . | vel: 52

[CH] (Chorus - 4 Bars)
Chords: | Am . . . | G . . . | C . . . | E7 . . . |
Melody: | A3 . C4 . | B3 . G3 . | C4 . E4 . | B
