**TRACK: Nuri Taryeong**
[MetaData]
key: Am | tempo: 72 | subdivision: 8th
time: 4/4 | mood: Gentle, Flowing

[V1] (Verse - 4 Bars)
Chords: | Am . . . | F . . . | C . . . | G . . . |
Melody: | A3 . C4 E4 | F4 . E4 C4 | E4 . G4 C5 | B4 . A4 G4 |
Lyrics: | nur-i tta-ryeong | a-ri-rang seul-sseul | han-nae jang-an | no-ul-i jin-da |
@piano | a2-e3-a3 . . . | f2-a2-c3 . . . | c3-e3-g3 . . . | g2-b2-d3 . . . | vel: 45

[V2] (Verse - 4 Bars)
Chords: | Am . . . | F . . . | Dm . . . | E7 . . . |
Melody: | A3 . C4 E4 | F4 . A4 G4 | F4 . E4 D4 | E4 . D4 B3 |
Lyrics: | jeo san-i bo-ya | meol-li meol-li | geu-ri-un nim-a | eo-di ga-si-na |
@piano | a2-e3-a3 . . . | f2-a2-c3 . . . | d2-a2-d3 . . . | e2-g#2-b2 . . . | vel: 50

[CH] (Chorus - 4 Bars)
Chords: | Am . . . | F . . . | C . . . | G . . . |
Melody: | A4 . C5 A4 | F4 . A4 G4 | E4 . G4 C5 | B4 . A4 G4 |
Lyrics: | nur-i tta-ryeong | a-ri-rang seul-sseul | han-nae jang-an | no-ul-i jin-da |
@piano | a2-e3-a3 . . . | f2-a2-c3 . . . | c3-e3-g3 . . . | g2-b2-d3 . . . | vel: 55

[OUT] (Outro - 2 Bars)
Chords: | Am . . . | Am . . . |
Melody: | A3 . . . | A3 . . . |
Lyrics: | (hum) | (hum) |
@piano | a2-e3-a3 . . . | a2-e3-a3 . . . | vel: 40
