**TRACK: All Hail the Power of Jesus' Name**
[MetaData]
key: G | tempo: 90 | subdivision: 8th
time: 4/4 | mood: Majestic

[V1] (Verse - 4 Bars)
Chords: | G . . . | C . . . | G . . . | D . . . |
Melody: | G3 . B3 . | C4 . . . | B3 . A3 . | G3 . F#3 . |
Lyrics: | All hail the pow'r | of Je - sus' name! | Let an - gels | pros - trate fall; |
@piano | g2-b2-d3 . . . | c3-e3-g3 . . . | g2-b2-d3 . . . | d3-f#3-a3 . . . | vel: 50

[V2] (Verse - 4 Bars)
Chords: | G . . . | C . . . | G . . . | D . . . |
Melody: | G3 . B3 . | C4 . . . | B3 . A3 . | G3 . F#3 . |
Lyrics: | Bring forth the roy - al | di - a - dem, | And crown Him | Lord of all; |
@piano | g2-b2-d3 . . . | c3-e3-g3 . . . | g2-b2-d3 . . . | d3-f#3-a3 . . . | vel: 50

[CH] (Chorus - 4 Bars)
Chords: | G . . . | C . . . | G . . . | D . . . |
Melody: | B3 . D4 . | C4 . B3 . | A3 . G3 . | F#3 . D3 . |
Lyrics: | Crown Him, crown Him, | crown Him, crown Him, | crown Him Lord | of all! |
@piano | g2-b2-d3 . . . | c3-e3-g3 . . . | g2-b2-d3 . . . | d3-f#3-a3 . . . | vel: 55
