**TRACK: God Rest Ye Merry, Gentlemen**
[MetaData]
key: Em | tempo: 100 | subdivision: 8th
time: 4/4 | mood: Gentle

[V1] (Verse - 4 Bars)
Chords: | Em . . . | Am . . . | Em . . . | B7 . . . |
Melody: | B3 . . B3 | C4 . . C4 | B3 . A3 . | G3 . . . |
Lyrics: | God rest ye mer - | ry, gen - tle - | men, let no - thing | you dis - may |
@piano | e2-b2-e3 . . . | a2-e3-a3 . . . | e2-b2-e3 . . . | b1-f#2-b2 . . . | vel: 50

[V2] (Verse - 4 Bars)
Chords: | Em . . . | Am . . . | Em . . . | B7 . . . |
Melody: | B3 . . B3 | C4 . . C4 | B3 . A3 . | G3 . . . |
Lyrics: | Re - mem - ber Christ our | Sa - viour was | born on Christ - mas | Day |
@piano | e2-b2-e3 . . . | a2-e3-a3 . . . | e2-b2-e3 . . . | b1-f#2-b2 . . . | vel: 50

[CH] (Chorus - 4 Bars)
Chords: | C . . . | G . . . | Em . . . | B7 . . . |
Melody: | G3 . . G3 | F#3 . . F#3 | E3 . D3 . | B2 . . . |
Lyrics: | O ti - dings of | com - fort and | joy, com - fort and | joy |
@piano | c2-e2-g2 . . . | g1-d2-g2 . . . | e2-b2-e3 . . . | b1-f#2-b2 . . . | vel: 55

[CH2] (Chorus - 4 Bars)
Chords: | C . . . | G . . . | Em . . . | B7 . . . |
Melody: | G3 . . G3 | F#3 . . F#3 | E3 . D3 . | E3 . . . |
Lyrics: | O ti - dings of | com - fort and | joy, com - fort and | joy |
@piano | c2-e2-g2 . . . | g1-d2-g2 . . . | e2-b2-e3 . . . | b1-f#2-b2 . . . | vel: 55
