**TRACK: Lead, Kindly Light**
[MetaData]
key: Ab | tempo: 76 | subdivision: 8th
time: 4/4 | mood: Gentle

[V1] (Verse - 4 Bars)
Chords: | Ab . . . | Db . . . | Ab . . . | Eb . . . |
Melody: | Ab3 . C4 . | F4 . . . | Ab3 . C4 . | Eb4 . . . |
Lyrics: | Lead kindly Light a - mid th' en - cir - cling gloom |
@piano | ab2-eb3-ab3 . . . | db2-f3-ab3 . . . | ab2-eb3-ab3 . . . | eb2-g3-bb3 . . . | vel: 45

[V2] (Verse - 4 Bars)
Chords: | Ab . . . | Db . . . | Ab . . . | Eb . . . |
Melody: | Ab3 . C4 . | F4 . . . | Eb4 . . C4 . | Db4 . . . |
Lyrics: | Lead Thou me on! The night is dark and I am far from home |
@piano | ab2-eb3-ab3 . . . | db2-f3-ab3 . . . | ab2-eb3-ab3 . . . | eb2-g3-bb3 . . . | vel: 45

[CH] (Chorus - 2 Bars)
Chords: | Ab . . . | Eb . . . |
Melody: | Ab3 . Ab3 . | G3 . Eb4 . |
Lyrics: | Lead Thou me on! |
@piano | ab2-eb3-ab3 . . . | eb2-g3-bb3 . . . | vel: 50

[V3] (Verse - 4 Bars)
Chords: | Ab . . . | Db . . . | Ab . . . | Eb . . . |
Melody: | Ab3 . C4 . | F4 . . . | Eb4 . . Db4 . | Eb4 . . . |
Lyrics: | Keep Thou my feet; I do not ask to see the dis - tant scene |
@piano | ab2-eb3-ab3 . . . | db2-f3-ab3 . . . | ab2-eb3-ab3 . . . | eb2-g3-bb3 . . . | vel: 45

[CH2] (Chorus - 2 Bars)
Chords: | Ab . . . | Eb . . . |
Melody: | Ab3 . Ab3 . | G3 . Eb4 . |
Lyrics: | Lead Thou me on! |
@piano | ab2-eb3-ab3 . . . | eb2-g3-bb3 . . . | vel: 50
