**TRACK: O Come, O Come, Emmanuel**
[MetaData]
key: Am | tempo: 80 | subdivision: 8th
time: 4/4 | mood: Solemn, Hymn-like

[V1] (Verse - 4 Bars)
Chords: | Am . . . | F . . . | C . . . | G . . . |
Melody: | A3 . B3 . | C4 . . . | B3 . A3 . | G3 . . . |
Lyrics: | O come, O come, Em- | man- u- el, | And ran- som cap- tive | Is- ra- el |
@piano | a2-e3-a3 . . . | f2-a2-c3 . . . | c3-e3-g3 . . . | g2-b2-d3 . . . | vel: 45

[V2] (Verse - 4 Bars)
Chords: | Am . . . | F . . . | C . . . | G . . . |
Melody: | A3 . B3 . | C4 . . . | B3 . A3 . | G3 . . . |
Lyrics: | That mourns in lone- ly | ex- ile here, | Un- til the Son of | God ap- pear |
@piano | a2-e3-a3 . . . | f2-a2-c3 . . . | c3-e3-g3 . . . | g2-b2-d3 . . . | vel: 45

[CH] (Chorus - 4 Bars)
Chords: | Am . . . | Dm . . . | G . . . | Am . . . |
Melody: | C4 . B3 . | A3 . G3 . | A3 . B3 . | C4 . . . |
Lyrics: | Re- joice! Re- joice! | Em- man- u- el | Shall come to thee, O | Is- ra- el |
@piano | a2-c3-e3 . . . | d2-f2-a2 . . . | g2-b2-d3 . . . | a2-c3-e3 . . . | vel: 50
