**TRACK: A Noite do Meu Bem**
[MetaData]
key: Dm | tempo: 92 | subdivision: 8th
time: 4/4 | mood: Gentle

[V1] (Verse - 4 Bars)
Chords: | Dm . . . | A7 . . . | Dm . . . | A7 . . . |
Melody: | D4 . F4 . | C#4 . E4 . | D4 . F4 . | C#4 . E4 . |
Lyrics: | A noi - te do meu bem | é que eu que - ro a - go - ra | A noi - te do meu bem | é que eu que - ro a - go - ra |
@piano | d3-f3-a3 . . . | a2-c#3-e3 . . . | d3-f3-a3 . . . | a2-c#3-e3 . . . | vel: 45

[V2] (Verse - 4 Bars)
Chords: | Gm . . . | A7 . . . | Dm . . . | A7 . . . |
Melody: | Bb3 . D4 . | C#4 . E4 . | D4 . F4 . | C#4 . E4 . |
Lyrics: | Que a noi - te é tão lin - da | co - mo o meu bem | Que a noi - te é tão lin - da | co - mo o meu bem |
@piano | g2-bb2-d3 . . . | a2-c#3-e3 . . . | d3-f3-a3 . . . | a2-c#3-e3 . . . | vel: 45

[CH] (Chorus - 4 Bars)
Chords: | Dm . . . | Bb . . . | A7 . . . | Dm . . . |
Melody: | D4 . F4 . A4 . | Bb3 . D4 . F4 . | C#4 . E4 . G4 . | D4 . . . |
Lyrics: | Vem, meu bem, que a noi - te | é só nos - sa, é só nos - sa | Vem, meu bem, que a noi - te | é só nos - sa |
@piano | d3-f3-a3-c4 . . . | bb2-d3-f3 . . . | a2-c#3-e3-g3 . . . | d3-f3-a3 . . . | vel: 55
