**TRACK: Cana Verde**
[MetaData]
key: Am | tempo: 90 | subdivision: 8th
time: 4/4 | mood: Gentle

[V1] (Verse - 4 Bars)
Chords: | Am . . . | Am . . . | F . . . | G . . . |
Melody: | A3 . C4 . E4 . C4 . | A3 . C4 . E4 . D4 . | F4 . A4 . F4 . D4 . | G4 . E4 . D4 . B3 . |
Lyrics: | Ca-na ver-de, ca-na ver-de, | ca-na ver-de, ca-na ver-de, | cres-ce no cam-po, cres-ce no cam-po, | co-lhe a flo-res-ta, co-lhe a flo-res-ta |
@piano | a2-e3-a3 . . . e3-a3-c4 . . . | a2-e3-a3 . . . e3-a3-d4 . . . | f2-c3-f3 . . . c3-f3-a3 . . . | g2-d3-g3 . . . d3-g3-b3 . . . | vel: 50

[CH] (Chorus - 4 Bars)
Chords: | F . . . | G . . . | Am . . . | E7 . . . |
Melody: | F4 . A4 . C5 . A4 . | G4 . B4 . D5 . B4 . | A4 . C5 . E5 . C5 . | B4 . G#4 . E4 . B3 . |
Lyrics: | can-ta a sa-po, can-ta a sa-po, | can-ta a rã, can-ta a rã, | can-ta o ven-to, can-ta o ven-to, | na ca-na ver-de, na ca-na ver-de |
@piano | f2-c3-f3 . . . c3-f3-a3 . . . | g2-d3-g3 . . . d3-g3-b3 . . . | a2-e3-a3 . . . e3-a3-c4 . . . | e2-g#2-b2 . . . g#2-b2-e3 . . . | vel: 55
