**TRACK: Gente Humilde**
[MetaData]
key: Am | tempo: 90 | subdivision: 8th
time: 4/4 | mood: Gentle

[V1] (Verse - 4 Bars)
Chords: | Am . . . | F . . . | C . . . | G . . . |
Melody: | A3 . C4 . | F4 . E4 . | E4 . C4 . | D4 . B3 . |
Lyrics: | tem que ter a hu - | mil - da - de pa - | ra en - ten - der a | vi - da e o a - mor |
@piano | a2-e3-a3 . . . | f2-a2-c3 . . . | c3-e3-g3 . . . | g2-b2-d3 . . . | vel: 50

[V2] (Verse - 4 Bars)
Chords: | Am . . . | F . . . | C . . . | E7 . . . |
Melody: | A3 . C4 . | F4 . E4 . | E4 . G4 . | B3 . D4 . |
Lyrics: | quem não tem hu - | mil - da - de não | po - de a - mar | nem ser a - ma - do |
@piano | a2-e3-a3 . . . | f2-a2-c3 . . . | c3-e3-g3 . . . | e2-g#2-b2 . . . | vel: 50

[CH] (Chorus - 4 Bars)
Chords: | Am . . . | F . . . | Dm . . . | E7 . . . |
Melody: | A3 . C4 . | F4 . A4 . | D4 . F4 . | E4 . B3 . |
Lyrics: | gen - te hu - mil - | de é gen - te que | so - fre em si - | lên - cio e es - pe - ra |
@piano | a2-e3-a3 . . . | f2-a2-c3 . . . | d2-f2-a2 . . . | e2-g#2-b2 . . . | vel: 55

[CH2] (Chorus - 4 Bars)
Chords: | C . . . | G . . . | Am . . . | E7 . . . |
Melody: | E4 . G4 . | B3 . D4 . | A3 . C4 . | B3 . D4 . |
Lyrics: | a luz do a - mor | que vem de Deus | e traz a paz | ao co - ra - ção |
@piano | c3-e3-g3 . . . | g2-b2-d3 . . . | a2-e3-a3 . . . | e2-g#2-b2 . . . | vel: 55
