**TRACK: Hino de Portugal**
[MetaData]
key: Cm | tempo: 112 | subdivision: 8th
time: 4/4 | mood: Majestic

[V1] (Verse - 4 Bars)
Chords: | Cm . . . | G . . . | Ab . . . | G . . . |
Melody: | C4 . Eb4 . | B3 . D4 . | C4 . Ab3 . | B3 . G3 . |
Lyrics: | He- | rós | do | mar, |
Lyrics: | no- | bre | po- | vo, |
Lyrics: | Na- | ção | va- | len- |
Lyrics: | te, | im- | mor- | tal, |
@piano | c3-eb3-g3 . . . | g2-b2-d3 . . . | a2-c3-f3 . . . | g2-b2-d3 . . . | vel: 55

[V2] (Verse - 4 Bars)
Chords: | Fm . . . | C . . . | Fm . . . | G . . . |
Melody: | F4 . Ab4 . | E4 . G4 . | C4 . Eb4 . | D4 . B3 . |
Lyrics: | Le- | van- | tai | ho- |
Lyrics: | je | de | no- | vo, |
Lyrics: | O | es- | plen- | dor |
Lyrics: | de | Por- | tu- | gal, |
@piano | f2-a2-c3 . . . | c3-e3-g3 . . . | f2-a2-c3 . . . | g2-b2-d3 . . . | vel: 55

[CH] (Chorus - 4 Bars)
Chords: | Cm . . . | G . . . | Cm . . . | G . . . |
Melody: | C4 . Eb4 . | B3 . D4 . | C4 . Eb4 . | D4 . G3 . |
Lyrics: | En- | tre | as | brumas |
Lyrics: | da | me- | mó- | ria, |
Lyrics: | Ó | pá- | tria, | sen- |
Lyrics: | te | a | voz, | 
@piano | c3-eb3-g3 . . . | g2-b2-d3 . . . | c3-eb3-g3 . . . | g2-b2-d3 . . . | vel: 60

[CH2] (Chorus - 4 Bars)
Chords: | Fm . . . | C . . . | Fm . . . | G . . . |
Melody: | F4 . Ab4 . | E4 . G4 . | C4 . Eb4 . | D4 . B3 . |
Lyrics: | Dos | teus | e- | gré- |
Lyrics: | gios | que | a- | flor- |
Lyrics: | e | o | céu | a- |
Lyrics: | do- | ra, | |
