**TRACK: Os Putos de Lisboa**
[MetaData]
key: Am | tempo: 96 | subdivision: 8th
time: 4/4 | mood: Playful

[V1] (Verse - 4 Bars)
Chords: | Am . . . | E7 . . . | Am . . . | E7 . . . |
Melody: | A3 . C4 . | B3 . G#3 . | A3 . C4 . | B3 . G#3 . |
Lyrics: | Os pu - tos de Lis - | boa, que vi - vem a | brin - car, os pu - tos de Lis - | boa, que vi - vem a |
@piano | a2-e3-a3 . . . | e2-g#2-b3 . . . | a2-e3-a3 . . . | e2-g#2-b3 . . . | vel: 50

[V2] (Verse - 4 Bars)
Chords: | Am . . . | Dm . . . | Am . . . | E7 . . . |
Melody: | A3 . C4 . | D4 . F4 . | E4 . C4 . | B3 . G#3 . |
Lyrics: | brin - car, e a | gen - te que os vê, | fi - ca a so - | rrir, a so - |
@piano | a2-e3-a3 . . . | d2-f3-a3 . . . | a2-e3-a3 . . . | e2-g#2-b3 . . . | vel: 52

[CH] (Chorus - 4 Bars)
Chords: | F . . . | C . . . | Dm . . . | E7 . . . |
Melody: | F4 . A4 . | E4 . G4 . | D4 . F4 . | B3 . G#3 . |
Lyrics: | rrir, e a can - | ção que a - le - | gra to - da a | ci - da - de, |
@piano | f2-a2-c3 . . . | c3-e3-g3 . . . | d2-f3-a3 . . . | e2-g#2-b3 . . . | vel: 55

[CH2] (Chorus - 4 Bars)
Chords: | Am . . . | E7 . . . | Am . . . | E7 . . . |
Melody: | A3 . C4 . | B3 . G#3 . | A3 . . . | . . . . |
Lyrics: | os pu - tos de Lis - | boa, sem - pre a | brin - car. | (hold) |
@piano | a2-e3-a3 . . . | e2-g#2-b3 . . . | a2-e3-a3 . . . | e2-g#2-b3 . . . | vel: 50
