**TRACK: Award Tour**
[MetaData]
key: F#m | tempo: 92 | subdivision: 8th
time: 4/4 | mood: Driving

[V1] (Verse - 8 Bars)
Chords: | F#m . . . | D . . . | A . . . | E . . . |
@guitar | f#2-a2-c#3 . . . | d2-f#2-a2 . . . | a1-c#2-e2 . . . | e1-g#2-b2 . . . | vel: 55
Chords: | F#m . . . | D . . . | A . . . | E . . . |
@guitar | f#2-a2-c#3 . . . | d2-f#2-a2 . . . | a1-c#2-e2 . . . | e1-g#2-b2 . . . | vel: 55

[V2] (Verse - 8 Bars)
Chords: | F#m . . . | D . . . | A . . . | E . . . |
@guitar | f#2-a2-c#3 . . . | d2-f#2-a2 . . . | a1-c#2-e2 . . . | e1-g#2-b2 . . . | vel: 58
Chords: | F#m . . . | D . . . | A . . . | E . . . |
@guitar | f#2-a2-c#3 . . . | d2-f#2-a2 . . . | a1-c#2-e2 . . . | e1-g#2-b2 . . . | vel: 58

[BR] (Bridge - 4 Bars)
Chords: | Bm . . . | F#m . . . | G . . . | A . . . |
@guitar | b1-d2-f#2 . . . | f#2-a2-c#3 . . . | g2-b2-d3 . . . | a1-c#2-e2 . . . | vel: 50

[V3] (Verse - 8 Bars)
Chords: | F#m . . . | D . . . | A . . . | E . . . |
@guitar | f#2-a2-c#3 . . . | d2-f#2-a2 . . . | a1-c#2-e2 . . . | e1-g#2-b2 . . . | vel: 60
Chords: | F#m . . . | D . . . | A . . . | E . . . |
@guitar | f#2-a2-c#3 . . . | d2-f#2-a2 . . . | a1-c#2-e2 . . . | e1-g#2-b2 . . . | vel: 60
