**TRACK: Nuthin' but a 'G' Thang**
[MetaData]
key: Dm | tempo: 92 | subdivision: 8th
time: 4/4 | mood: Laid-back G-funk

[V1] (Verse - 8 Bars)
Chords: | Dm . . . | Dm . . . | Bb . . . | Bb . . . | Dm . . . | Dm . . . | A . . . | A . . . |
@guitar | d2-a2-d3 . . . | d2-a2-d3 . . . | bb1-f2-bb2 . . . | bb1-f2-bb2 . . . | d2-a2-d3 . . . | d2-a2-d3 . . . | a1-e2-a2 . . . | a1-e2-a2 . . . | vel: 50

[V2] (Verse - 8 Bars)
Chords: | Dm . . . | Dm . . . | Bb . . . | Bb . . . | Dm . . . | Dm . . . | A . . . | A . . . |
@guitar | d2-a2-d3 . . . | d2-a2-d3 . . . | bb1-f2-bb2 . . . | bb1-f2-bb2 . . . | d2-a2-d3 . . . | d2-a2-d3 . . . | a1-e2-a2 . . . | a1-e2-a2 . . . | vel: 52

[CH] (Chorus - 4 Bars)
Chords: | Dm . . . | Bb . . . | Dm . . . | A . . . |
@guitar | d2-a2-d3 . . . | bb1-f2-bb2 . . . | d2-a2-d3 . . . | a1-e2-a2 . . . | vel: 58

[BR] (Bridge - 4 Bars)
Chords: | Bb . . . | C . . . | Dm . . . | Dm . . . |
@guitar | bb1-f2-bb2 . . . | c2-g2-c3 . . . | d2-a2-d3 . . . | d2-a2-d3 . . . | vel: 55

[OUT] (Outro - 4 Bars)
Chords: | Dm . . . | Bb . . . | A . . . | Dm . . . |
@guitar | d2-a2-d3 . . . | bb1-f2-bb2 . . . | a1-e2-a2 . . . | d2-a2-d3 . . . | vel: 50
