**TRACK: Passin' Me By**
[MetaData]
key: Fm | tempo: 93 | subdivision: 8th
time: 4/4 | mood: Mellow

[V1] (Verse - 8 Bars)
Chords: | Fm7 . . . | Bbm7 . . . | Eb7 . . . | Abmaj7 . . . |
@guitar | f2-ab3-c4 . . . | bb2-db3-f4 . . . | eb2-g3-bb3 . . . | ab2-c3-eb4 . . . | vel: 50
Chords: | Dbmaj7 . . . | Dbmin7 . . . | C7sus4 . . . | C7 . . . |
@guitar | db2-f3-ab3 . . . | db2-e3-ab3 . . . | c2-f3-bb3 . . . | c2-e3-bb3 . . . | vel: 50

[V2] (Verse - 8 Bars)
Chords: | Fm7 . . . | Bbm7 . . . | Eb7 . . . | Abmaj7 . . . |
@guitar | f2-ab3-c4 . . . | bb2-db3-f4 . . . | eb2-g3-bb3 . . . | ab2-c3-eb4 . . . | vel: 50
Chords: | Dbmaj7 . . . | Dbmin7 . . . | C7sus4 . . . | C7 . . . |
@guitar | db2-f3-ab3 . . . | db2-e3-ab3 . . . | c2-f3-bb3 . . . | c2-e3-bb3 . . . | vel: 50

[BR] (Bridge - 4 Bars)
Chords: | Bbm7 . . . | Eb7 . . . | Abmaj7 . . . | G7alt . . . |
@guitar | bb2-db3-f4 . . . | eb2-g3-bb3 . . . | ab2-c3-eb4 . . . | g2-b3-f4 . . . | vel: 55

[V3] (Verse - 8 Bars)
Chords: | Fm7 . . . | Bbm7 . . . | Eb7 . . . | Abmaj7 . . . |
@guitar | f2-ab3-c4 . . . | bb2-db3-f4 . . . | eb2-g3-bb3 . . . | ab2-c3-eb4 . . . | vel: 50
Chords: | Dbmaj7 . . . | Dbmin7 . . . | C7sus4 . . . | C7 . . . |
@guitar | db2-f3-ab3 . . . | db2-e3-ab3 . . . | c2-f3-bb3 . . . | c2-e3-bb3 . . . | vel: 50

[OUT] (Outro - 4 Bars)
Chords: | Fm7 . . . | Bbm7 . .
