**TRACK: Shame on a Nigga**
[MetaData]
key: Dm | tempo: 92 | subdivision: 8th
time: 4/4 | mood: Dark, Grimey

[V1] (Verse - 8 Bars)
Chords: | Dm . . . | Dm . . . | Bb . . . | Bb . . . | Dm . . . | Dm . . . | A7 . . . | A7 . . . |
@guitar | d3-f3-a3 . . . | d3-f3-a3 . . . | bb2-d3-f3 . . . | bb2-d3-f3 . . . | d3-f3-a3 . . . | d3-f3-a3 . . . | a2-c#3-e3 . . . | a2-c#3-e3 . . . | vel: 60

[V2] (Verse - 8 Bars)
Chords: | Dm . . . | Dm . . . | Bb . . . | Bb . . . | Dm . . . | Dm . . . | A7 . . . | A7 . . . |
@guitar | d3-f3-a3 . . . | d3-f3-a3 . . . | bb2-d3-f3 . . . | bb2-d3-f3 . . . | d3-f3-a3 . . . | d3-f3-a3 . . . | a2-c#3-e3 . . . | a2-c#3-e3 . . . | vel: 58

[BR] (Bridge - 4 Bars)
Chords: | Gm . . . | A7 . . . | Gm . . . | A7 . . . |
@guitar | g2-bb2-d3 . . . | a2-c#3-e3 . . . | g2-bb2-d3 . . . | a2-c#3-e3 . . . | vel: 55

[V3] (Verse - 8 Bars)
Chords: | Dm . . . | Dm . . . | Bb . . . | Bb . . . | Dm . . . | Dm . . . | A7 . . . | A7 . . . |
@guitar | d3-f3-a3 . . . | d3-f3-a3 . . . | bb2-d3-f3 . . . | bb2-d3-f3 . . . | d3-f3-a3 . . . | d3-f3-a3 . . . | a2-c#3-e3 . . . | a2-c#3-e3 . . . | vel: 62

[OUT] (Outro - 4 Bars)
Chords: | Dm . . . | Bb . . . | Dm . . . | A7 . . . |
@guitar | d3-f3-a3 . . . | bb2-d3-f3 . . . | d3-f3-a3 . . . | a2-c#3-e3 . . . | vel: 50
