**TRACK: Black Sabbath**
[MetaData]
key: E | tempo: 63 | subdivision: 8th
time: 4/4 | mood: Ominous

[INTRO] (Intro - 4 Bars)
Chords: | E . . . | E . . . | E . . . | E . . . |
@guitar | e2-b2-e3 . . . | e2-b2-e3 . . . | e2-b2-e3 . . . | e2-b2-e3 . . . | vel: 50

[V1] (Verse - 8 Bars)
Chords: | E . . . | E . . . | E . . . | E . . . | E . . . | E . . . | E . . . | E . . . |
@guitar | e2-b2-e3 . . . | e2-b2-e3 . . . | e2-b2-e3 . . . | e2-b2-e3 . . . | e2-b2-e3 . . . | e2-b2-e3 . . . | e2-b2-e3 . . . | e2-b2-e3 . . . | vel: 55

[V2] (Verse - 8 Bars)
Chords: | E . . . | E . . . | E . . . | E . . . | E . . . | E . . . | E . . . | E . . . |
@guitar | e2-b2-e3 . . . | e2-b2-e3 . . . | e2-b2-e3 . . . | e2-b2-e3 . . . | e2-b2-e3 . . . | e2-b2-e3 . . . | e2-b2-e3 . . . | e2-b2-e3 . . . | vel: 55

[BR] (Bridge - 4 Bars)
Chords: | E . . . | E . . . | E . . . | E . . . |
@guitar | e2-b2-e3 . . . | e2-b2-e3 . . . | e2-b2-e3 . . . | e2-b2-e3 . . . | vel: 60

[OUT] (Outro - 4 Bars)
Chords: | E . . . | E . . . | E . . . | E . . . |
@guitar | e2-b2-e3 . . . | e2-b2-e3 . . . | e2-b2-e3 . . . | e2-b2-e3 . . . | vel: 45
