**TRACK: Enter Sandman**
[MetaData]
key: E minor | tempo: 104 | subdivision: 8th
time: 4/4 | mood: Heavy, driving

[V1] (Verse - 8 Bars)
Chords: | Em . . . | Em . . . | G . . . | G . . . | Em . . . | Em . . . | A . . . | A . . . |
@guitar | e2-b2-e3 . . . | e2-b2-e3 . . . | g2-b2-d3 . . . | g2-b2-d3 . . . | e2-b2-e3 . . . | e2-b2-e3 . . . | a2-c3-e3 . . . | a2-c3-e3 . . . | vel: 60

[V2] (Verse - 8 Bars)
Chords: | Em . . . | Em . . . | G . . . | G . . . | Em . . . | Em . . . | A . . . | A . . . |
@guitar | e2-b2-e3 . . . | e2-b2-e3 . . . | g2-b2-d3 . . . | g2-b2-d3 . . . | e2-b2-e3 . . . | e2-b2-e3 . . . | a2-c3-e3 . . . | a2-c3-e3 . . . | vel: 65

[CH] (Chorus - 8 Bars)
Chords: | C . . . | C . . . | D . . . | D . . . | Em . . . | Em . . . | A . . . | A . . . |
@guitar | c3-e3-g3 . . . | c3-e3-g3 . . . | d3-f#3-a3 . . . | d3-f#3-a3 . . . | e2-b2-e3 . . . | e2-b2-e3 . . . | a2-c3-e3 . . . | a2-c3-e3 . . . | vel: 70

[BR] (Bridge - 4 Bars)
Chords: | Em . . . | C . . . | G . . . | D . . . |
@guitar | e2-b2-e3 . . . | c3-e3-g3 . . . | g2-b2-d3 . . . | d3-f#3-a3 . . . | vel: 50

[OUT] (Outro - 4 Bars)
Chords: | Em . . . | Em . . . | Em . . . | Em . . . |
@guitar | e2-b2-e3 . . . | e2-b2-e3 . . . | e2-b2-e3 . . . | e2-b2-e3 . . . | vel: 40
