**TRACK: Frankenstein**
[MetaData]
key: Am | tempo: 126 | subdivision: 8th
time: 4/4 | mood: Driving

[V1] (Verse - 8 Bars)
Chords: | Am . . . | Am . . . | F . . . | G . . . |
       | Am . . . | Am . . . | F . . . | E . . . |
@guitar | a2-e3-a3 . . . | a2-e3-a3 . . . | f2-a2-c3 . . . | g2-b2-d3 . . . | vel: 55
@guitar | a2-e3-a3 . . . | a2-e3-a3 . . . | f2-a2-c3 . . . | e2-g#2-b2 . . . | vel: 55

[V2] (Verse - 8 Bars)
Chords: | Am . . . | Am . . . | F . . . | G . . . |
       | Am . . . | Am . . . | F . . . | E . . . |
@guitar | a2-e3-a3 . . . | a2-e3-a3 . . . | f2-a2-c3 . . . | g2-b2-d3 . . . | vel: 60
@guitar | a2-e3-a3 . . . | a2-e3-a3 . . . | f2-a2-c3 . . . | e2-g#2-b2 . . . | vel: 60

[BR] (Bridge - 4 Bars)
Chords: | C . . . | G . . . | Dm . . . | E . . . |
@guitar | c3-e3-g3 . . . | g2-b2-d3 . . . | d3-f3-a3 . . . | e2-g#2-b2 . . . | vel: 65

[IN] (Instrumental - 8 Bars)
Chords: | Am . . . | Am . . . | F . . . | G . . . |
       | C . . . | G . . . | F . . . | E . . . |
@guitar | a2-e3-a3 . . . | a2-e3-a3 . . . | f2-a2-c3 . . . | g2-b2-d3 . . . | vel: 60
@guitar | c3-e3-g3 . . . | g2-b2-d3 . . . | f2-a2-c3 . . . | e2-g#2-b2 . . . | vel: 60

[OUT] (Outro - 4 Bars)
Chords: | Am . . . | Am . . . | Am . . . | Am . . . |
@guitar | a2-e3-a3 . . . | a2-e3-a3 . . . | a2-e3-a3 . . . | a2-e3-a3 . . . | vel: 50
