**TRACK: Painkiller**
[MetaData]
key: Em | tempo: 170 | subdivision: 16th
time: 4/4 | mood: Aggressive

[V1] (Verse - 4 Bars)
Chords: | Em . . . | D . . . | C . . . | B . . . |
@guitar | e2-b2-e3 . . . | d2-a2-d3 . . . | c2-g2-c3 . . . | b1-f#2-b2 . . . | vel: 70

[V2] (Verse 2 - 4 Bars)
Chords: | Em . . . | D . . . | C . . . | B . . . |
@guitar | e2-b2-e3 . . . | d2-a2-d3 . . . | c2-g2-c3 . . . | b1-f#2-b2 . . . | vel: 70

[CH] (Chorus - 4 Bars)
Chords: | C . . . | G . . . | D . . . | Em . . . |
@guitar | c3-g3-c4 . . . | g2-d3-g3 . . . | d2-a2-d3 . . . | e2-b2-e3 . . . | vel: 80

[BR] (Bridge - 4 Bars)
Chords: | A . . . | C . . . | G . . . | B . . . |
@guitar | a1-e2-a2 . . . | c2-g2-c3 . . . | g1-d2-g2 . . . | b1-f#2-b2 . . . | vel: 65

[SOLO] (Guitar Solo - 8 Bars)
Chords: | Em . . . | D . . . | C . . . | B . . . | Em . . . | D . . . | C . . . | B . . . |
@guitar | e2-b2-e3 . . . | d2-a2-d3 . . . | c2-g2-c3 . . . | b1-f#2-b2 . . . | e2-b2-e3 . . . | d2-a2-d3 . . . | c2-g2-c3 . . . | b1-f#2-b2 . . . | vel: 85
