**TRACK: Ae Malik Tere Bande Hum**
[MetaData]
key: Am | tempo: 90 | subdivision: 8th
time: 4/4 | mood: Gentle

[V1] (Verse - 4 Bars)
Chords: | Am . . . | F . . . | C . . . | G . . . |
Melody: | A3 . C4 . E4 . . . | F4 . A4 . C5 . . . | E4 . C4 . A3 . . . | B3 . D4 . G3 . . . |
Lyrics: | Ae ma-lik te-re ban-de hum | un-ke haath mein hai a-za-di | hum na-ra-yi-e-haq bo-lenge | jo ho saam-ne to ba-ta-di |
@piano | a2-e3-a3 . c3-e3-c4 . e3-g3-e4 . . . | f2-a2-c3 . a2-c3-f4 . c3-f3-a4 . . . | c3-e3-g3 . e3-g3-c4 . g2-c3-e3 . . . | g2-b2-d3 . b2-d3-g3 . d2-g2-b2 . . . | vel: 50

[CH] (Chorus - 4 Bars)
Chords: | F . . . | G . . . | Am . . . | E7 . . . |
Melody: | A4 . C5 . A4 . F4 . | B4 . D5 . B4 . G4 . | C5 . A4 . E4 . C4 . | B4 . G#4 . E4 . B3 . |
Lyrics: | ae ma-lik te-re ban-de hum | ae ma-lik te-re ban-de hum | jo teri rah mein jal ja-yen | wo sha-hid ka-h-la-yen |
@piano | f2-a2-c3 . a2-c3-f4 . f2-a2-c3 . a2-c3-f4 . | g2-b2-d3 . b2-d3-g4 . g2-b2-d3 . b2-d3-g4 . | a2-e3-a3 . e3-a3-c4 . a2-e3-a3 . e3-a3-c4 . | e2-g#2-b2 . g#2-b2-e4 . e2-g#2-b2 . g#2-b2-e4 . | vel: 55
