**TRACK: Kanha Main Tose Haari**
[MetaData]
key: Dm | tempo: 112 | subdivision: 8th
time: 6/8 | mood: Devotional

[V1] (Verse - 4 Bars)
Chords: | Dm . . . . . | Dm . . . . . | Gm . . . . . | A . . . . . |
Melody: | D4 . . F4 . . | D4 . . A3 . . | G4 . . F4 . . | E4 . . C#4 . . |
Lyrics: | Kan - ha ma - in | to - se haa - ri | chir - ha - ran ki | baa - zi mo - re |
@piano | d3-a3-d4 . . . . . | d3-a3-d4 . . . . . | g2-bb2-d3 . . . . . | a2-c#3-e3 . . . . . | vel: 45

[V2] (Verse - 4 Bars)
Chords: | Dm . . . . . | Dm . . . . . | Gm . . . . . | A . . . . . |
Melody: | D4 . . C4 . . | Bb3 . . A3 . . | G4 . . F4 . . | E4 . . D4 . . |
Lyrics: | laaj - ra - kha - vo | naath - mo - re | naa - g - naa - th | jaa - du - ga - re |
@piano | d3-a3-d4 . . . . . | d3-a3-d4 . . . . . | g2-bb2-d3 . . . . . | a2-c#3-e3 . . . . . | vel: 45

[CH] (Chorus - 4 Bars)
Chords: | Bb . . . . . | A . . . . . | Dm . . . . . | Dm . . . . . |
Melody: | Bb3 . . D4 . . | C#4 . . E4 . . | D4 . . F4 . . | D4 . . . . . |
Lyrics: | haa - ri - ye - | haa - ri - ye | kan - ha ma - in | to - se |
@piano | bb2-d3-f3 . . . . . | a2-c#3-e3 . . . . . | d3-a3-d4 . . . . . | d3-a3-d4 . . . . . | vel: 50
