**TRACK: Sare Jahan Se Achha**
[MetaData]
key: C | tempo: 100 | subdivision: 8th
time: 4/4 | mood: Patriotic, Gentle

[V1] (Verse - 4 Bars)
Chords: | C . . . | G . . . | Am . . . | G . . . |
Melody: | E4 . G4 . | D4 . E4 . | C4 . E4 . | D4 . B3 . |
Lyrics: | Sa-re ja-han se ach-cha | Hin-du-staan ha-ma-ra | Hum bul-bu-len hain is-ki | Ye gul-si-tan ha-ma-ra |
@piano | c3-e3-g3 . . . | g2-b2-d3 . . . | a2-c3-e3 . . . | g2-b2-d3 . . . | vel: 50

[CH] (Chorus - 4 Bars)
Chords: | F . . . | C . . . | G . . . | C . . . |
Melody: | A4 . G4 . | E4 . C4 . | D4 . E4 . | C4 . . . |
Lyrics: | Pa-ba-nd-ha hai a-smaan se | U-ska nishaan | Pa-ba-nd-ha hai a-smaan se | U-ska nishaan |
@piano | f2-a2-c3 . . . | c3-e3-g3 . . . | g2-b2-d3 . . . | c3-e3-g3 . . . | vel: 55

[V2] (Verse - 4 Bars)
Chords: | Am . . . | E7 . . . | Am . . . | G . . . |
Melody: | A3 . C4 . | B3 . G#3 . | A3 . C4 . | D4 . B3 . |
Lyrics: | Pa-ba-nd-ha hai aas-maan se | U-ska nishaan | Pa-ba-nd-ha hai aas-maan se | U-ska nishaan |
@piano | a2-c3-e3 . . . | e2-g#2-b2 . . . | a2-c3-e3 . . . | g2-b2-d3 . . . | vel: 50

[OUT] (Outro - 2 Bars)
Chords: | C . . . | G . C . |
Melody: | E4 . G4 . | D4 . C4 . |
Lyrics: | Sa-re ja-han se | ach-cha |
@piano | c3-e3-g3 . . . | g2-b2-d3 c3-e3-g3 | vel: 45
