**TRACK: All of Me**
[MetaData]
key: C | tempo: 120 | subdivision: 8th
time: 4/4 | mood: Uplifting

[V1] (Verse - 8 Bars)
Chords: | C . . . | E7 . . . | Am . . . | C7 . . . | F . . . | C . . . | Dm . . . | G . . . |
@guitar | c3-e3-g3 . . . | e2-g#2-b2 . . . | a2-c3-e3 . . . | c2-e2-bb2 . . . | f2-a2-c3 . . . | c3-e3-g3 . . . | d2-f2-a2 . . . | g2-b2-d3 . . . | vel: 55

[V2] (Verse - 8 Bars)
Chords: | C . . . | E7 . . . | Am . . . | C7 . . . | F . . . | C . . . | Dm . . . | G . . . |
@guitar | c3-e3-g3 . . . | e2-g#2-b2 . . . | a2-c3-e3 . . . | c2-e2-bb2 . . . | f2-a2-c3 . . . | c3-e3-g3 . . . | d2-f2-a2 . . . | g2-b2-d3 . . . | vel: 55

[CH] (Chorus - 8 Bars)
Chords: | C . . . | E7 . . . | Am . . . | C7 . . . | F . . . | C . . . | Dm . . . | G . . . |
@guitar | c3-e3-g3 . . . | e2-g#2-b2 . . . | a2-c3-e3 . . . | c2-e2-bb2 . . . | f2-a2-c3 . . . | c3-e3-g3 . . . | d2-f2-a2 . . . | g2-b2-d3 . . . | vel: 60

[BR] (Bridge - 4 Bars)
Chords: | F . . . | G . . . | C . . . | G . . . |
@guitar | f2-a2-c3 . . . | g2-b2-d3 . . . | c3-e3-g3 . . . | g2-b2-d3 . . . | vel: 50
