**TRACK: April in Paris**
[MetaData]
key: Em | tempo: 112 | subdivision: 8th
time: 4/4 | mood: Swinging

[V1] (Verse - 8 Bars)
Chords: | Em7 . . . | A7 . . . | Dm7 . . . | G7 . . . | Cmaj7 . . . | Fmaj7 . . . | Bm7b5 . . . | E7 . . . |
@guitar | e2-g2-b2-d3 . . . | a1-c#2-e2-g2 . . . | d2-f2-a2-c3 . . . | g1-b1-d2-f2 . . . | c2-e2-g2-b2 . . . | f1-a1-c2-e2 . . . | b1-d2-f2-a2 . . . | e1-g#2-b2-d3 . . . | vel: 50

[V2] (Verse - 8 Bars)
Chords: | Am7 . . . | D7 . . . | Gm7 . . . | C7 . . . | Fmaj7 . . . | Bbmaj7 . . . | E7b9 . . . | Am7 . . . |
@guitar | a1-c2-e2-g2 . . . | d1-f#2-a2-c3 . . . | g1-bb2-d2-f2 . . . | c1-e2-g2-bb2 . . . | f1-a1-c2-e2 . . . | bb1-d2-f2-ab2 . . . | e1-g#2-b2-d3 . . . | a1-c2-e2-g2 . . . | vel: 50

[BR] (Bridge - 8 Bars)
Chords: | Dm7 . . . | G7 . . . | Cmaj7 . . . | Cmaj7 . . . | F#m7b5 . . . | B7 . . . | Em7 . . . | A7 . . . |
@guitar | d2-f2-a2-c3 . . . | g1-b1-d2-f2 . . . | c2-e2-g2-b2 . . . | c2-e2-g2-b2 . . . | f#1-a1-c2-e2 . . . | b1-d#2-f#2-a2 . . . | e2-g2-b2-d3 . . . | a1-c#2-e2-g2 . . . | vel: 55

[OUT] (Outro - 4 Bars)
Chords: | Dm7 . . . | G7 . . . | Cmaj7 . . . | Cmaj7 . . . |
@guitar | d2-f2-a2-c3 . . . | g1-b1-d2-f2 . . . | c2-e2-g2-b2 . . . | c2-e2-g2-b2 . . . | vel: 45
