**TRACK: High Society**
[MetaData]
key: Ab | tempo: 120 | subdivision: 8th
time: 2/2 | mood: Driving

[V1] (Verse - 8 Bars)
Chords: | Ab . . . | Db7 . . . | Ab . . . | Eb7 . . . | Ab . . . | Db7 . . . | Ab Eb7 . . . | Ab . . . |
@guitar | ab2-c3-eb3 . . . | db2-f2-ab2 . . . | ab2-c3-eb3 . . . | eb2-g2-bb2 . . . | ab2-c3-eb3 . . . | db2-f2-ab2 . . . | ab2-c3-eb3 eb2-g2-bb2 . . . | ab2-c3-eb3 . . . | vel: 60

[CH] (Chorus - 8 Bars)
Chords: | Ab . . . | Db7 . . . | Ab . . . | F7 . . . | Bb7 . . . | Eb7 . . . | Ab . . . | Eb7 . . . |
@guitar | ab2-c3-eb3 . . . | db2-f2-ab2 . . . | ab2-c3-eb3 . . . | f2-a2-c3 . . . | bb2-d3-f3 . . . | eb2-g2-bb2 . . . | ab2-c3-eb3 . . . | eb2-g2-bb2 . . . | vel: 65

[BR] (Bridge - 4 Bars)
Chords: | Db7 . . . | Ab . . . | Eb7 . . . | Ab . . . |
@guitar | db2-f2-ab2 . . . | ab2-c3-eb3 . . . | eb2-g2-bb2 . . . | ab2-c3-eb3 . . . | vel: 55

[V2] (Verse - 8 Bars, variation)
Chords: | Ab . . . | Db7 . . . | Ab . . . | Eb7 . . . | Ab . . . | Db7 . . . | Ab Eb7 . . . | Ab . . . |
@guitar | ab2-c3-eb3 . . . | db2-f2-ab2 . . . | ab2-c3-eb3 . . . | eb2-g2-bb2 . . . | ab2-c3-eb3 . . . | db2-f2-ab2 . . . | ab2-c3-eb3 eb2-g2-bb2 . . . | ab2-c3-eb3 . . . | vel: 60

[OUT] (Outro - 4 Bars)
Chords: | Ab . . . | Db7 . . . | Ab . . . | Ab . . . |
@guitar | ab2-c3-eb3 . . . | db2-f2-ab2 . . . | ab2-c3-eb3 . . . | ab2-c3-eb3 . . . | vel: 50
