**TRACK: Honeysuckle Rose**
[MetaData]
key: F | tempo: 120 | subdivision: 8th
time: 4/4 | mood: Swing

[V1] (Verse - 8 Bars)
Chords: | F . . . | F . . . | F7 . . . | F7 . . . | Bb . . . | Bbm . . . | F . . . | C7 . . . |
@guitar | f2-a2-c3 . . . | f2-a2-c3 . . . | f2-a2-eb3 . . . | f2-a2-eb3 . . . | bb2-d3-f3 . . . | b2-d3-f3 . . . | f2-a2-c3 . . . | c2-e2-g2 . . . | vel: 55

[V2] (Verse - 8 Bars)
Chords: | F . . . | F . . . | F7 . . . | F7 . . . | Bb . . . | Bbm . . . | F . . . | C7 . . . |
@guitar | f2-a2-c3 . . . | f2-a2-c3 . . . | f2-a2-eb3 . . . | f2-a2-eb3 . . . | bb2-d3-f3 . . . | b2-d3-f3 . . . | f2-a2-c3 . . . | c2-e2-g2 . . . | vel: 55

[CH] (Chorus - 8 Bars)
Chords: | F . . . | D7 . . . | G7 . . . | C7 . . . | F . . . | D7 . . . | G7 . . . | C7 . . . |
@guitar | f2-a2-c3 . . . | d2-f#2-a2 . . . | g2-b2-d3 . . . | c2-e2-g2 . . . | f2-a2-c3 . . . | d2-f#2-a2 . . . | g2-b2-d3 . . . | c2-e2-g2 . . . | vel: 60

[BR] (Bridge - 8 Bars)
Chords: | Bb . . . | Bbm . . . | F . . . | A7 . . . | Dm . . . | G7 . . . | C7 . . . | C7 . . . |
@guitar | bb2-d3-f3 . . . | b2-d3-f3 . . . | f2-a2-c3 . . . | a2-c#3-e3 . . . | d3-f3-a3 . . . | g2-b2-d3 . . . | c2-e2-g2 . . . | c2-e2-g2 . . . | vel: 60

[OUT] (Outro - 4 Bars)
Chords: | F . . . | D7 . . . | G7 . . . | C7 . . . |
@guitar | f2-a2-c3 . . . | d2-f
