**TRACK: I Can't Give You Anything but Love**
[MetaData]
key: F | tempo: 120 | subdivision: 8th
time: 4/4 | mood: Swing

[V1] (Verse - 8 Bars)
Chords: | F . . . | F . . . | Dm . . . | Dm . . . | Gm . . . | C7 . . . | F . . . | C7 . . . |
@guitar | f2-a2-c3 . . . | f2-a2-c3 . . . | d2-f2-a2 . . . | d2-f2-a2 . . . | g2-bb2-d3 . . . | c2-e2-bb2 . . . | f2-a2-c3 . . . | c2-e2-bb2 . . . | vel: 55

[CH] (Chorus - 8 Bars)
Chords: | F . . . | F . . . | Dm . . . | Dm . . . | Gm . . . | C7 . . . | F . . . | C7 . . . |
@guitar | f2-a2-c3 . . . | f2-a2-c3 . . . | d2-f2-a2 . . . | d2-f2-a2 . . . | g2-bb2-d3 . . . | c2-e2-bb2 . . . | f2-a2-c3 . . . | c2-e2-bb2 . . . | vel: 60

[BR] (Bridge - 4 Bars)
Chords: | Bb . . . | Bbm . . . | F . . . | C7 . . . |
@guitar | bb2-d3-f3 . . . | bb2-db3-f3 . . . | f2-a2-c3 . . . | c2-e2-bb2 . . . | vel: 50

[V2] (Verse - 8 Bars)
Chords: | F . . . | F . . . | Dm . . . | Dm . . . | Gm . . . | C7 . . . | F . . . | C7 . . . |
@guitar | f2-a2-c3 . . . | f2-a2-c3 . . . | d2-f2-a2 . . . | d2-f2-a2 . . . | g2-bb2-d3 . . . | c2-e2-bb2 . . . | f2-a2-c3 . . . | c2-e2-bb2 . . . | vel: 55

[CH] (Chorus - 8 Bars)
Chords: | F . . . | F . . . | Dm . . . | Dm . . . | Gm . . . | C7 . . . | F . . . | C7 . . . |
@guitar | f2-a2-c3 . . . | f2-a2-c3 . . . | d2-f2-a2 . . . | d2-f2-a2 . . . | g2-bb2-d3 . . . | c2
