**TRACK: It's Only a Paper Moon**
[MetaData]
key: G | tempo: 120 | subdivision: 8th
time: 4/4 | mood: Swing

[V1] (Verse - 8 Bars)
Chords: | G . . . | Em . . . | Am . . . | D7 . . . |
@guitar | g2-b2-d3 . . . | e2-g2-b2 . . . | a2-c3-e3 . . . | d2-f#2-a2 . . . | vel: 55
Chords: | G . . . | Em . . . | Am . . . | D7 . . . |
@guitar | g2-b2-d3 . . . | e2-g2-b2 . . . | a2-c3-e3 . . . | d2-f#2-a2 . . . | vel: 55

[V2] (Verse - 8 Bars)
Chords: | G . . . | Em . . . | Am . . . | D7 . . . |
@guitar | g2-b2-d3 . . . | e2-g2-b2 . . . | a2-c3-e3 . . . | d2-f#2-a2 . . . | vel: 55
Chords: | G . . . | B7 . . . | Em . . . | A7 . . . |
@guitar | g2-b2-d3 . . . | b2-d#3-f#3 . . . | e2-g2-b2 . . . | a2-c#3-e3 . . . | vel: 55

[CH] (Chorus - 8 Bars)
Chords: | C . . . | G . . . | A7 . . . | D7 . . . |
@guitar | c3-e3-g3 . . . | g2-b2-d3 . . . | a2-c#3-e3 . . . | d2-f#2-a2 . . . | vel: 60
Chords: | G . . . | Em . . . | Am . . . | D7 . . . |
@guitar | g2-b2-d3 . . . | e2-g2-b2 . . . | a2-c3-e3 . . . | d2-f#2-a2 . . . | vel: 60

[BR] (Bridge - 4 Bars)
Chords: | C . . . | Cm . . . | G . . . | E7 . . . |
@guitar | c3-e3-g3 . . . | c3-eb3-g3 . . . | g2-b2-d3 . . . | e2-g#2-b2 . . . | vel: 58

[V3] (Verse - 8 Bars)
Chords: | G . . . | Em . . . | Am . . . | D7 . . . |
@guitar | g2-b2-d3 . . . | e2-g2-b2 . . . | a2-c3-e3 . . . | d2-f#2-a2 . . . | vel:
