**TRACK: My Foolish Heart**
[MetaData]
key: F | tempo: 72 | subdivision: 8th
time: 4/4 | mood: Ballad

[V1] (Verse - 8 Bars)
Chords: | Fmaj7 . . . | Bbmaj7 . . . | Am7 . . . | Dm7 . . . |
| Gm7 . . . | C7 . . . | Fmaj7 . . . | C7 . . . |
@guitar | f1-a1-c2-e2 . . . | bb1-d2-f2-a2 . . . | a1-c2-e2-g2 . . . | d1-f2-a2-c3 . . . |
| g1-bb1-d2-f2 . . . | c2-e2-g2-bb2 . . . | f1-a1-c2-e2 . . . | c2-e2-g2-bb2 . . . | vel: 50

[V2] (Verse - 8 Bars)
Chords: | Fmaj7 . . . | Bbmaj7 . . . | Am7 . . . | Dm7 . . . |
| Gm7 . . . | C7 . . . | Fmaj7 . . . | C7 . . . |
@guitar | f1-a1-c2-e2 . . . | bb1-d2-f2-a2 . . . | a1-c2-e2-g2 . . . | d1-f2-a2-c3 . . . |
| g1-bb1-d2-f2 . . . | c2-e2-g2-bb2 . . . | f1-a1-c2-e2 . . . | c2-e2-g2-bb2 . . . | vel: 52

[BR] (Bridge - 8 Bars)
Chords: | Dm7 . . . | G7 . . . | Gm7 . . . | C7 . . . |
| Fmaj7 . . . | Bbmaj7 . . . | Am7 . . . | D7 . . . |
@guitar | d1-f2-a2-c3 . . . | g1-b1-d2-f2 . . . | g1-bb1-d2-f2 . . . | c2-e2-g2-bb2 . . . |
| f1-a1-c2-e2 . . . | bb1-d2-f2-a2 . . . | a1-c2-e2-g2 . . . | d1-f#2-a2-c3 . . . | vel: 55

[V3] (Verse - 8 Bars)
Chords: | Gm7 . . . | C7 . . . | Fmaj7 . . . | Am7 . . . |
| Dm7 . . . | Gm7 . . . | C7 . . . | Fmaj7 . . . |
@guitar | g1-bb1-d2-f2 . . . | c2-e2-g2-bb2 . . . | f1-a1-c2-e2 . . . | a1-c2-e2-g2 . . . |
