**TRACK: Stompin' at the Savoy**
[MetaData]
key: Ab | tempo: 165 | subdivision: 8th
time: 4/4 | mood: Driving

[V1] (Verse - 8 Bars)
Chords: | Ab6 . . . | Db9 . . . | Ab6 . . . | Eb7 . . . |
| Ab6 . . . | Db9 . . . | Ab6 . . . | Eb7 . . . |
@guitar | ab2-c3-eb3 . . . | db2-f2-ab2 . . . | ab2-c3-eb3 . . . | eb2-g2-bb2 . . . | vel: 55

[CH] (Chorus - 8 Bars)
Chords: | Ab6 . . . | Db9 . . . | Ab6 . . . | Eb7 . . . |
| Ab6 . . . | Db9 . . . | Ab6 . . . | Eb7 . . . |
@guitar | ab2-c3-eb3 . . . | db2-f2-ab2 . . . | ab2-c3-eb3 . . . | eb2-g2-bb2 . . . | vel: 60

[B1] (Bridge - 8 Bars)
Chords: | Bb7 . . . | Eb7 . . . | Ab6 . . . | F7 . . . |
| Bb7 . . . | Eb7 . . . | Ab6 . . . | Eb7 . . . |
@guitar | bb2-d2-f2 . . . | eb2-g2-bb2 . . . | ab2-c3-eb3 . . . | f2-a2-c3 . . . | vel: 58

[V2] (Verse - 8 Bars)
Chords: | Ab6 . . . | Db9 . . . | Ab6 . . . | Eb7 . . . |
| Ab6 . . . | Db9 . . . | Ab6 . . . | Eb7 . . . |
@guitar | ab2-c3-eb3 . . . | db2-f2-ab2 . . . | ab2-c3-eb3 . . . | eb2-g2-bb2 . . . | vel: 55

[CH] (Chorus - 8 Bars)
Chords: | Ab6 . . . | Db9 . . . | Ab6 . . . | Eb7 . . . |
| Ab6 . . . | Db9 . . . | Ab6 . . . | Eb7 . . . |
@guitar | ab2-c3-eb3 . . . | db2-f2-ab2 . . . | ab2-c3-eb3 . . . | eb2-g2-bb2 . . . | vel: 60

[Outro] (Tag - 4 Bars)
Chords: | Ab6 . . . | Db9 . . . | Ab6 . . . | Eb7 . . . |
@guitar | ab2-c3-eb3 . . . | db2-f2-ab2 . . . | ab2-c3-eb3 . . . | eb2
