**TRACK: The Girl from Ipanema**
[MetaData]
key: Fmaj7 | tempo: 130 | subdivision: 8th
time: 2/4 | mood: Bossa Nova

[V1] (Verse - 8 Bars)
Chords: | Fmaj7 . . . | G7 . . . | Gm7 . . . | Gb7 . . . |
@guitar | f2-a2-c3-e3 . . . | g2-b2-d3-f3 . . . | g2-bb2-d3-f3 . . . | gb2-b2-d3-e3 . . . | vel: 50

[V2] (Verse - 8 Bars)
Chords: | Fmaj7 . . . | G7 . . . | Gm7 . . . | Gb7 . . . |
@guitar | f2-a2-c3-e3 . . . | g2-b2-d3-f3 . . . | g2-bb2-d3-f3 . . . | gb2-b2-d3-e3 . . . | vel: 50

[V3] (Verse - 8 Bars)
Chords: | Fmaj7 . . . | G7 . . . | Gm7 . . . | Gb7 . . . |
@guitar | f2-a2-c3-e3 . . . | g2-b2-d3-f3 . . . | g2-bb2-d3-f3 . . . | gb2-b2-d3-e3 . . . | vel: 50

[B1] (Bridge - 8 Bars)
Chords: | Gbmaj7 . . . | Gb7 . . . | Fmaj7 . . . | F7 . . . |
@guitar | gb2-bb2-db3-f3 . . . | gb2-b2-d3-e3 . . . | f2-a2-c3-e3 . . . | f2-a2-c3-eb3 . . . | vel: 55

[B2] (Bridge - 8 Bars)
Chords: | Bbm7 . . . | Eb7 . . . | Abmaj7 . . . | Db7 . . . |
@guitar | bb2-db3-f3-ab3 . . . | eb2-g2-bb2-db3 . . . | ab2-c3-eb3-g3 . . . | db2-f2-ab2-cb3 . . . | vel: 55

[V4] (Verse - 8 Bars)
Chords: | Fmaj7 . . . | G7 . . . | Gm7 . . . | Gb7 . . . |
@guitar | f2-a2-c3-e3 . . . | g2-b2-d3-f3 . . . | g2-bb2-d3-f3 . . . | gb2-b2-d3-e3 . . . | vel: 50

[V5] (Verse - 8 Bars)
Chords: | Fmaj7 . . . | G7 . . . | Gm7 . . . | Gb7 . . . |
