**TRACK: Tight Like This**
[MetaData]
key: F | tempo: 96 | subdivision: 8th
time: 4/4 | mood: Swinging

[V1] (Verse - 8 Bars)
Chords: | F . . . | F7 . . . | Bb . . . | Bbm . . . |
| F . . . | D7 . . . | G7 . . . | C7 . . . |
@guitar | f2-a2-c3 . . . | f2-a2-eb3 . . . | bb2-d3-f3 . . . | bb2-b2-d3 . . . | f2-a2-c3 . . . | d2-f#2-a2 . . . | g2-b2-d3 . . . | c2-e2-bb2 . . . | vel: 55

[V2] (Verse - 8 Bars)
Chords: | F . . . | F7 . . . | Bb . . . | Bbm . . . |
| F . . . | D7 . . . | G7 . . . | C7 . . . |
@guitar | f2-a2-c3 . . . | f2-a2-eb3 . . . | bb2-d3-f3 . . . | bb2-b2-d3 . . . | f2-a2-c3 . . . | d2-f#2-a2 . . . | g2-b2-d3 . . . | c2-e2-bb2 . . . | vel: 55

[BR] (Bridge - 4 Bars)
Chords: | F7 . . . | Bb7 . . . | F7 . . . | C7 . . . |
@guitar | f2-a2-eb3 . . . | bb2-d3-ab3 . . . | f2-a2-eb3 . . . | c2-e2-bb2 . . . | vel: 60

[V3] (Final Verse - 8 Bars)
Chords: | F . . . | F7 . . . | Bb . . . | Bbm . . . |
| F . . . | D7 . . . | G7 . . . | C7 . . . |
@guitar | f2-a2-c3 . . . | f2-a2-eb3 . . . | bb2-d3-f3 . . . | bb2-b2-d3 . . . | f2-a2-c3 . . . | d2-f#2-a2 . . . | g2-b2-d3 . . . | c2-e2-bb2 . . . | vel: 55

[OUT] (Outro - 2 Bars)
Chords: | F . . . | F . . . |
@guitar | f2-a2-c3 . . . | f2-a2-c3 . . . | vel: 50
