**TRACK: Desperado**
[MetaData]
key: G | tempo: 72 | subdivision: 8th
time: 4/4 | mood: Ballad

[V1] (Verse - 8 Bars)
Chords: | G . . . | G . . . | G . . . | Em . . . | C . . . | D . . . | G . . . | D . . . |
@guitar | g2-b2-d3 . . . | g2-b2-d3 . . . | g2-b2-d3 . . . | e2-g2-b2 . . . | c3-e3-g3 . . . | d2-f#2-a2 . . . | g2-b2-d3 . . . | d2-f#2-a2 . . . | vel: 50

[V2] (Verse - 8 Bars)
Chords: | G . . . | G . . . | G . . . | Em . . . | C . . . | D . . . | G . . . | D . . . |
@guitar | g2-b2-d3 . . . | g2-b2-d3 . . . | g2-b2-d3 . . . | e2-g2-b2 . . . | c3-e3-g3 . . . | d2-f#2-a2 . . . | g2-b2-d3 . . . | d2-f#2-a2 . . . | vel: 50

[CH] (Chorus - 8 Bars)
Chords: | C . . . | C . . . | G . . . | G . . . | Am . . . | Am . . . | D . . . | D . . . |
@guitar | c3-e3-g3 . . . | c3-e3-g3 . . . | g2-b2-d3 . . . | g2-b2-d3 . . . | a2-c3-e3 . . . | a2-c3-e3 . . . | d2-f#2-a2 . . . | d2-f#2-a2 . . . | vel: 60

[BR] (Bridge - 4 Bars)
Chords: | Em . . . | B7 . . . | C . . . | D . . . |
@guitar | e2-g2-b2 . . . | b1-d#2-f#2 . . . | c3-e3-g3 . . . | d2-f#2-a2 . . . | vel: 55

[OUT] (Outro - 4 Bars)
Chords: | G . . . | G . . . | C . . . | G . . . |
@guitar | g2-b2-d3 . . . | g2-b2-d3 . . . | c3-e3-g3 . . . | g2-b2-d3 . . . | vel: 45
