**TRACK: Me and Julio Down by the Schoolyard**
[MetaData]
key: G | tempo: 92 | subdivision: 8th
time: 4/4 | mood: Driving

[V1] (Verse - 4 Bars)
Chords: | G . . . | C . . . | G . . . | D . . . |
@guitar | g2-b2-d3 . . . | c3-e3-g3 . . . | g2-b2-d3 . . . | d2-a2-d3 . . . | vel: 55

[V2] (Verse - 4 Bars)
Chords: | G . . . | C . . . | G . . . | D . . . |
@guitar | g2-b2-d3 . . . | c3-e3-g3 . . . | g2-b2-d3 . . . | d2-a2-d3 . . . | vel: 55

[CH] (Chorus - 4 Bars)
Chords: | C . . . | G . . . | C . . . | D . . . |
@guitar | c3-e3-g3 . . . | g2-b2-d3 . . . | c3-e3-g3 . . . | d2-a2-d3 . . . | vel: 60

[BR] (Bridge - 2 Bars)
Chords: | Em . . . | D . . . |
@guitar | e2-b2-e3 . . . | d2-a2-d3 . . . | vel: 50

[V3] (Verse - 4 Bars)
Chords: | G . . . | C . . . | G . . . | D . . . |
@guitar | g2-b2-d3 . . . | c3-e3-g3 . . . | g2-b2-d3 . . . | d2-a2-d3 . . . | vel: 55

[CH] (Chorus - 4 Bars)
Chords: | C . . . | G . . . | C . . . | D . . . |
@guitar | c3-e3-g3 . . . | g2-b2-d3 . . . | c3-e3-g3 . . . | d2-a2-d3 . . . | vel: 60
