**TRACK: Woodstock**
[MetaData]
key: A minor | tempo: 92 | subdivision: 8th
time: 4/4 | mood: Driving, Anthemic

[V1] (Verse - 8 Bars)
Chords: | Am . . . | Am . . . | G . . . | G . . . | F . . . | F . . . | C . . . | C . . . |
@guitar | a2-e3-a3 . . . | a2-e3-a3 . . . | g2-b2-d3 . . . | g2-b2-d3 . . . | f2-a2-c3 . . . | f2-a2-c3 . . . | c3-e3-g3 . . . | c3-e3-g3 . . . | vel: 55

[V2] (Verse - 8 Bars)
Chords: | Am . . . | Am . . . | G . . . | G . . . | F . . . | F . . . | C . . . | C . . . |
@guitar | a2-e3-a3 . . . | a2-e3-a3 . . . | g2-b2-d3 . . . | g2-b2-d3 . . . | f2-a2-c3 . . . | f2-a2-c3 . . . | c3-e3-g3 . . . | c3-e3-g3 . . . | vel: 58

[CH] (Chorus - 8 Bars)
Chords: | F . . . | G . . . | C . . . | C . . . | F . . . | G . . . | Am . . . | Am . . . |
@guitar | f2-a2-c3 . . . | g2-b2-d3 . . . | c3-e3-g3 . . . | c3-e3-g3 . . . | f2-a2-c3 . . . | g2-b2-d3 . . . | a2-e3-a3 . . . | a2-e3-a3 . . . | vel: 62

[BR] (Bridge - 6 Bars)
Chords: | Dm . . . | Dm . . . | Am . . . | Am . . . | F . . . | G . . . |
@guitar | d3-f3-a3 . . . | d3-f3-a3 . . . | a2-e3-a3 . . . | a2-e3-a3 . . . | f2-a2-c3 . . . | g2-b2-d3 . . . | vel: 50

[OUT] (Outro - 4 Bars)
Chords: | Am . . . | G . . . | F . . . | C . . . |
@guitar | a2-e3-a3 . . . | g2-b2-d3 . . . | f2-a2-c3 . . . | c3-e3-g3 . . . | vel: 45
