**TRACK: Left & Right**
[MetaData]
key: C | tempo: 118 | subdivision: 8th
time: 4/4 | mood: Driving

[V1] (Verse - 8 Bars)
Chords: | F . . . | G . . . | Am . . . | G . . . |
@guitar | f1-a1-c2 . . . | g1-b1-d2 . . . | a1-c2-e2 . . . | g1-b1-d2 . . . | vel: 50
Chords: | F . . . | G . . . | C . . . | C . . . |
@guitar | f1-a1-c2 . . . | g1-b1-d2 . . . | c2-e2-g2 . . . | c2-e2-g2 . . . | vel: 50

[CH] (Chorus - 8 Bars)
Chords: | F . . . | G . . . | Am . . . | G . . . |
@guitar | f1-a1-c2 . . . | g1-b1-d2 . . . | a1-c2-e2 . . . | g1-b1-d2 . . . | vel: 65
Chords: | F . . . | G . . . | C . . . | C . . . |
@guitar | f1-a1-c2 . . . | g1-b1-d2 . . . | c2-e2-g2 . . . | c2-e2-g2 . . . | vel: 65

[BR] (Bridge - 4 Bars)
Chords: | Am . . . | G . . . | F . . . | G . . . |
@guitar | a1-c2-e2 . . . | g1-b1-d2 . . . | f1-a1-c2 . . . | g1-b1-d2 . . . | vel: 55

[OUT] (Outro - 4 Bars)
Chords: | F . . . | G . . . | C . . . | C . . . |
@guitar | f1-a1-c2 . . . | g1-b1-d2 . . . | c2-e2-g2 . . . | c2-e2-g2 . . . | vel: 45
