**TRACK: El día que me quieras**
[MetaData]
key: Am | tempo: 90 | subdivision: 8th
time: 4/4 | mood: Gentle

[V1] (Verse - 4 Bars)
Chords: | Am . . . | E7 . . . | Am . . . | E7 . . . |
Melody: | A3 . C4 . | B3 . G#3 . | A3 . C4 . | B3 . G#3 . |
Lyrics: | A - mor que se a - | bre co - mo flor | cuan - do el al - ba | be - sa su can - dor |
@piano | a2-e3-a3 . . . | g#2-d#3-e3 . . . | a2-e3-a3 . . . | g#2-d#3-e3 . . . | vel: 50

[CH] (Chorus - 4 Bars)
Chords: | Dm . . . | G7 . . . | C . . . | E7 . . . |
Melody: | F4 . E4 . | D4 . B3 . | C4 . E4 . | B3 . G#3 . |
Lyrics: | El di - a que me | quie - ras, ten - drá | to - do lo que | sue - ño, a - mor |
@piano | d2-f2-a2 . . . | g2-b2-d3 . . . | c2-e2-g2 . . . | g#2-d#3-e3 . . . | vel: 55

[V2] (Verse - 4 Bars)
Chords: | Am . . . | E7 . . . | Am . . . | E7 . . . |
Melody: | A3 . C4 . | B3 . G#3 . | A3 . C4 . | B3 . G#3 . |
Lyrics: | La no - che que me | ha - bles, se - rá | de luz y | som - bra y paz |
@piano | a2-e3-a3 . . . | g#2-d#3-e3 . . . | a2-e3-a3 . . . | g#2-d#3-e3 . . . | vel: 50

[CH] (Chorus - 4 Bars)
Chords: | Dm . . . | G7 . . . | C . . . | E7 . . . |
Melody: | F4 . E4 . | D4 . B3 . | C4 . E4 . | B3 . G#3 . |
Lyrics: | El di - a que me | quie - ras, se - rá | el fin de mi | pe - nar, ya verás |
@piano | d2-f2-a2 . . . | g2-b2-d3 . . . | c2-e2-g2 . . . | g#2-d#3-e3 . . . | vel: 55
