**TRACK: La Paloma**
[MetaData]
key: C | tempo: 120 | subdivision: 8th
time: 3/4 | mood: Gentle

[V1] (Verse - 8 Bars)
Chords: | C . . . | C . . . | G7 . . . | G7 . . . | C . . . | C . . . | G7 . . . | C . . . |
Melody: | E4 . G4 . | E4 . G4 . | D4 . F4 . | D4 . F4 . | E4 . G4 . | E4 . G4 . | D4 . B3 . | C4 . . . |
Lyrics: | When I left my home for the sea, | I promised my love I'd re-turn, | The waves carried me far a-way, | But my heart stayed with her so true. | The white dove flies o'er the foam, | It brings back a sigh from the shore, | Oh, my love waits for me a-lone, | La Pa-lo-ma, my heart's a-dore. |
@piano | c3-e3-g3 . . . | c3-e3-g3 . . . | g2-b2-d3-f3 . . . | g2-b2-d3-f3 . . . | c3-e3-g3 . . . | c3-e3-g3 . . . | g2-b2-d3-f3 . . . | c3-e3-g3 . . . | vel: 50

[CH] (Chorus - 8 Bars)
Chords: | F . . . | F . . . | C . . . | C . . . | G7 . . . | G7 . . . | C . . . | C . . . |
Melody: | A4 . A4 . | A4 . G4 . | E4 . G4 . | E4 . G4 . | D4 . F4 . | D4 . F4 . | E4 . G4 . | C4 . . . |
Lyrics: | La Pa-lo-ma, sweet bird of the sea, | Sing your song to my love for me, | Tell her I'm true, I'll come back to you, | When the tide brings me home to stay. | La Pa-lo-ma, oh hear my plea, | Carry my heart across the blue, | For the love that we knew, I'll re-turn, | La Pa-lo-ma, I'll be with you. |
@piano | f2-a2-c3 . . . | f2-a2-c3 . . . | c3-e3-g3 . . . | c3-e3-g3 . . . | g2-b2-d3-f3 . . . | g2-b2-d3-f3 . . . | c3-e3-g3 . . . | c3-e3-g3 . . . | vel: 55
