**TRACK: ...Baby One More Time (Hit Me Baby One More Time)**
[MetaData]
key: C#m | tempo: 90 | subdivision: 8th
time: 4/4 | mood: Driving

[V1] (Verse - 8 Bars)
Chords: | C#m . . . | F#m . . . | A . . . | E . . . |
@guitar | c#3-e3-g#3 . . . | f#2-a2-c#3 . . . | a2-c#3-e3 . . . | e2-g#2-b2 . . . | vel: 55

[PC] (Pre-Chorus - 4 Bars)
Chords: | F#m . . . | A . . . | B . . . | B . . . |
@guitar | f#2-a2-c#3 . . . | a2-c#3-e3 . . . | b2-d#3-f#3 . . . | b2-d#3-f#3 . . . | vel: 60

[CH] (Chorus - 8 Bars)
Chords: | C#m . . . | G# . . . | A . . . | E . . . |
@guitar | c#3-e3-g#3 . . . | g#2-c#3-e3 . . . | a2-c#3-e3 . . . | e2-g#2-b2 . . . | vel: 65
Chords: | F#m . . . | G# . . . | C#m . . . | C#m . . . |
@guitar | f#2-a2-c#3 . . . | g#2-c#3-e3 . . . | c#3-e3-g#3 . . . | c#3-e3-g#3 . . . | vel: 65

[BR] (Bridge - 4 Bars)
Chords: | A . . . | E . . . | F#m . . . | G# . . . |
@guitar | a2-c#3-e3 . . . | e2-g#2-b2 . . . | f#2-a2-c#3 . . . | g#2-c#3-e3 . . . | vel: 60

[OUT] (Outro - 4 Bars)
Chords: | C#m . . . | F#m . . . | A . . . | E . . . |
@guitar | c#3-e3-g#3 . . . | f#2-a2-c#3 . . . | a2-c#3-e3 . . . | e2-g#2-b2 . . . | vel: 50
