**TRACK: Champagne Supernova**
[MetaData]
key: A | tempo: 88 | subdivision: 8th
time: 4/4 | mood: Dreamy

[V1] (Verse - 8 Bars)
Chords: | A . . . | A . . . | D . . . | D . . . |
@guitar | a2-e3-a3 . . . | a2-e3-a3 . . . | d3-a3-d4 . . . | d3-a3-d4 . . . | vel: 50
Chords: | A . . . | A . . . | E . . . | E . . . |
@guitar | a2-e3-a3 . . . | a2-e3-a3 . . . | e2-b2-e3 . . . | e2-b2-e3 . . . | vel: 50

[CH] (Chorus - 8 Bars)
Chords: | D . . . | A . . . | E . . . | F#m . . . |
@guitar | d3-a3-d4 . . . | a2-e3-a3 . . . | e2-b2-e3 . . . | f#2-c#3-f#3 . . . | vel: 65
Chords: | D . . . | A . . . | E . . . | E . . . |
@guitar | d3-a3-d4 . . . | a2-e3-a3 . . . | e2-b2-e3 . . . | e2-b2-e3 . . . | vel: 65

[B] (Bridge - 4 Bars)
Chords: | F#m . . . | D . . . | A . . . | E . . . |
@guitar | f#2-c#3-f#3 . . . | d3-a3-d4 . . . | a2-e3-a3 . . . | e2-b2-e3 . . . | vel: 55

[V2] (Verse - 8 Bars)
Chords: | A . . . | A . . . | D . . . | D . . . |
@guitar | a2-e3-a3 . . . | a2-e3-a3 . . . | d3-a3-d4 . . . | d3-a3-d4 . . . | vel: 50
Chords: | A . . . | A . . . | E . . . | E . . . |
@guitar | a2-e3-a3 . . . | a2-e3-a3 . . . | e2-b2-e3 . . . | e2-b2-e3 . . . | vel: 50

[CH] (Chorus - 8 Bars)
Chords: | D . . . | A . . . | E . . . | F#m . . . |
@guitar | d3-a3-d4 . . . | a2-e3-a3 . . . | e2-b2-e3 . . . | f#2-c#3-f#3 . . . | vel: 65
Chords: | D . . . |
