**TRACK: Comfortably Numb**
[MetaData]
key: Bm | tempo: 64 | subdivision: 8th
time: 4/4 | mood: Spacious, Melancholic

[V1] (Verse 1 - 8 Bars)
Chords: | Bm . . . | A . . . | G . . . | D . . . | Bm . . . | A . . . | G . . . | F# . . . |
@guitar | b2-d3-f#3 . . . | a2-c#3-e3 . . . | g2-b2-d3 . . . | d2-f#2-a2 . . . | b2-d3-f#3 . . . | a2-c#3-e3 . . . | g2-b2-d3 . . . | f#2-a2-c#3 . . . | vel: 45

[V2] (Verse 2 - 8 Bars)
Chords: | Bm . . . | A . . . | G . . . | D . . . | Bm . . . | A . . . | G . . . | F# . . . |
@guitar | b2-d3-f#3 . . . | a2-c#3-e3 . . . | g2-b2-d3 . . . | d2-f#2-a2 . . . | b2-d3-f#3 . . . | a2-c#3-e3 . . . | g2-b2-d3 . . . | f#2-a2-c#3 . . . | vel: 48

[CH] (Chorus - 8 Bars)
Chords: | D . . . | A . . . | G . . . | D . . . | D . . . | A . . . | G . . . | A . . . |
@guitar | d2-f#2-a2 . . . | a2-c#3-e3 . . . | g2-b2-d3 . . . | d2-f#2-a2 . . . | d2-f#2-a2 . . . | a2-c#3-e3 . . . | g2-b2-d3 . . . | a2-c#3-e3 . . . | vel: 60

[BR] (Bridge - 4 Bars)
Chords: | Em . . . | G . . . | D . . . | A . . . |
@guitar | e2-g2-b2 . . . | g2-b2-d3 . . . | d2-f#2-a2 . . . | a2-c#3-e3 . . . | vel: 50

[OUT] (Outro - 4 Bars)
Chords: | Bm . . . | A . . . | G . . . | F# . . . |
@guitar | b2-d3-f#3 . . . | a2-c#3-e3 . . . | g2-b2-d3 . . . | f#2-a2-c#3 . . . | vel: 40
