**TRACK: Panama**
[MetaData]  
key: A | tempo: 96 | subdivision: 8th  
time: 4/4 | mood: Driving  

[V1] (Verse - 8 Bars)  
Chords: | A . . . | D . . . | A . . . | D . . . | A . . . | D . . . | E . . . | E . . . |  
@guitar | a2-e3-a3 . . . | d2-a2-d3 . . . | a2-e3-a3 . . . | d2-a2-d3 . . . | a2-e3-a3 . . . | d2-a2-d3 . . . | e2-b2-e3 . . . | e2-b2-e3 . . . | vel: 58  

[V2] (Verse - 8 Bars)  
Chords: | A . . . | D . . . | A . . . | D . . . | A . . . | D . . . | E . . . | E . . . |  
@guitar | a2-e3-a3 . . . | d2-a2-d3 . . . | a2-e3-a3 . . . | d2-a2-d3 . . . | a2-e3-a3 . . . | d2-a2-d3 . . . | e2-b2-e3 . . . | e2-b2-e3 . . . | vel: 58  

[CH] (Chorus - 8 Bars)  
Chords: | A . . . | D . . . | A . . . | D . . . | A . . . | D . . . | E . . . | E . . . |  
@guitar | a2-e3-a3 . . . | d2-a2-d3 . . . | a2-e3-a3 . . . | d2-a2-d3 . . . | a2-e3-a3 . . . | d2-a2-d3 . . . | e2-b2-e3 . . . | e2-b2-e3 . . . | vel: 64  

[BR] (Bridge - 4 Bars)  
Chords: | F#m . . . | D . . . | E . . . | E . . . |  
@guitar | f#2-c#3-f#3 . . . | d2-a2-d3 . . . | e2-b2-e3 . . . | e2-b2-e3 . . . | vel: 62
