**TRACK: Love Train**
[MetaData]
key: F | tempo: 118 | subdivision: 8th
time: 4/4 | mood: Uplifting

[V1] (Verse - 8 Bars)
Chords: | Bb . . . | F . . . | C . . . | F . . . |
@guitar | bb2-d3-f3 . . . | f2-a2-c3 . . . | c3-e3-g3 . . . | f2-a2-c3 . . . | vel: 55

[V2] (Verse - 8 Bars)
Chords: | Bb . . . | F . . . | C . . . | F . . . |
@guitar | bb2-d3-f3 . . . | f2-a2-c3 . . . | c3-e3-g3 . . . | f2-a2-c3 . . . | vel: 55

[CH] (Chorus - 8 Bars)
Chords: | F . . . | Bb . . . | F . . . | C . . . | F . . . | Bb . . . | C . . . | F . . . |
@guitar | f2-a2-c3 . . . | bb2-d3-f3 . . . | f2-a2-c3 . . . | c3-e3-g3 . . . | f2-a2-c3 . . . | bb2-d3-f3 . . . | c3-e3-g3 . . . | f2-a2-c3 . . . | vel: 62

[BR] (Bridge - 4 Bars)
Chords: | Dm . . . | Bb . . . | C . . . | C . . . |
@guitar | d3-f3-a3 . . . | bb2-d3-f3 . . . | c3-e3-g3 . . . | c3-e3-g3 . . . | vel: 58

[CH] (Chorus - 8 Bars)
Chords: | F . . . | Bb . . . | F . . . | C . . . | F . . . | Bb . . . | C . . . | F . . . |
@guitar | f2-a2-c3 . . . | bb2-d3-f3 . . . | f2-a2-c3 . . . | c3-e3-g3 . . . | f2-a2-c3 . . . | bb2-d3-f3 . . . | c3-e3-g3 . . . | f2-a2-c3 . . . | vel: 62
