**TRACK: Buffalo Gals**
[MetaData]
key: G | tempo: 120 | subdivision: 8th
time: 4/4 | mood: Playful

[V1] (Verse - 4 Bars)
Chords: | G . . . | D . . . | G . . . | D . . . |
Melody: | B3 . D4 . | A3 . C4 . | B3 . D4 . | A3 . F#3 . |
Lyrics: | As I was walk-ing down the street, | down the street, down the street, |
@piano | g2-b2-d3 . . . | d2-f#2-a2 . . . | g2-b2-d3 . . . | d2-f#2-a2 . . . | vel: 55

[CH] (Chorus - 4 Bars)
Chords: | G . . . | C . . . | G . . . | D . . . |
Melody: | B3 . D4 . | E4 . C4 . | B3 . A3 . | G3 . F#3 . |
Lyrics: | Buf-fa-lo Gals, won't you come out to-night, | come out to-night, come out to-night, |
@piano | g2-b2-d3 . . . | c2-e2-g2 . . . | g2-b2-d3 . . . | d2-f#2-a2 . . . | vel: 58

[V2] (Verse - 4 Bars)
Chords: | G . . . | D . . . | G . . . | D . . . |
Melody: | B3 . D4 . | A3 . C4 . | B3 . D4 . | G3 . A3 . |
Lyrics: | I danced with a girl with a hole in her stock-ing, | and her heel kept a-rock-ing, |
@piano | g2-b2-d3 . . . | d2-f#2-a2 . . . | g2-b2-d3 . . . | d2-f#2-a2 . . . | vel: 55
