**TRACK: There Was an Old Woman Who Lived in a Shoe**
[MetaData]  
key: C | tempo: 100 | subdivision: 8th  
time: 4/4 | mood: Playful  

[V1] (Verse - 4 Bars)  
Chords: | C . . . | G . . . | C . . . | G . . . |  
Melody: | E4 . G4 . | D4 . B3 . | E4 . G4 . | D4 . B3 . |  
Lyrics: | There was an old | wo-man who lived | in a shoe, | she had so |  
@piano | c3-e3-g3 . . . | g2-b2-d3 . . . | c3-e3-g3 . . . | g2-b2-d3 . . . | vel: 55  

[V2] (Verse - 4 Bars)  
Chords: | C . . . | F . . . | C . . . | G . . . |  
Melody: | E4 . G4 . | A4 . F4 . | E4 . G4 . | D4 . B3 . |  
Lyrics: | ma-ny chil-dren | she did-n't know | what to do, | she gave them |  
@piano | c3-e3-g3 . . . | f2-a2-c3 . . . | c3-e3-g3 . . . | g2-b2-d3 . . . | vel: 55  

[CH] (Chorus - 4 Bars)  
Chords: | C . . . | G . . . | C . . . | G . . . |  
Melody: | C4 . E4 . | D4 . B3 . | C4 . E4 . | G3 . B3 . |  
Lyrics: | broth with-out bread, | and whipped them all | sound-ly, and | put them to bed. |  
@piano | c3-e3-g3 . . . | g2-b2-d3 . . . | c3-e3-g3 . . . | g2-b2-d3 . . . | vel: 60
