**TRACK: John Kanaka**
[MetaData]
key: Dm | tempo: 96 | subdivision: 8th
time: 4/4 | mood: Sea Shanty

[V1] (Verse - 4 Bars)
Chords: | Dm . . . | A . . . | Dm . . . | A . . . |
Melody: | D4 . F4 . | E4 . C#4 . | D4 . F4 . | E4 . C#4 . |
Lyrics: | John Kan-a-ka | na-ka tu-lai | John Kan-a-ka | na-ka tu-lai |
@piano | d2-f2-a2 . . . | a1-c#2-e2 . . . | d2-f2-a2 . . . | a1-c#2-e2 . . . | vel: 50

[CH] (Chorus - 4 Bars)
Chords: | Dm . . . | C . . . | Dm . . . | A . . . |
Melody: | D4 . F4 . | E4 . G4 . | D4 . F4 . | E4 . C#4 . |
Lyrics: | John Kan-a-ka | na-ka tu-lai | John Kan-a-ka | na-ka tu-lai |
@piano | d2-f2-a2 . . . | c2-e2-g2 . . . | d2-f2-a2 . . . | a1-c#2-e2 . . . | vel: 55

[V2] (Verse - 4 Bars)
Chords: | Dm . . . | A . . . | Dm . . . | A . . . |
Melody: | D4 . F4 . | E4 . C#4 . | D4 . F4 . | E4 . C#4 . |
Lyrics: | Oh way, John Kan-a-ka | na-ka tu-lai | Oh way, John Kan-a-ka | na-ka tu-lai |
@piano | d2-f2-a2 . . . | a1-c#2-e2 . . . | d2-f2-a2 . . . | a1-c#2-e2 . . . | vel: 50

[CH] (Chorus - 4 Bars)
Chords: | Dm . . . | C . . . | Dm . . . | A . . . |
Melody: | D4 . F4 . | E4 . G4 . | D4 . F4 . | E4 . C#4 . |
Lyrics: | John Kan-a-ka | na-ka tu-lai | John Kan-a-ka | na-ka tu-lai |
@piano | d2-f2-a2 . . . | c2-e2-g2 . . . | d2-f2-a2 . . . | a1-c#2-e2 . . . | vel: 55
