**TRACK: Killaloe (Shanties)**
[MetaData]
key: Dm | tempo: 96 | subdivision: 8th
time: 4/4 | mood: Steady, rollicking

[V1] (Verse - 4 Bars)
Chords: | Dm . . . | A7 . . . | Dm . . . | A7 . . . |
Melody: | D4 . F4 . | E4 . C#4 . | D4 . F4 . | A3 . C#4 . |
Lyrics: | Oh the | wind blows | free o’er | Kill - a - |
| loe, boys, | the | sea runs | high |
@piano | d3-f3-a3 . . . | a2-c#3-e3 . . . | d3-f3-a3 . . . | a2-c#3-e3 . . . | vel: 55

[V2] (Verse - 4 Bars)
Chords: | Dm . . . | A7 . . . | Dm . . . | A7 . . . |
Melody: | D4 . F4 . | E4 . C#4 . | D4 . F4 . | A3 . C#4 . |
Lyrics: | With a | heave and a | haul, we’ll | sing or |
| die, for the | stout | shan - | ty |
@piano | d3-f3-a3 . . . | a2-c#3-e3 . . . | d3-f3-a3 . . . | a2-c#3-e3 . . . | vel: 55

[CH] (Chorus - 4 Bars)
Chords: | Dm . . . | Bb . . . | F . . . | A7 . . . |
Melody: | F4 . A4 . | D4 . F4 . | A4 . C5 . | E4 . C#4 . |
Lyrics: | Kill - a - | loe, boys, | Kill - a - | loe! |
| Heave her up, | and | let her | go! |
@piano | d3-f3-a3 . . . | bb2-d3-f3 . . . | f2-a2-c3 . . . | a2-c#3-e3 . . . | vel: 60
