**TRACK: Stormy Weather (Shanties)**
[MetaData]
key: Am | tempo: 90 | subdivision: 8th
time: 4/4 | mood: Gentle

[V1] (Verse - 4 Bars)
Chords: | Am . . . | Am . . . | F . . . | E . . . |
Melody: | A3 . C4 . | A3 . C4 . | F4 . . . | E4 . . . |
Lyrics: | Storm - y | weath - er | since my | man and |
| I . . . | . . . . | . . . . | . . . . |
@piano | a2-e3-a3 . . . | a2-e3-a3 . . . | f2-a2-c3 . . . | e2-g#2-b2 . . . | vel: 50

[V2] (Verse - 4 Bars)
Chords: | Am . . . | Am . . . | F . . . | E . . . |
Melody: | A3 . C4 . | A3 . C4 . | F4 . . . | E4 . . . |
Lyrics: | Kept rain - in' | all the | time . . | . . . . |
| The sun's | gone . . | from my | door . . |
@piano | a2-e3-a3 . . . | a2-e3-a3 . . . | f2-a2-c3 . . . | e2-g#2-b2 . . . | vel: 50

[CH] (Chorus - 4 Bars)
Chords: | Dm . . . | Dm . . . | Am . . . | E . . . |
Melody: | D4 . F4 . | D4 . F4 . | A3 . C4 . | E4 . . . |
Lyrics: | Storm - y | weath - er | since my | man and |
| I . . . | . . . . | . . . . | . . . . |
@piano | d2-f2-a2 . . . | d2-f2-a2 . . . | a2-e3-a3 . . . | e2-g#2-b2 . . . | vel: 55

[V3] (Verse - 4 Bars)
Chords: | Am . . . | Am . . . | F . . . | E . . . |
Melody: | A3 . C4 . | A3 . C4 . | F4 . . . | E4 . . . |
Lyrics: | All the | time . . | wea - | ther . . |
| Keeps rain - | in' all | the time | . . . . |
@piano | a2-e3-a3 . . . | a2-e3-a3 . . . | f2-a2-c3 . . . | e2-g#2-b2 . . . | vel: 50
