**TRACK: Up She Rises**
[MetaData]
key: Dm | tempo: 100 | subdivision: 8th
time: 3/4 | mood: Sea shanty, lively

[V1] (Verse - 4 Bars)
Chords: | Dm . . . | A7 . . . | Dm . . . | A7 . . . |
Melody: | D4 . F4 . | C#4 . E4 . | D4 . F4 . | C#4 . E4 . |
Lyrics: | Up she ris - es | Up she ris - es | Early in the | morn - ing |
@piano | d3-f3-a3 . . . | a2-c#3-e3 . . . | d3-f3-a3 . . . | a2-c#3-e3 . . . | vel: 60

[CH] (Chorus - 4 Bars)
Chords: | Dm . . . | C . . . | Dm . . . | A7 . . . |
Melody: | D4 . A3 . | C4 . E4 . | D4 . F4 . | C#4 . E4 . |
Lyrics: | And we’ll all | dance a - round | the cap - stan | up she ris - es |
@piano | d3-f3-a3 . . . | c3-e3-g3 . . . | d3-f3-a3 . . . | a2-c#3-e3 . . . | vel: 62

[V2] (Verse - 4 Bars)
Chords: | Dm . . . | A7 . . . | Dm . . . | A7 . . . |
Melody: | D4 . F4 . | C#4 . E4 . | D4 . F4 . | C#4 . E4 . |
Lyrics: | What do you | do with a | drunk - en sail - or | earl - y in the |
@piano | d3-f3-a3 . . . | a2-c#3-e3 . . . | d3-f3-a3 . . . | a2-c#3-e3 . . . | vel: 58

[CH] (Chorus - 4 Bars)
Chords: | Dm . . . | C . . . | Dm . . . | A7 . . . |
Melody: | D4 . A3 . | C4 . E4 . | D4 . F4 . | C#4 . E4 . |
Lyrics: | And we’ll all | dance a - round | the cap - stan | up she ris - es |
@piano | d3-f3-a3 . . . | c3-e3-g3 . . . | d3-f3-a3 . . . | a2-c#3-e3 . . . | vel: 62
