**TRACK: Huang Jia Ren**
[MetaData]
key: A minor | tempo: 126 | subdivision: 8th
time: 4/4 | mood: Driving

[V1] (Verse - 8 Bars)
Chords: | Am . . . | Am . . . | F . . . | G . . . |
| Am . . . | Am . . . | F . . . | E . . . |
@guitar | a2-e3-a3 . . . | a2-e3-a3 . . . | f2-a2-c3 . . . | g2-b2-d3 . . . |
| a2-e3-a3 . . . | a2-e3-a3 . . . | f2-a2-c3 . . . | e2-g#2-b2 . . . | vel: 55

[CH] (Chorus - 8 Bars)
Chords: | F . . . | G . . . | Am . . . | Am . . . |
| F . . . | G . . . | E . . . | E . . . |
@guitar | f2-a2-c3 . . . | g2-b2-d3 . . . | a2-e3-a3 . . . | a2-e3-a3 . . . |
| f2-a2-c3 . . . | g2-b2-d3 . . . | e2-g#2-b2 . . . | e2-g#2-b2 . . . | vel: 65

[BR] (Bridge - 4 Bars)
Chords: | Dm . . . | Dm . . . | Am . . . | E . . . |
@guitar | d2-f2-a2 . . . | d2-f2-a2 . . . | a2-e3-a3 . . . | e2-g#2-b2 . . . | vel: 50

[V2] (Verse - 8 Bars)
Chords: | Am . . . | Am . . . | F . . . | G . . . |
| Am . . . | Am . . . | F . . . | E . . . |
@guitar | a2-e3-a3 . . . | a2-e3-a3 . . . | f2-a2-c3 . . . | g2-b2-d3 . . . |
| a2-e3-a3 . . . | a2-e3-a3 . . . | f2-a2-c3 . . . | e2-g#2-b2 . . . | vel: 55

[CH] (Chorus - 8 Bars)
Chords: | F . . . | G . . . | Am . . . | Am . . . |
| F . . . | G . . . | E . . . | E . . . |
@guitar | f2-a2-c3 . . . | g2-b2-d3 . . . | a2-e3-a3 . . . | a2-e3-a3 . . . |
| f2-a2-c3 . . . | g2-b2-d3 . . . | e2-g#2-b2 . . . | e
