**TRACK: Qing Ren De Guan Huai**
[MetaData]
key: F | tempo: 78 | subdivision: 8th
time: 4/4 | mood: Tender

[V1] (Verse - 8 Bars)
Chords: | F . . . | Dm . . . | Bb . . . | C . . . |
@guitar | f2-a2-c3 . . . | d2-f2-a2 . . . | bb2-d3-f3 . . . | c2-e2-g2 . . . | vel: 50
| F . . . | Dm . . . | Gm . . . | C . . . |
@guitar | f2-a2-c3 . . . | d2-f2-a2 . . . | g2-bb2-d3 . . . | c2-e2-g2 . . . | vel: 50

[V2] (Verse - 8 Bars)
Chords: | F . . . | Dm . . . | Bb . . . | C . . . |
@guitar | f2-a2-c3 . . . | d2-f2-a2 . . . | bb2-d3-f3 . . . | c2-e2-g2 . . . | vel: 52
| F . . . | Dm . . . | Gm . . . | C . . . |
@guitar | f2-a2-c3 . . . | d2-f2-a2 . . . | g2-bb2-d3 . . . | c2-e2-g2 . . . | vel: 52

[CH] (Chorus - 8 Bars)
Chords: | F . . . | C . . . | Dm . . . | Bb . . . |
@guitar | f2-a2-c3 . . . | c2-e2-g2 . . . | d2-f2-a2 . . . | bb2-d3-f3 . . . | vel: 60
| F . . . | C . . . | Gm . . . | C . . . |
@guitar | f2-a2-c3 . . . | c2-e2-g2 . . . | g2-bb2-d3 . . . | c2-e2-g2 . . . | vel: 60

[BR] (Bridge - 4 Bars)
Chords: | Bb . . . | Gm . . . | C . . . | C . . . |
@guitar | bb2-d3-f3 . . . | g2-bb2-d3 . . . | c2-e2-g2 . . . | c2-e2-g2 . . . | vel: 55

[OUT] (Outro - 4 Bars)
Chords: | F . . . | Dm . . . | Bb . . . | C . . . |
@guitar | f2-a2-c3 . . . | d2-f2-a2 . . . | bb2-d3-f3 . . . | c2-e2-g2 . . . | vel: 45
