**TRACK: Ahora Quien**
[MetaData]
key: Gm | tempo: 88 | subdivision: 8th
time: 4/4 | mood: Dramatic, Bolero

[V1] (Verse - 8 Bars)
Chords: | Gm . . . | D7 . . . | Gm . . . | Eb . . . |
| Cm . . . | D7 . . . | Gm . . . | D7 . . . |
@guitar | g2-bb2-d3 . . . | d2-f#2-a2 . . . | g2-bb2-d3 . . . | eb2-g2-bb2 . . . | vel: 45
@guitar | c3-eb3-g3 . . . | d2-f#2-a2 . . . | g2-bb2-d3 . . . | d2-f#2-a2 . . . | vel: 45

[CH] (Chorus - 8 Bars)
Chords: | Gm . . . | Eb . . . | Bb . . . | F . . . |
| Gm . . . | Eb . . . | Cm . . . | D7 . . . |
@guitar | g2-bb2-d3 . . . | eb2-g2-bb2 . . . | bb2-d3-f3 . . . | f2-a2-c3 . . . | vel: 60
@guitar | g2-bb2-d3 . . . | eb2-g2-bb2 . . . | c3-eb3-g3 . . . | d2-f#2-a2 . . . | vel: 60

[BR] (Bridge - 4 Bars)
Chords: | Cm . . . | F . . . | Bb . . . | D7 . . . |
@guitar | c3-eb3-g3 . . . | f2-a2-c3 . . . | bb2-d3-f3 . . . | d2-f#2-a2 . . . | vel: 50

[OUT] (Outro - 4 Bars)
Chords: | Gm . . . | Eb . . . | Cm . . . | D7 . . . |
@guitar | g2-bb2-d3 . . . | eb2-g2-bb2 . . . | c3-eb3-g3 . . . | d2-f#2-a2 . . . | vel: 40
