**TRACK: Corazón Partío**
[MetaData]
key: Bm | tempo: 92 | subdivision: 8th
time: 4/4 | mood: Driving

[V1] (Verse - 8 Bars)
Chords: | Bm . . . | G . . . | D . . . | A . . . | Bm . . . | G . . . | D . . . | A . . . |
@guitar | b2-d3-f#3 . . . | g2-b2-d3 . . . | d3-f#3-a3 . . . | a2-c#3-e3 . . . | b2-d3-f#3 . . . | g2-b2-d3 . . . | d3-f#3-a3 . . . | a2-c#3-e3 . . . | vel: 55

[CH] (Chorus - 8 Bars)
Chords: | G . . . | D . . . | A . . . | Bm . . . | G . . . | D . . . | A . . . | A . . . |
@guitar | g2-b2-d3 . . . | d3-f#3-a3 . . . | a2-c#3-e3 . . . | b2-d3-f#3 . . . | g2-b2-d3 . . . | d3-f#3-a3 . . . | a2-c#3-e3 . . . | a2-c#3-e3 . . . | vel: 60

[BR] (Bridge - 4 Bars)
Chords: | Em . . . | A . . . | D . . . | F# . . . |
@guitar | e3-g3-b3 . . . | a2-c#3-e3 . . . | d3-f#3-a3 . . . | f#2-a#2-c#3 . . . | vel: 50

[V2] (Verse - 8 Bars)
Chords: | Bm . . . | G . . . | D . . . | A . . . | Bm . . . | G . . . | D . . . | A . . . |
@guitar | b2-d3-f#3 . . . | g2-b2-d3 . . . | d3-f#3-a3 . . . | a2-c#3-e3 . . . | b2-d3-f#3 . . . | g2-b2-d3 . . . | d3-f#3-a3 . . . | a2-c#3-e3 . . . | vel: 55

[CH] (Chorus - 8 Bars)
Chords: | G . . . | D . . . | A . . . | Bm . . . | G . . . | D . . . | A . . . | A . . . |
@guitar | g2-b2-d3 . . . | d3-f#3-a3 . . . | a2-c#3-e3 . . . | b2-d3-f#3 . . . | g2-b2-d3 . . . | d3
