**TRACK: Mujeres Divinas**
[MetaData]
key: G | tempo: 100 | subdivision: 8th
time: 3/4 | mood: Rancheria

[V1] (Verse - 8 Bars)
Chords: | G . . . | D7 . . . | G . . . | C . . . | G . . . | D7 . . . | G . . . | G . . . |
@guitar | g2-b2-d3 . . . | d2-f#2-a2 . . . | g2-b2-d3 . . . | c3-e3-g3 . . . | g2-b2-d3 . . . | d2-f#2-a2 . . . | g2-b2-d3 . . . | g2-b2-d3 . . . | vel: 55

[V2] (Verse - 8 Bars)
Chords: | G . . . | D7 . . . | G . . . | C . . . | G . . . | D7 . . . | G . . . | G . . . |
@guitar | g2-b2-d3 . . . | d2-f#2-a2 . . . | g2-b2-d3 . . . | c3-e3-g3 . . . | g2-b2-d3 . . . | d2-f#2-a2 . . . | g2-b2-d3 . . . | g2-b2-d3 . . . | vel: 55

[CH] (Chorus - 8 Bars)
Chords: | C . . . | G . . . | D7 . . . | G . . . | C . . . | G . . . | D7 . . . | G . . . |
@guitar | c3-e3-g3 . . . | g2-b2-d3 . . . | d2-f#2-a2 . . . | g2-b2-d3 . . . | c3-e3-g3 . . . | g2-b2-d3 . . . | d2-f#2-a2 . . . | g2-b2-d3 . . . | vel: 60

[BR] (Bridge - 4 Bars)
Chords: | Em . . . | A7 . . . | D7 . . . | G . . . |
@guitar | e2-g2-b2 . . . | a2-c#3-e3 . . . | d2-f#2-a2 . . . | g2-b2-d3 . . . | vel: 50
