**TRACK: Rompe**
[MetaData]
key: Am | tempo: 96 | subdivision: 8th
time: 4/4 | mood: Driving

[V1] (Verse - 8 Bars)
Chords: | Am . . . | Am . . . | F . . . | F . . . | Am . . . | Am . . . | G . . . | G . . . |
@guitar | a2-e3-a3 . . . | a2-e3-a3 . . . | f2-a2-c3 . . . | f2-a2-c3 . . . | a2-e3-a3 . . . | a2-e3-a3 . . . | g2-b2-d3 . . . | g2-b2-d3 . . . | vel: 55

[CH] (Chorus - 8 Bars)
Chords: | C . . . | C . . . | G . . . | G . . . | Am . . . | Am . . . | F . . . | F . . . |
@guitar | c3-e3-g3 . . . | c3-e3-g3 . . . | g2-b2-d3 . . . | g2-b2-d3 . . . | a2-e3-a3 . . . | a2-e3-a3 . . . | f2-a2-c3 . . . | f2-a2-c3 . . . | vel: 60

[BR] (Bridge - 4 Bars)
Chords: | Dm . . . | Dm . . . | Am . . . | Am . . . |
@guitar | d3-f3-a3 . . . | d3-f3-a3 . . . | a2-e3-a3 . . . | a2-e3-a3 . . . | vel: 50

[V2] (Verse - 8 Bars)
Chords: | Am . . . | Am . . . | F . . . | F . . . | Am . . . | Am . . . | G . . . | G . . . |
@guitar | a2-e3-a3 . . . | a2-e3-a3 . . . | f2-a2-c3 . . . | f2-a2-c3 . . . | a2-e3-a3 . . . | a2-e3-a3 . . . | g2-b2-d3 . . . | g2-b2-d3 . . . | vel: 55

[CH] (Chorus - 8 Bars)
Chords: | C . . . | C . . . | G . . . | G . . . | Am . . . | Am . . . | F . . . | F . . . |
@guitar | c3-e3-g3 . . . | c3-e3-g3 . . . | g2-b2-d3 . . . | g2-b2-d3 . . . | a2-e3-a3 . . . | a2-e3-a3 . . . | f2-a2-c3 . . . | f2-a2-c3 . . . | vel: 60
