**TRACK: La Fille du père Noël**
[MetaData]
key: Dm | tempo: 130 | subdivision: 8th
time: 4/4 | mood: Swinging Rock

[V1] (Verse - 8 Bars)
Chords: | Dm . . . | Dm . . . | Bb . . . | Bb . . . | F . . . | F . . . | A7 . . . | A7 . . . |
@guitar | d3-f3-a3 . . . | d3-f3-a3 . . . | bb2-d3-f3 . . . | bb2-d3-f3 . . . | f2-a2-c3 . . . | f2-a2-c3 . . . | a2-c#3-e3 . . . | a2-c#3-e3 . . . | vel: 55

[V2] (Verse - 8 Bars)
Chords: | Dm . . . | Dm . . . | Bb . . . | Bb . . . | F . . . | F . . . | A7 . . . | A7 . . . |
@guitar | d3-f3-a3 . . . | d3-f3-a3 . . . | bb2-d3-f3 . . . | bb2-d3-f3 . . . | f2-a2-c3 . . . | f2-a2-c3 . . . | a2-c#3-e3 . . . | a2-c#3-e3 . . . | vel: 55

[CH] (Chorus - 8 Bars)
Chords: | Bb . . . | F . . . | C7 . . . | C7 . . . | F . . . | F . . . | A7 . . . | A7 . . . |
@guitar | bb2-d3-f3 . . . | f2-a2-c3 . . . | c3-e3-bb3 . . . | c3-e3-bb3 . . . | f2-a2-c3 . . . | f2-a2-c3 . . . | a2-c#3-e3 . . . | a2-c#3-e3 . . . | vel: 60

[BR] (Bridge - 4 Bars)
Chords: | Gm . . . | C7 . . . | A7 . . . | A7 . . . |
@guitar | g2-bb2-d3 . . . | c3-e3-bb3 . . . | a2-c#3-e3 . . . | a2-c#3-e3 . . . | vel: 50

[OUT] (Outro - 4 Bars)
Chords: | Dm . . . | Dm . . . | Dm . . . | Dm . . . |
@guitar | d3-f3-a3 . . . | d3-f3-a3 . . . | d3-f3-a3 . . . | d3-f3-a3 . . . | vel: 45
