**TRACK: Le P'tit Bal perdu**
[MetaData]
key: Dm | tempo: 120 | subdivision: 8th
time: 3/4 | mood: Nostalgic Waltz

[V1] (Verse - 8 Bars)
Chords: | Dm . . . | A7 . . . | Dm . . . | Dm . . . |
| Gm . . . | A7 . . . | Dm . . . | A7 . . . |
@guitar | d3-f3-a3 . . . | a2-c#3-e3 . . . | d3-f3-a3 . . . | d3-f3-a3 . . . | g2-bb2-d3 . . . | a2-c#3-e3 . . . | d3-f3-a3 . . . | a2-c#3-e3 . . . | vel: 55

[V2] (Verse - 8 Bars)
Chords: | Dm . . . | A7 . . . | Dm . . . | Dm . . . |
| Gm . . . | A7 . . . | Dm . . . | A7 . . . |
@guitar | d3-f3-a3 . . . | a2-c#3-e3 . . . | d3-f3-a3 . . . | d3-f3-a3 . . . | g2-bb2-d3 . . . | a2-c#3-e3 . . . | d3-f3-a3 . . . | a2-c#3-e3 . . . | vel: 55

[CH] (Chorus - 8 Bars)
Chords: | Dm . . . | Bb . . . | F . . . | C7 . . . |
| Dm . . . | Bb . . . | A7 . . . | A7 . . . |
@guitar | d3-f3-a3 . . . | bb2-d3-f3 . . . | f2-a2-c3 . . . | c3-e3-g3 . . . | d3-f3-a3 . . . | bb2-d3-f3 . . . | a2-c#3-e3 . . . | a2-c#3-e3 . . . | vel: 60

[BR] (Bridge - 4 Bars)
Chords: | Gm . . . | C7 . . . | F . . . | A7 . . . |
@guitar | g2-bb2-d3 . . . | c3-e3-g3 . . . | f2-a2-c3 . . . | a2-c#3-e3 . . . | vel: 50

[OUT] (Outro - 4 Bars)
Chords: | Dm . . . | A7 . . . | Dm . . . | Dm . . . |
@guitar | d3-f3-a3 . . . | a2-c#3-e3 . . . | d3-f3-a3 . . . | d3-f3-a3 . . . | vel: 45
