**TRACK: Le Tango corse**
[MetaData]
key: Dm | tempo: 120 | subdivision: 8th
time: 2/4 | mood: Driving

[V1] (Verse - 8 Bars)
Chords: | Dm . . . | A7 . . . | Dm . . . | A7 . . . |
@guitar | d3-f3-a3 . . . | a2-c#3-e3 . . . | d3-f3-a3 . . . | a2-c#3-e3 . . . | vel: 55
Chords: | Dm . . . | Gm . . . | A7 . . . | A7 . . . |
@guitar | d3-f3-a3 . . . | g2-bb2-d3 . . . | a2-c#3-e3 . . . | a2-c#3-e3 . . . | vel: 55

[CH] (Chorus - 8 Bars)
Chords: | Dm . . . | Dm . . . | Gm . . . | Gm . . . |
@guitar | d3-f3-a3 . . . | d3-f3-a3 . . . | g2-bb2-d3 . . . | g2-bb2-d3 . . . | vel: 60
Chords: | A7 . . . | A7 . . . | Dm . . . | Dm . . . |
@guitar | a2-c#3-e3 . . . | a2-c#3-e3 . . . | d3-f3-a3 . . . | d3-f3-a3 . . . | vel: 60

[BR] (Bridge - 4 Bars)
Chords: | Bb . . . | Bb . . . | A7 . . . | A7 . . . |
@guitar | bb2-d3-f3 . . . | bb2-d3-f3 . . . | a2-c#3-e3 . . . | a2-c#3-e3 . . . | vel: 50

[V2] (Verse - 8 Bars)
Chords: | Dm . . . | A7 . . . | Dm . . . | A7 . . . |
@guitar | d3-f3-a3 . . . | a2-c#3-e3 . . . | d3-f3-a3 . . . | a2-c#3-e3 . . . | vel: 55
Chords: | Dm . . . | Gm . . . | A7 . . . | A7 . . . |
@guitar | d3-f3-a3 . . . | g2-bb2-d3 . . . | a2-c#3-e3 . . . | a2-c#3-e3 . . . | vel: 55

[CH] (Chorus - 8 Bars)
Chords: | Dm . . . | Dm . . . | Gm . . . | Gm . . . |
@guitar | d3-f3-a3 . . . | d3-f3-a3 . . . | g2-bb
