**TRACK: Mon Manège à moi**
[MetaData]
key: C | tempo: 120 | subdivision: 8th
time: 3/4 | mood: Waltz

[V1] (Verse - 8 Bars)
Chords: | C . . . | Am . . . | Dm . . . | G7 . . . | C . . . | Am . . . | Dm . . . | G7 . . . |
@guitar | c3-e3-g3 . . . | a2-c3-e3 . . . | d3-f3-a3 . . . | g2-b2-d3-f3 . . . | c3-e3-g3 . . . | a2-c3-e3 . . . | d3-f3-a3 . . . | g2-b2-d3-f3 . . . | vel: 55

[V2] (Verse - 8 Bars)
Chords: | C . . . | Am . . . | Dm . . . | G7 . . . | C . . . | E7 . . . | Am . . . | G7 . . . |
@guitar | c3-e3-g3 . . . | a2-c3-e3 . . . | d3-f3-a3 . . . | g2-b2-d3-f3 . . . | c3-e3-g3 . . . | e2-g#2-b2-d3 . . . | a2-c3-e3 . . . | g2-b2-d3-f3 . . . | vel: 55

[CH] (Chorus - 8 Bars)
Chords: | C . . . | C . . . | F . . . | G7 . . . | C . . . | C . . . | F . . . | G7 . . . |
@guitar | c3-e3-g3 . . . | c3-e3-g3 . . . | f2-a2-c3 . . . | g2-b2-d3-f3 . . . | c3-e3-g3 . . . | c3-e3-g3 . . . | f2-a2-c3 . . . | g2-b2-d3-f3 . . . | vel: 60

[BR] (Bridge - 4 Bars)
Chords: | Dm . . . | G7 . . . | C . . . | E7 . . . |
@guitar | d3-f3-a3 . . . | g2-b2-d3-f3 . . . | c3-e3-g3 . . . | e2-g#2-b2-d3 . . . | vel: 50
