**TRACK: On the Sunny Side of the Street (Du côté de chez moi)**
[MetaData]
key: C | tempo: 120 | subdivision: 8th
time: 4/4 | mood: Swing

[V1] (Verse - 8 Bars)
Chords: | C . . . | E7 . . . | A7 . . . | Dm . . . | C . . . | E7 . . . | A7 . . . | Dm . . . |
@guitar | c3-e3-g3 . . . | e2-g#2-b2 . . . | a2-c#3-e3 . . . | d2-f2-a2 . . . | c3-e3-g3 . . . | e2-g#2-b2 . . . | a2-c#3-e3 . . . | d2-f2-a2 . . . | vel: 55

[V2] (Verse - 8 Bars)
Chords: | C . . . | E7 . . . | A7 . . . | Dm . . . | F . . . | F#dim . . . | C . . . | G7 . . . |
@guitar | c3-e3-g3 . . . | e2-g#2-b2 . . . | a2-c#3-e3 . . . | d2-f2-a2 . . . | f2-a2-c3 . . . | f#2-a2-c3 . . . | c3-e3-g3 . . . | g2-b2-d3 . . . | vel: 55

[CH] (Chorus - 8 Bars)
Chords: | C . . . | A7 . . . | Dm . . . | G7 . . . | C . . . | A7 . . . | Dm . . . | G7 . . . |
@guitar | c3-e3-g3 . . . | a2-c#3-e3 . . . | d2-f2-a2 . . . | g2-b2-d3 . . . | c3-e3-g3 . . . | a2-c#3-e3 . . . | d2-f2-a2 . . . | g2-b2-d3 . . . | vel: 60

[BR] (Bridge - 4 Bars)
Chords: | F . . . | F#dim . . . | C . . . | A7 . . . |
@guitar | f2-a2-c3 . . . | f#2-a2-c3 . . . | c3-e3-g3 . . . | a2-c#3-e3 . . . | vel: 55

[V3] (Verse - 8 Bars)
Chords: | Dm . . . | G7 . . . | C . . . | E7 . . . | A7 . . . | Dm . . . | G7 . . . | C . . . |
@guitar | d2-f2-a2 . . . | g2-b2-d3 . . . | c3-e3-g3 . . . | e2-g#2-b2 . .
