**TRACK: Syracuse**
[MetaData]
key: Dm | tempo: 100 | subdivision: 8th
time: 4/4 | mood: Bossa Nova

[V1] (Verse - 8 Bars)
Chords: | Dm . . . | Dm . . . | Gm . . . | Gm . . . | Dm . . . | Dm . . . | A7 . . . | A7 . . . |
@guitar | d3-f3-a3 . . . | d3-f3-a3 . . . | g2-bb2-d3 . . . | g2-bb2-d3 . . . | d3-f3-a3 . . . | d3-f3-a3 . . . | a2-c#3-e3 . . . | a2-c#3-e3 . . . | vel: 55

[V2] (Verse Variation - 8 Bars)
Chords: | Dm . . . | Dm . . . | Gm . . . | Gm . . . | Dm . . . | Bb . . . | A7 . . . | A7 . . . |
@guitar | d3-f3-a3 . . . | d3-f3-a3 . . . | g2-bb2-d3 . . . | g2-bb2-d3 . . . | d3-f3-a3 . . . | bb2-d3-f3 . . . | a2-c#3-e3 . . . | a2-c#3-e3 . . . | vel: 55

[CH] (Chorus - 8 Bars)
Chords: | Dm . . . | Dm . . . | Gm . . . | Gm . . . | Dm . . . | Bb . . . | A7 . . . | A7 . . . |
@guitar | d3-f3-a3 . . . | d3-f3-a3 . . . | g2-bb2-d3 . . . | g2-bb2-d3 . . . | d3-f3-a3 . . . | bb2-d3-f3 . . . | a2-c#3-e3 . . . | a2-c#3-e3 . . . | vel: 60

[BR] (Bridge - 4 Bars)
Chords: | Gm . . . | A7 . . . | Dm . . . | A7 . . . |
@guitar | g2-bb2-d3 . . . | a2-c#3-e3 . . . | d3-f3-a3 . . . | a2-c#3-e3 . . . | vel: 58
