**TRACK: A Wonderful Guy**
[MetaData]
key: F | tempo: 120 | subdivision: 8th
time: 3/4 | mood: Bright

[V1] (Verse - 8 Bars)
Chords: | F . . . | Dm . . . | Bb . . . | C7 . . . |
@guitar | f2-a2-c3 . . . | d2-f2-a2 . . . | bb2-d3-f3 . . . | c2-e2-g2 . . . | vel: 55
Chords: | F . . . | Dm . . . | Gm . . . | C7 . . . |
@guitar | f2-a2-c3 . . . | d2-f2-a2 . . . | g2-bb2-d3 . . . | c2-e2-g2 . . . | vel: 55

[CH] (Chorus - 8 Bars)
Chords: | F . . . | C7 . . . | F . . . | C7 . . . |
@guitar | f2-a2-c3 . . . | c2-e2-g2 . . . | f2-a2-c3 . . . | c2-e2-g2 . . . | vel: 60
Chords: | F . . . | Dm . . . | Bb . . . | C7 . . . |
@guitar | f2-a2-c3 . . . | d2-f2-a2 . . . | bb2-d3-f3 . . . | c2-e2-g2 . . . | vel: 60

[BR] (Bridge - 4 Bars)
Chords: | Dm . . . | Bb . . . | Gm . . . | C7 . . . |
@guitar | d2-f2-a2 . . . | bb2-d3-f3 . . . | g2-bb2-d3 . . . | c2-e2-g2 . . . | vel: 58

[V2] (Verse - 8 Bars)
Chords: | F . . . | Dm . . . | Bb . . . | C7 . . . |
@guitar | f2-a2-c3 . . . | d2-f2-a2 . . . | bb2-d3-f3 . . . | c2-e2-g2 . . . | vel: 55
Chords: | F . . . | Dm . . . | Gm . . . | C7 . . . |
@guitar | f2-a2-c3 . . . | d2-f2-a2 . . . | g2-bb2-d3 . . . | c2-e2-g2 . . . | vel: 55

[CH] (Chorus - 8 Bars)
Chords: | F . . . | C7 . . . | F . . . | C7 . . . |
@guitar | f2-a2-c3 . . . | c2-e2-g2 . . . | f2-a2-c3 . . . | c2-e2-g2 . . . | vel: 60
Ch
