**TRACK: But Not for Me**
[MetaData]
key: Eb | tempo: 120 | subdivision: 8th
time: 4/4 | mood: Swinging

[V1] (Verse - 8 Bars)
Chords: | Eb . . . | Eb6 . . . | Fm7 . . . | Bb7 . . . |
@ guitar | eb3-g3-bb3 . . . | eb3-g3-c4 . . . | f3-ab3-c4 . . . | bb2-d3-f3 . . . | vel: 55
Chords: | Eb . . . | Eb6 . . . | Fm7 . . . | Bb7 . . . |
@ guitar | eb3-g3-bb3 . . . | eb3-g3-c4 . . . | f3-ab3-c4 . . . | bb2-d3-f3 . . . | vel: 55

[CH] (Chorus - 8 Bars)
Chords: | Ab . . . | Abm . . . | Eb/Bb . . . | Bb7 . . . |
@ guitar | ab3-c4-eb4 . . . | ab3-cb4-eb4 . . . | eb3-g3-bb3 . . . | bb2-d3-f3 . . . | vel: 60
Chords: | Eb . . . | C7 . . . | Fm7 . . . | Bb7 . . . |
@ guitar | eb3-g3-bb3 . . . | c3-e3-g3 . . . | f3-ab3-c4 . . . | bb2-d3-f3 . . . | vel: 60

[BR] (Bridge - 8 Bars)
Chords: | Ab . . . | Abm . . . | Eb . . . | C7 . . . |
@ guitar | ab3-c4-eb4 . . . | ab3-cb4-eb4 . . . | eb3-g3-bb3 . . . | c3-e3-g3 . . . | vel: 55
Chords: | Fm7 . . . | Bb7 . . . | Eb . . . | Bb7 . . . |
@ guitar | f3-ab3-c4 . . . | bb2-d3-f3 . . . | eb3-g3-bb3 . . . | bb2-d3-f3 . . . | vel: 55

[V2] (Verse - 8 Bars)
Chords: | Eb . . . | Eb6 . . . | Fm7 . . . | Bb7 . . . |
@ guitar | eb3-g3-bb3 . . . | eb3-g3-c4 . . . | f3-ab3-c4 . . . | bb2-d3-f3 . . . | vel: 55
Chords: | Eb . . . | C7 . . . | Fm7 . . . | Bb7 . . . |
@ guitar | eb3-g3-bb3 . . . | c3-e3-g3 . . . | f3-ab3-c4 . . . | bb2-d3
