**TRACK: Che la luna**
[MetaData]
key: Am | tempo: 90 | subdivision: 8th
time: 4/4 | mood: Gentle

[V1] (Verse - 4 Bars)
Chords: | Am . . . | F . . . | Am . . . | E7 . . . |
Melody: | A3 . C4 . | F4 . . E4 | D4 . C4 . | B3 . . . |
Lyrics: | Che la lu - na | mez - zo mar - | - i, ma - dre mia | mi fa re - mo - |
@piano | a2-e3-a3 . . . | f2-a2-c3 . . . | a2-e3-a3 . . . | e2-g#2-b2 . . . | vel: 50

[V2] (Verse - 4 Bars)
Chords: | Dm . . . | Am . . . | E7 . . . | Am . . . |
Melody: | D4 . F4 . | E4 . C4 . | B3 . D4 . | A3 . . . |
Lyrics: | - - la - re | - - che la | lu - na è | den - tro al mar |
@piano | d2-f2-a2 . . . | a2-e3-a3 . . . | e2-g#2-b2 . . . | a2-e3-a3 . . . | vel: 50

[CH] (Chorus - 4 Bars)
Chords: | F . . . | C . . . | G . . . | Am . . . |
Melody: | A4 . G4 . | E4 . C4 . | D4 . B3 . | C4 . A3 . |
Lyrics: | e la lu - na | den - tro al mar | si spec - chia | dol - ce - men - te |
@piano | f2-a2-c3 . . . | c3-e3-g3 . . . | g2-b2-d3 . . . | a2-e3-a3 . . . | vel: 55

[CH2] (Chorus - 4 Bars)
Chords: | F . . . | C . . . | E7 . . . | Am . . . |
Melody: | A4 . G4 . | E4 . C4 . | B3 . D4 . | A3 . . . |
Lyrics: | e la bar - ca | va da sé | sen - za ve - le | e sen - za rem |
@piano | f2-a2-c3 . . . | c3-e3-g3 . . . | e2-g#2-b2 . . . | a2-e3-a3 . . . | vel: 55
