**TRACK: Tammurriata Nera**
[MetaData]
key: Am | tempo: 108 | subdivision: 8th
time: 4/4 | mood: Driving, folk-dance

[V1] (Verse - 4 Bars)
Chords: | Am . . . | E7 . . . | Am . . . | E7 . . . |
Melody: | A3 . C4 . E4 . . | B3 . D4 . E4 . . | A3 . C4 . E4 . . | B3 . D4 . E4 . . |
Lyrics: | Tam-mur-ri-a-ta ne-ra | se-nti co-me suo-na | tam-mur-ri-a-ta ne-ra | se-nti co-me va |
@piano | a2-e3-a3-c4 e3-a3-c4 | e2-g#3-b3-d4 e3-b3-d4 | a2-e3-a3-c4 e3-a3-c4 | e2-g#3-b3-d4 e3-b3-d4 | vel: 55

[V2] (Verse - 4 Bars)
Chords: | Dm . . . | E7 . . . | Am . . . | E7 . . . |
Melody: | D4 . F4 . A4 . . | B3 . D4 . E4 . . | A3 . C4 . E4 . . | B3 . D4 . E4 . . |
Lyrics: | E la not-te che sc-ende | e la lu-na che spa-ria | tam-mur-ri-a-ta ne-ra | se-nti co-me va |
@piano | d3-f3-a3-d4 f3-a3-d4 | e2-g#3-b3-d4 e3-b3-d4 | a2-e3-a3-c4 e3-a3-c4 | e2-g#3-b3-d4 e3-b3-d4 | vel: 55

[CH] (Chorus - 4 Bars)
Chords: | F . . . | E7 . . . | Am . . . | E7 . . . |
Melody: | F4 . A4 . C5 . . | B3 . D4 . E4 . . | A3 . C4 . E4 . . | B3 . D4 . E4 . . |
Lyrics: | E ba-lla, ba-lla, ba-lla | tut-ta la not-te, la not-te | tam-mur-ri-a-ta ne-ra | se-nti co-me va |
@piano | f2-a2-c3-f3 a2-c3-f3 | e2-g#3-b3-d4 e3-b3-d4 | a2-e3-a3-c4 e3-a3-c4 | e2-g#3-b3-d4 e3-b3-d4 | vel: 60
