**TRACK: Tarantella Calabrese**
[MetaData]
key: Am | tempo: 132 | subdivision: 8th
time: 6/8 | mood: Lively, Dance-like

[V1] (Verse - 4 Bars)
Chords: | Am . . . . . | E7 . . . . . | Am . . . . . | E7 . . . . . |
Melody: | A4 . B4 . C5 . | B4 . A4 . G#4 . | A4 . B4 . C5 . | D5 . C5 . B4 . |
Lyrics: | Ta - ran - tel - la, | dan - za an - ti - ca, | nel - la Cal - a - | bria si bal - la |
@piano | a2-e3-a3-c4 . . . | e2-g#2-b3-e4 . . . | a2-e3-a3-c4 . . . | e2-g#2-b3-e4 . . . | vel: 55

[V2] (Verse - 4 Bars)
Chords: | F . . . . . | C . . . . . | Dm . . . . . | E7 . . . . . |
Melody: | F4 . E4 . D4 . | E4 . D4 . C4 . | D4 . C4 . B3 . | B3 . A3 . G#3 . |
Lyrics: | Con il tam - bur - rel - lo, | e la chit - ar - ra, | il suo rit - mo | por - ta gio - ia |
@piano | f2-a2-c3-f3 . . . | c2-e2-g2-c3 . . . | d2-f2-a2-d3 . . . | e2-g#2-b2-e3 . . . | vel: 55

[CH] (Chorus - 4 Bars)
Chords: | Am . . . . . | F . . . . . | C . . . . . | E7 . . . . . |
Melody: | A4 . C5 . A4 . | F4 . A4 . F4 . | G4 . E4 . G4 . | E4 . D4 . B3 . |
Lyrics: | Su, bal - lia - mo, | tut - ti in - sie - me, | la tar - an - tel - | la, la - me - mo - ria |
@piano | a2-e3-a3-c4 . . . | f2-a2-c3-f3 . . . | c2-e2-g2-c3 . . . | e2-g#2-b2-e3 . . . | vel: 60

[CH2] (Chorus Repeat - 4 Bars)
Chords: | Am . . . . . | F . . . . . | C . . . . . | E7 . . . . . |
Melody: | A4 . C5 . A4 . | F4 . A4 . F4 . | G4 . E4 . C5 . | B4 . A4 . G#4 . |
Lyrics: | Gi -
