**TRACK: Wildwood Flower**
[MetaData]
key: A | tempo: 100 | subdivision: 8th
time: 3/4 | mood: Flowing

[V1] (Verse - 8 Bars)
Chords: | A . . | E7 . . | A . . | E7 . . | A . . | D . . | A . . | E7 . . |
@guitar | a2-c#3-e3 . . | e2-g#2-d3 . . | a2-c#3-e3 . . | e2-g#2-d3 . . | a2-c#3-e3 . . | d2-f#2-a2 . . | a2-c#3-e3 . . | e2-g#2-d3 . . | vel: 55

[V2] (Verse - 8 Bars)
Chords: | A . . | E7 . . | A . . | E7 . . | A . . | D . . | A . . | E7 . . |
@guitar | a2-c#3-e3 . . | e2-g#2-d3 . . | a2-c#3-e3 . . | e2-g#2-d3 . . | a2-c#3-e3 . . | d2-f#2-a2 . . | a2-c#3-e3 . . | e2-g#2-d3 . . | vel: 55

[CH] (Chorus - 8 Bars)
Chords: | A . . | E7 . . | A . . | E7 . . | D . . | A . . | E7 . . | A . . |
@guitar | a2-c#3-e3 . . | e2-g#2-d3 . . | a2-c#3-e3 . . | e2-g#2-d3 . . | d2-f#2-a2 . . | a2-c#3-e3 . . | e2-g#2-d3 . . | a2-c#3-e3 . . | vel: 60

[BR] (Bridge - 4 Bars)
Chords: | D . . | A . . | E7 . . | E7 . . |
@guitar | d2-f#2-a2 . . | a2-c#3-e3 . . | e2-g#2-d3 . . | e2-g#2-d3 . . | vel: 50

[V3] (Verse - 8 Bars)
Chords: | A . . | E7 . . | A . . | E7 . . | A . . | D . . | A . . | E7 . . |
@guitar | a2-c#3-e3 . . | e2-g#2-d3 . . | a2-c#3-e3 . . | e2-g#2-d3 . . | a2-c#3-e3 . . | d2-f#2-a2 . . | a2-c#3-e3 . . | e2-g#2-d3 . . | vel: 55
