**TRACK: Carnival of the Animals – Aquarium**
[MetaData]
key: Am | tempo: 90 | subdivision: 8th
time: 4/4 | mood: Flowing, Mysterious

[V1] (Verse - 4 Bars)
Chords: | Am . . . | F . . . | C . . . | G . . . |
Melody: | A3 . C4 . E4 . | F4 . . A4 . | E4 . . C4 . | D4 . . B3 . |
Lyrics: | glit-ter- ing fish | swim in the deep | sil- ver and blue | where shad-ows sleep |
@piano | a2-e3-a3 . . . | f2-a2-c3 . . . | c3-e3-g3 . . . | g2-b2-d3 . . . | vel: 45

[CH] (Chorus - 4 Bars)
Chords: | F . . . | C . . . | Dm . . . | E7 . . . |
Melody: | A4 . . F4 . | G4 . . E4 . | F4 . . D4 . | B3 . . E4 . |
Lyrics: | danc-ing in the | moon- light's gleam | bub-bles ris- ing | like a dream |
@piano | f2-a2-c3 . . . | c3-e3-g3 . . . | d3-f3-a3 . . . | e3-g#3-b3 . . . | vel: 50

[V2] (Verse - 4 Bars)
Chords: | Am . . . | F . . . | C . . . | G . . . |
Melody: | A3 . C4 . E4 . | F4 . . A4 . | E4 . . C4 . | D4 . . B3 . |
Lyrics: | gen- tle cur- rents | pull them a- long | scales like jew- els | in a song |
@piano | a2-e3-a3 . . . | f2-a2-c3 . . . | c3-e3-g3 . . . | g2-b2-d3 . . . | vel: 45
