**TRACK: Symphony No. 9 in D minor, Op. 125 - "Ode to Joy"**
[MetaData]
key: Dm | tempo: 120 | subdivision: 8th
time: 4/4 | mood: Triumphant

[V1] (Verse - 4 Bars)
Chords: | Dm . . . | A . . . |
Melody: | F4 . F4 . | E4 . E4 . |
Lyrics: | Joy . ful . | Joy . ful . |
@piano | d3-f3-a3 . . . | a2-c#3-e3 . . . | vel: 60

[V2] (Verse - 4 Bars)
Chords: | Dm . . . | C . . . |
Melody: | F4 . G4 . | A4 . . . |
Lyrics: | we a . dore | thee . . . |
@piano | d3-f3-a3 . . . | c3-e3-g3 . . . | vel: 62

[CH] (Chorus - 4 Bars)
Chords: | F . . . | C . . . |
Melody: | A4 . A4 . | G4 . G4 . |
Lyrics: | God of . sparks | from . heav'n . |
@piano | f3-a3-c4 . . . | c3-e3-g3 . . . | vel: 68

[V3] (Verse - 4 Bars)
Chords: | Dm . . . | A . . . |
Melody: | F4 . F4 . | E4 . E4 . |
Lyrics: | thy . sanc . | tu . ar . |
@piano | d3-f3-a3 . . . | a2-c#3-e3 . . . | vel: 60

[CH2] (Chorus - 4 Bars)
Chords: | F . . . | C . . . |
Melody: | A4 . G4 . | F4 . . . |
Lyrics: | y . we . en | ter . . . |
@piano | f3-a3-c4 . . . | c3-e3-g3 . . . | vel: 65
