**TRACK: Toccata and Fugue in D minor**
[MetaData]
key: Dm | tempo: 80 | subdivision: 16th
time: 4/4 | mood: Dramatic

[V1] (Verse - 4 Bars)
Chords: | Dm . . . | A . . . | Dm . . . | A . . . |
Melody: | D4 . F4 . A4 . D5 . | C#4 . E4 . A4 . C#5 . | D4 . F4 . A4 . D5 . | C#4 . E4 . A4 . C#5 . |
Lyrics: | ta ta ta ta ta ta ta ta | ta ta ta ta ta ta ta ta | ta ta ta ta ta ta ta ta | ta ta ta ta ta ta ta ta |
@piano | d2-a2-d3-f3 . . . | a1-e2-a2-c#3 . . . | d2-a2-d3-f3 . . . | a1-e2-a2-c#3 . . . | vel: 60

[CH] (Chorus - 4 Bars)
Chords: | Gm . . . | A . . . | Dm . . . | A . . . |
Melody: | G4 . Bb4 . D5 . G5 . | A4 . C#5 . E5 . A5 . | D5 . F5 . A5 . D6 . | C#5 . E5 . A5 . C#6 . |
Lyrics: | ta ta ta ta ta ta ta ta | ta ta ta ta ta ta ta ta | ta ta ta ta ta ta ta ta | ta ta ta ta ta ta ta ta |
@piano | g1-bb1-d2-g2 . . . | a1-c#2-e2-a2 . . . | d2-f2-a2-d3 . . . | a1-c#2-e2-a2 . . . | vel: 65

[V2] (Verse - 4 Bars)
Chords: | Dm . . . | A . . . | Dm . . . | A . . . |
Melody: | D4 . F4 . A4 . D5 . | C#4 . E4 . A4 . C#5 . | D4 . F4 . A4 . D5 . | C#4 . E4 . A4 . C#5 . |
Lyrics: | ta ta ta ta ta ta ta ta | ta ta ta ta ta ta ta ta | ta ta ta ta ta ta ta ta | ta ta ta ta ta ta ta ta |
@piano | d2-a2-d3-f3 . . . | a1-e2-a2-c#3 . . . | d2-a2-d3-f3 . . . | a1-e2-a2-c#3 . . . | vel: 55
