**TRACK: Tere Mere Hathon Mein**
[MetaData]
key: C | tempo: 90 | subdivision: 8th
time: 4/4 | mood: Romantic

[V1] (Verse - 8 Bars)
Chords: | C . . . | G . . . | Am . . . | Em . . . |
@guitar | c3-e3-g3 . . . | g2-b2-d3 . . . | a2-c3-e3 . . . | e2-g2-b2 . . . | vel: 50
Chords: | F . . . | C . . . | G . . . | G . . . |
@guitar | f2-a2-c3 . . . | c3-e3-g3 . . . | g2-b2-d3 . . . | g2-b2-d3 . . . | vel: 50

[V2] (Verse - 8 Bars)
Chords: | C . . . | G . . . | Am . . . | Em . . . |
@guitar | c3-e3-g3 . . . | g2-b2-d3 . . . | a2-c3-e3 . . . | e2-g2-b2 . . . | vel: 50
Chords: | F . . . | C . . . | Dm . . . | G . . . |
@guitar | f2-a2-c3 . . . | c3-e3-g3 . . . | d2-f2-a2 . . . | g2-b2-d3 . . . | vel: 50

[CH] (Chorus - 8 Bars)
Chords: | F . . . | G . . . | C . . . | Am . . . |
@guitar | f2-a2-c3 . . . | g2-b2-d3 . . . | c3-e3-g3 . . . | a2-c3-e3 . . . | vel: 60
Chords: | F . . . | G . . . | C . . . | G . . . |
@guitar | f2-a2-c3 . . . | g2-b2-d3 . . . | c3-e3-g3 . . . | g2-b2-d3 . . . | vel: 60

[BR] (Bridge - 4 Bars)
Chords: | Am . . . | Em . . . | F . . . | G . . . |
@guitar | a2-c3-e3 . . . | e2-g2-b2 . . . | f2-a2-c3 . . . | g2-b2-d3 . . . | vel: 55
