**TRACK: Kono Michi**
[MetaData]
key: Am | tempo: 90 | subdivision: 8th
time: 4/4 | mood: Gentle

[V1] (Verse - 8 Bars)
Chords: | Am . . . | E7 . . . | Am . . . | Dm . . . | Am . . . | E7 . . . | Am . . . | E7 . . . |
Melody: | A3 . C4 . | B3 . G#3 . | A3 . E4 . | D4 . F4 . | E4 . C4 . | B3 . G#3 . | A3 . C4 . | B3 . G#3 . |
Lyrics: | ko - no mi - chi | wa - yu - ku | hi - to - no | na - ki - a - to | ko - no mi - chi | wa - wa - ta - shi | no - yu - ku | mi - chi - na - ri |
@piano | a2-e3-a3 . . . | e2-g#2-b2 . . . | a2-e3-a3 . . . | d2-f2-a2 . . . | a2-e3-a3 . . . | e2-g#2-b2 . . . | a2-e3-a3 . . . | e2-g#2-b2 . . . | vel: 50

[V2] (Verse - 8 Bars)
Chords: | Dm . . . | E7 . . . | Am . . . | Dm . . . | Am . . . | E7 . . . | Am . . . | E7 . . . |
Melody: | F4 . A4 . | G#3 . B3 . | A3 . C4 . | D4 . F4 . | E4 . C4 . | B3 . G#3 . | A3 . C4 . | B3 . G#3 . |
Lyrics: | a - no hi - no | ka - ze - ga | fu - ku - hi - to | no - ko - e - ka | ko - no mi - chi | wa - wa - ta - shi | no - yu - ku | mi - chi - na - ri |
@piano | d2-f2-a2 . . . | e2-g#2-b2 . . . | a2-e3-a3 . . . | d2-f2-a2 . . . | a2-e3-a3 . . . | e2-g#2-b2 . . . | a2-e3-a3 . . . | e2-g#2-b2 . . . | vel: 50

[CH] (Chorus - 4 Bars)
Chords: | F . . . | C . . . | Dm . . . | E7 . . . |
Melody: | A4 . G4 . | E4 . C4 . | D4 . F4 . | B3 . G#3 . |
Lyrics: | yo - a - ke - no | hi - ka - ri - no | na - ka - ni | yu - ku - be - shi |
@piano | f2
