**TRACK: Kudoki**
[MetaData]
key: Am | tempo: 90 | subdivision: 8th
time: 4/4 | mood: Gentle

[V1] (Verse - 4 Bars)
Chords: | Am . . . | F . . . | Am . . . | E7 . . . |
Melody: | A3 . C4 . | F4 . E4 . | D4 . C4 . | B3 . . . |
Lyrics: | ku-do-ki no | ne- ni na-ku | a- ka- ne so- ra | wa- su- re- nu |
@piano | a2-e3-a3 . . . | f2-a2-c3 . . . | a2-e3-a3 . . . | e2-g#3-b3 . . . | vel: 50

[V2] (Verse - 4 Bars)
Chords: | Dm . . . | Am . . . | F . . . | E7 . . . |
Melody: | D4 . F4 . | A3 . C4 . | F4 . E4 . | E3 . . . |
Lyrics: | yo- ru no- ka- ge | ni- hi- to- ri | o- mo- u- ko- ko- ro | ka- na- shi- ki |
@piano | d2-f2-a2 . . . | a2-e3-a3 . . . | f2-a2-c3 . . . | e2-g#3-b3 . . . | vel: 50

[CH] (Chorus - 4 Bars)
Chords: | Am . . . | F . . . | C . . . | G . . . |
Melody: | A3 . C4 . | F4 . A4 . | G4 . E4 . | D4 . B3 . |
Lyrics: | ku-do-ki- fu- re- te | a- wa- yu- ki- no | ko- ko- ro- to- ke- te | na- ga- re- yu- ku |
@piano | a2-e3-a3 . . . | f2-a2-c3 . . . | c3-e3-g3 . . . | g2-b2-d3 . . . | vel: 55

[CH2] (Chorus - 4 Bars)
Chords: | Am . . . | F . . . | E7 . . . | Am . . . |
Melody: | A3 . C4 . | F4 . E4 . | D4 . B3 . | A3 . . . |
Lyrics: | i- to- shi- hi- to- yo | ko- no- yo- no- ha- te | o- mo- i- wa- ta- ru | ku- do- ki- no- ne |
@piano | a2-e3-a3 . . . | f2-a2-c3 . . . | e2-g#3-b3 . . . | a2-e3-a3 . . . | vel: 55
