**TRACK: Tōryanse**
[MetaData]
key: Am | tempo: 90 | subdivision: 8th
time: 4/4 | mood: Gentle

[V1] (Verse - 4 Bars)
Chords: | Am . . . | E7 . . . | Am . . . | E7 . . . |
Melody: | A3 . C4 . E4 . A4 . | G#3 . B3 . E4 . G#4 . | A3 . C4 . E4 . A4 . | G#3 . B3 . E4 . G#4 . |
Lyrics: | tō - ryan - se wa - | tō - ryan - se wa - | ko - ko wa do - ko | ya - ma no na - ka |
@piano | a2-e3-a3-c4 . . . | e2-g#3-b3-e4 . . . | a2-e3-a3-c4 . . . | e2-g#3-b3-e4 . . . | vel: 45

[V2] (Verse - 4 Bars)
Chords: | F . . . | C . . . | Dm . . . | E7 . . . |
Melody: | F4 . A4 . C5 . A4 . | E4 . G4 . C5 . G4 . | D4 . F4 . A4 . F4 . | E4 . G#3 . B3 . E4 . |
Lyrics: | mi - chi wa hi - to | tsu ni ka - e - ru | ka - e - ru to - ki | wa - su - re - mo - no |
@piano | f2-a2-c3-f3 . . . | c2-e2-g2-c3 . . . | d2-f2-a2-d3 . . . | e2-g#2-b2-e3 . . . | vel: 45

[CH] (Chorus - 4 Bars)
Chords: | Am . . . | F . . . | C . . . | E7 . . . |
Melody: | A3 . C4 . E4 . A4 . | F4 . A4 . C5 . A4 . | E4 . G4 . C5 . G4 . | E4 . G#3 . B3 . E4 . |
Lyrics: | yo - i no ko - to | wa - su - re - ma - su | ka - e - ru to - ki | wa - su - re - mo - no |
@piano | a2-e3-a3-c4 . . . | f2-a2-c3-f3 . . . | c2-e2-g2-c3 . . . | e2-g#2-b2-e3 . . . | vel: 50
