**TRACK: Yūhi**
[MetaData]
key: Am | tempo: 90 | subdivision: 8th
time: 4/4 | mood: Gentle

[V1] (Verse - 4 Bars)
Chords: | Am . . . | E7 . . . | Am . . . | Dm . E7 . |
Melody: | A3 . C4 . | B3 . G#3 . | A3 . C4 . | D4 . B3 . |
Lyrics: | yu - hi no | ka - ge ga | no - bi - te | ma - chi ni |
@piano | a2-e3-a3 . . . | e2-g#2-b3 . . . | a2-e3-a3 . . . | d2-f3-a3 . e2-g#2-b3 . | vel: 50

[V2] (Verse - 4 Bars)
Chords: | F . . . | C . . . | Dm . . . | E7 . . . |
Melody: | F4 . E4 . | E4 . C4 . | D4 . F4 . | B3 . G#3 . |
Lyrics: | a - ka - ne | so - ra - ni | to - ri - ga | ka - e - ru |
@piano | f2-a2-c4 . . . | c3-e3-g3 . . . | d2-f3-a3 . . . | e2-g#2-b3 . . . | vel: 50

[CH] (Chorus - 4 Bars)
Chords: | Am . . . | F . . . | C . . . | E7 . . . |
Melody: | A3 . C4 . | F4 . E4 . | E4 . G4 . | B3 . G#3 . |
Lyrics: | wa - ka - re - no | hi - mo - yo | na - ga - ki | yu - me - yo |
@piano | a2-e3-a3 . . . | f2-a2-c4 . . . | c3-e3-g3 . . . | e2-g#2-b3 . . . | vel: 55

[V3] (Verse - 4 Bars)
Chords: | Dm . . . | Am . . . | F . . . | E7 . . . |
Melody: | D4 . F4 . | A3 . C4 . | F4 . E4 . | B3 . G#3 . |
Lyrics: | a - su - no | a - sa - ni | ka - ze - wa | fu - ku - yo |
@piano | d2-f3-a3 . . . | a2-e3-a3 . . . | f2-a2-c4 . . . | e2-g#2-b3 . . . | vel: 50
