**TRACK: Yūyake Koyake**
[MetaData]
key: F | tempo: 72 | subdivision: 8th
time: 4/4 | mood: Gentle

[V1] (Verse - 4 Bars)
Chords: | F . . . | C7 . . . | F . . . | C7 . . . |
Melody: | A3 . C4 . | E4 . . . | F4 . D4 . | C4 . . . |
Lyrics: | yu- ya- ke ko- ya- ke | hi- ga ku- re- te | ya- ma no te- ra no | ka- ne ga na- ru |
@piano | f2-a2-c3 . . . | c2-e2-g2 . . . | f2-a2-c3 . . . | c2-e2-g2 . . . | vel: 45

[V2] (Verse - 4 Bars)
Chords: | Bb . . . | F . . . | C7 . . . | F . . . |
Melody: | D4 . F4 . | A3 . C4 . | E4 . D4 . | C4 . . . |
Lyrics: | o- te- te tsu- na- i de | mi- nna de ka- e- ro | ka- ra- su to i- ssho ni | u- chi e ka- e- ro |
@piano | bb2-d3-f3 . . . | f2-a2-c3 . . . | c2-e2-g2 . . . | f2-a2-c3 . . . | vel: 45

[CH] (Chorus - 4 Bars)
Chords: | F . . . | C7 . . . | F . . . | C7 . . . |
Melody: | A3 . C4 . | E4 . . . | F4 . D4 . | C4 . . . |
Lyrics: | ko- do- mo- tachi yo | ka- e- ro- u yo | ta- i- yo- u ga shi- zu- mu | ma- e ni |
@piano | f2-a2-c3 . . . | c2-e2-g2 . . . | f2-a2-c3 . . . | c2-e2-g2 . . . | vel: 50
