**TRACK: Yamato Moyo**
[MetaData]
key: Dm | tempo: 72 | subdivision: 8th
time: 4/4 | mood: Gentle, traditional

[V1] (Verse - 4 Bars)
Chords: | Dm . . . | Bb . . . | F . . . | A . . . |
Melody: | D4 . F4 . | A4 . F4 . | G4 . E4 . | E4 . D4 . |
Lyrics: | Ya - ma - to | mo - yo - o | u - re - shi - ki | hi - no - mo - to |
@piano | d3-a3-d4 . . . | bb2-f3-bb3 . . . | f2-c3-f3 . . . | a2-e3-a3 . . . | vel: 45

[V2] (Verse - 4 Bars)
Chords: | Dm . . . | Bb . . . | Gm . . . | A . . . |
Melody: | A4 . G4 . | F4 . E4 . | D4 . E4 . | F4 . E4 . |
Lyrics: | ka - mi - ka - ze | no - ko - ko - ro | chi - yo - ni - mo | ha - na - sa - ku |
@piano | d3-a3-d4 . . . | bb2-f3-bb3 . . . | g2-d3-g3 . . . | a2-e3-a3 . . . | vel: 45

[CH] (Chorus - 4 Bars)
Chords: | F . . . | C . . . | Dm . . . | A . . . |
Melody: | F4 . A4 . | C5 . A4 . | F4 . D4 . | E4 . D4 . |
Lyrics: | ya - ma - to - no | ha - ru - no - yo | a - o - ki - so - ra | to - wa - ni - to |
@piano | f2-c3-f3 . . . | c3-g3-c4 . . . | d3-a3-d4 . . . | a2-e3-a3 . . . | vel: 50
