**TRACK: On the Road to Smolensk**
[MetaData]
key: Em | tempo: 96 | subdivision: 8th
time: 4/4 | mood: Gentle, wistful

[V1] (Verse - 4 Bars)
Chords: | Em . . . | Am . . . | B7 . . . | Em . . . |
Melody: | E4 . G4 . | A4 . B4 . | B4 . A4 . | G4 . E4 . |
Lyrics: | On the road to Smo-lensk, | where the birch trees sway, | I will walk with you, dear, | through the close of day. |
@piano | e2-g2-b3 . . . | a2-c3-e3 . . . | b1-f#2-a2 . . . | e2-g2-b3 . . . | vel: 45

[V2] (Verse - 4 Bars)
Chords: | Am . . . | D7 . . . | G . . . | Em . . . |
Melody: | A4 . C5 . | B4 . A4 . | G4 . F#4 . | E4 . E4 . |
Lyrics: | Fields of gold and green, | and the river wide, | I will wait for you, love, | by the old bridge side. |
@piano | a2-c3-e3 . . . | d2-f#2-a2 . . . | g2-b2-d3 . . . | e2-g2-b3 . . . | vel: 45

[CH] (Chorus - 4 Bars)
Chords: | C . . . | G . . . | Am . . . | B7 . . . |
Melody: | E4 . G4 . | D4 . E4 . | C4 . E4 . | B3 . D4 . |
Lyrics: | Road to Smo-lensk, | carry me home, | to the one I love, | where the winds have blown. |
@piano | c3-e3-g3 . . . | g2-b2-d3 . . . | a2-c3-e3 . . . | b1-f#2-a2 . . . | vel: 50

[V3] (Verse - 4 Bars)
Chords: | Em . . . | Am . . . | B7 . . . | Em . . . |
Melody: | E4 . G4 . | A4 . B4 . | B4 . A4 . | G4 . E4 . |
Lyrics: | When the snows are falling, | and the nights are long, | I will keep your memory | like a winter song. |
@piano | e2-g2-b3 . . . | a2-c3-e3 . . . | b1-f#2-a2 . . . | e2-g2-b3 . . . | vel: 45

[OUT] (Outro - 2 Bars)
Chords: | Am . . . | Em . . . |
Melody: | A4 . . . | E4 . . . |
Lyrics: | Road to Smo-lensk... | (
