**TRACK: A Fine Romance**
[MetaData]
key: C | tempo: 120 | subdivision: 8th
time: 4/4 | mood: Swinging

[V1] (Verse - 8 Bars)
Chords: | C . . . | Am7 . . . | Dm7 . . . | G7 . . . |
@guitar | c3-e3-g3 . . . | a2-c3-e3 . . . | d3-f3-a3 . . . | g2-b2-d3 . . . | vel: 55
Chords: | C . . . | Am7 . . . | Dm7 . . . | G7 . . . |
@guitar | c3-e3-g3 . . . | a2-c3-e3 . . . | d3-f3-a3 . . . | g2-b2-d3 . . . | vel: 55

[V2] (Verse - 8 Bars)
Chords: | C . . . | Am7 . . . | Dm7 . . . | G7 . . . |
@guitar | c3-e3-g3 . . . | a2-c3-e3 . . . | d3-f3-a3 . . . | g2-b2-d3 . . . | vel: 55
Chords: | Dm7 . . . | G7 . . . | C . . . | C . . . |
@guitar | d3-f3-a3 . . . | g2-b2-d3 . . . | c3-e3-g3 . . . | c3-e3-g3 . . . | vel: 55

[BR] (Bridge - 8 Bars)
Chords: | F . . . | Fm . . . | C . . . | A7 . . . |
@guitar | f2-a2-c3 . . . | f2-ab2-c3 . . . | c3-e3-g3 . . . | a2-c#3-e3 . . . | vel: 60
Chords: | Dm7 . . . | G7 . . . | C . . . | G7 . . . |
@guitar | d3-f3-a3 . . . | g2-b2-d3 . . . | c3-e3-g3 . . . | g2-b2-d3 . . . | vel: 60

[V3] (Verse - 8 Bars)
Chords: | C . . . | Am7 . . . | Dm7 . . . | G7 . . . |
@guitar | c3-e3-g3 . . . | a2-c3-e3 . . . | d3-f3-a3 . . . | g2-b2-d3 . . . | vel: 55
Chords: | Dm7 . . . | G7 . . . | C . . . | C . . . |
@guitar | d3-f3-a3 . . . | g2-b2-d3 . . . | c3-e3-g3 . . . | c3-e3-g3 . . . | vel: 55
