**TRACK: All the Things You Are**
[MetaData]
key: Ab | tempo: 120 | subdivision: 8th
time: 4/4 | mood: Flowing

[V1] (Verse - 8 Bars)
Chords: | Fm7 . . . | Bbm7 . . . | Eb7 . . . | Abmaj7 . . . |
| Dbmaj7 . . . | Dm7b5 . . . | G7 . . . | Cmaj7 . . . |
@guitar | f1-ab1-c2-eb2 . . . | bb1-db2-f2-ab2 . . . | eb1-g1-bb1-db2 . . . | ab1-c2-eb2-g2 . . . | vel: 55
@guitar | db1-f1-ab1-c2 . . . | d1-f1-ab1-c2 . . . | g1-b1-d2-f2 . . . | c2-e2-g2-b2 . . . | vel: 55

[V2] (Verse - 8 Bars)
Chords: | Am7b5 . . . | D7 . . . | Gmaj7 . . . | Gm7 . . . |
| C7 . . . | Fmaj7 . . . | Fm7 . . . | Bbm7 . . . |
@guitar | a1-c2-eb2-g2 . . . | d1-f#1-a1-c2 . . . | g1-b1-d2-f#2 . . . | g1-bb1-d2-f2 . . . | vel: 55
@guitar | c1-e1-g1-bb1 . . . | f1-a1-c2-e2 . . . | f1-ab1-c2-eb2 . . . | bb1-db2-f2-ab2 . . . | vel: 55

[BR] (Bridge - 8 Bars)
Chords: | Eb7 . . . | Abmaj7 . . . | Abm7 . . . | Db7 . . . |
| Gbmaj7 . . . | Gb7 . . . | Cmaj7 . . . | C7 . . . |
@guitar | eb1-g1-bb1-db2 . . . | ab1-c2-eb2-g2 . . . | ab1-cb2-eb2-gb2 . . . | db1-f1-ab1-cb2 . . . | vel: 60
@guitar | gb1-bb1-db2-f2 . . . | gb1-b1-db2-f2 . . . | c2-e2-g2-b2 . . . | c1-e1-g1-bb1 . . . | vel: 60

[V3] (Verse - 8 Bars)
Chords: | Fm7 . . . | Bbm7 . . . | Eb7 . . . | Abmaj7 . . . |
| Dbmaj7 . . . | Dm7b5 . . . | G7 . . . | Cmaj7 . . . |
