**TRACK: All Blues**
[MetaData]
key: G7 | tempo: 120 | subdivision: 8th
time: 6/4 | mood: Swinging

[V1] (Verse - 8 Bars)
Chords: | G7 . . . . . | G7 . . . . . | G7 . . . . . | G7 . . . . . | C7 . . . . . | C7 . . . . . | G7 . . . . . | D7#9 . . . . . |
@guitar | g2-b2-d3 . . . . . | g2-b2-d3 . . . . . | g2-b2-d3 . . . . . | g2-b2-d3 . . . . . | c3-e3-g3 . . . . . | c3-e3-g3 . . . . . | g2-b2-d3 . . . . . | d3-f#3-a3 . . . . . | vel: 55

[V2] (Verse - 8 Bars)
Chords: | G7 . . . . . | G7 . . . . . | G7 . . . . . | G7 . . . . . | C7 . . . . . | C7 . . . . . | G7 . . . . . | D7#9 . . . . . |
@guitar | g2-b2-d3 . . . . . | g2-b2-d3 . . . . . | g2-b2-d3 . . . . . | g2-b2-d3 . . . . . | c3-e3-g3 . . . . . | c3-e3-g3 . . . . . | g2-b2-d3 . . . . . | d3-f#3-a3 . . . . . | vel: 55

[BR] (Bridge - 8 Bars)
Chords: | Eb7 . . . . . | Eb7 . . . . . | G7 . . . . . | G7 . . . . . | C7 . . . . . | C7 . . . . . | G7 . . . . . | D7#9 . . . . . |
@guitar | eb3-g3-bb3 . . . . . | eb3-g3-bb3 . . . . . | g2-b2-d3 . . . . . | g2-b2-d3 . . . . . | c3-e3-g3 . . . . . | c3-e3-g3 . . . . . | g2-b2-d3 . . . . . | d3-f#3-a3 . . . . . | vel: 60

[V3] (Verse - 8 Bars)
Chords: | G7 . . . . . | G7 . . . . . | G7 . . . . . | G7 . . . . . | C7 . . . . . | C7 . . . . . | G7 . . . . . | D7#9 . . . . . |
@guitar | g2-b2-d3 . . . . . | g2
