**TRACK: But Not for Me**
[MetaData]
key: Eb | tempo: 140 | subdivision: 8th
time: 4/4 | mood: Bittersweet Swing

[V1] (Verse - 8 Bars)
Chords: | Eb . . . | C7 . . . | Fm7 . . . | Bb7 . . . |
@guitar | eb3-g3-bb3 . . . | c3-e3-bb3 . . . | f2-ab2-c3 . . . | bb2-d3-f3 . . . | vel: 55
Chords: | Eb . . . | C7 . . . | Fm7 . . . | Bb7 . . . |
@guitar | eb3-g3-bb3 . . . | c3-e3-bb3 . . . | f2-ab2-c3 . . . | bb2-d3-f3 . . . | vel: 55

[CH] (Chorus - 8 Bars)
Chords: | Ab . . . | Abm . . . | Eb . . . | C7 . . . |
@guitar | ab2-c3-eb3 . . . | ab2-cb3-eb3 . . . | eb3-g3-bb3 . . . | c3-e3-bb3 . . . | vel: 60
Chords: | Fm7 . . . | Bb7 . . . | Eb . . . | Bb7 . . . |
@guitar | f2-ab2-c3 . . . | bb2-d3-f3 . . . | eb3-g3-bb3 . . . | bb2-d3-f3 . . . | vel: 60

[BR] (Bridge - 8 Bars)
Chords: | Ab . . . | Abm . . . | Eb . . . | G7 . . . |
@guitar | ab2-c3-eb3 . . . | ab2-cb3-eb3 . . . | eb3-g3-bb3 . . . | g2-b2-d3 . . . | vel: 58
Chords: | Cm . . . | F7 . . . | Bb7 . . . | Bb7 . . . |
@guitar | c3-eb3-g3 . . . | f2-a2-c3 . . . | bb2-d3-f3 . . . | bb2-d3-f3 . . . | vel: 58

[V2] (Verse - 8 Bars)
Chords: | Eb . . . | C7 . . . | Fm7 . . . | Bb7 . . . |
@guitar | eb3-g3-bb3 . . . | c3-e3-bb3 . . . | f2-ab2-c3 . . . | bb2-d3-f3 . . . | vel: 55
Chords: | Eb . . . | C7 . . . | Fm7 . . . | Bb7 . . . |
@guitar | eb3-g3-bb3 . . . | c3-e3-bb3 . . . | f
