**TRACK: Falling in Love with Love**
[MetaData]
key: Am | tempo: 120 | subdivision: 8th
time: 3/4 | mood: Lyrical

[V1] (Verse - 8 Bars)
Chords: | Am . . | Am . . | Dm . . | E7 . . | Am . . | Am . . | Dm . . | E7 . . |
@guitar | a2-e3-a3 . . | a2-e3-a3 . . | d3-a3-d4 . . | e3-g#3-b3 . . | a2-e3-a3 . . | a2-e3-a3 . . | d3-a3-d4 . . | e3-g#3-b3 . . | vel: 55

[V2] (Verse - 8 Bars)
Chords: | Am . . | Am . . | Dm . . | E7 . . | Am . . | Am . . | Dm . . | E7 . . |
@guitar | a2-e3-a3 . . | a2-e3-a3 . . | d3-a3-d4 . . | e3-g#3-b3 . . | a2-e3-a3 . . | a2-e3-a3 . . | d3-a3-d4 . . | e3-g#3-b3 . . | vel: 55

[BR] (Bridge - 8 Bars)
Chords: | F . . | G . . | C . . | C . . | F . . | G . . | E7 . . | E7 . . |
@guitar | f2-a2-c3 . . | g2-b2-d3 . . | c3-e3-g3 . . | c3-e3-g3 . . | f2-a2-c3 . . | g2-b2-d3 . . | e3-g#3-b3 . . | e3-g#3-b3 . . | vel: 60

[CH] (Chorus - 8 Bars)
Chords: | Am . . | Am . . | Dm . . | E7 . . | Am . . | Am . . | Dm . . | E7 . . |
@guitar | a2-e3-a3 . . | a2-e3-a3 . . | d3-a3-d4 . . | e3-g#3-b3 . . | a2-e3-a3 . . | a2-e3-a3 . . | d3-a3-d4 . . | e3-g#3-b3 . . | vel: 65

[OUT] (Outro - 4 Bars)
Chords: | Am . . | Dm . . | E7 . . | Am . . |
@guitar | a2-e3-a3 . . | d3-a3-d4 . . | e3-g#3-b3 . . | a2-e3-a3 . . | vel: 50
