**TRACK: If I Could Be With You (One Hour Tonight)**
[MetaData]
key: Ab | tempo: 160 | subdivision: 8th
time: 4/4 | mood: Swing

[V1] (Verse - 8 Bars)
Chords: | Ab . . . | Ab . . . | Db . . . | Db . . . |
| Ab . . . | F7 . . . | Bb7 . . . | Eb7 . . . |
@guitar | ab2-c3-eb3 . . . | ab2-c3-eb3 . . . | db2-f3-ab3 . . . | db2-f3-ab3 . . . | ab2-c3-eb3 . . . | f2-a2-c3 . . . | bb1-d2-f2 . . . | eb2-g2-bb2 . . . | vel: 55

[V2] (Verse - 8 Bars)
Chords: | Ab . . . | Ab . . . | Db . . . | Db . . . |
| Ab . . . | F7 . . . | Bb7 . . . | Eb7 . . . |
@guitar | ab2-c3-eb3 . . . | ab2-c3-eb3 . . . | db2-f3-ab3 . . . | db2-f3-ab3 . . . | ab2-c3-eb3 . . . | f2-a2-c3 . . . | bb1-d2-f2 . . . | eb2-g2-bb2 . . . | vel: 55

[CH] (Chorus - 8 Bars)
Chords: | Ab . . . | Ab . . . | Db . . . | Db . . . |
| Ab . . . | F7 . . . | Bb7 . . . | Eb7 . . . |
@guitar | ab2-c3-eb3 . . . | ab2-c3-eb3 . . . | db2-f3-ab3 . . . | db2-f3-ab3 . . . | ab2-c3-eb3 . . . | f2-a2-c3 . . . | bb1-d2-f2 . . . | eb2-g2-bb2 . . . | vel: 60

[BR] (Bridge - 8 Bars)
Chords: | Db7 . . . | Db7 . . . | Gb7 . . . | Gb7 . . . |
| C7 . . . | C7 . . . | F7 . . . | F7 . . . |
@guitar | db2-f2-ab2 . . . | db2-f2-ab2 . . . | gb2-bb2-db3 . . . | gb2-bb2-db3 . . . | c2-e2-g2 . . . | c2-e2-g2 . . . | f2-a2-c3 . . . | f2-a2-c3 . . . | vel: 58

[OUT] (Outro - 4 Bars)
Chords: | Ab . . . | F7 . . . | Bb7 . . . | Eb7
