**TRACK: Just in Time**
[MetaData]
key: Eb | tempo: 140 | subdivision: 8th
time: 4/4 | mood: Swinging

[V1] (Verse - 8 Bars)
Chords: | Eb . . . | Ab . . . | Eb . . . | C7 . . . |
| Fm7 . . . | Bb7 . . . | Eb . . . | Bb7 . . . |
@guitar | eb3-g3-bb3 . . . | ab2-c3-eb3 . . . | eb3-g3-bb3 . . . | c3-e3-g3 . . . | vel: 55

[V2] (Verse - 8 Bars)
Chords: | Eb . . . | Ab . . . | Eb . . . | C7 . . . |
| Fm7 . . . | Bb7 . . . | Eb . . . | Bb7 . . . |
@guitar | eb3-g3-bb3 . . . | ab2-c3-eb3 . . . | eb3-g3-bb3 . . . | c3-e3-g3 . . . | vel: 55

[CH] (Chorus - 8 Bars)
Chords: | Eb6 . . . | Gm7 . . . | C7 . . . | F7 . . . |
| Bb7 . . . | Eb . . . | C7 . . . | F7 Bb7 . . . |
@guitar | eb3-g3-bb3-c4 . . . | g2-bb2-d3-f3 . . . | c3-e3-g3-bb3 . . . | f2-a2-c3-eb3 . . . | vel: 65

[BR] (Bridge - 8 Bars)
Chords: | Fm7 . . . | Bb7 . . . | Ebmaj7 . . . | Ab7 . . . |
| G7 . . . | C7 . . . | F7 . . . | Bb7 . . . |
@guitar | f2-ab2-c3-eb3 . . . | bb2-d3-f3-ab3 . . . | eb3-g3-bb3-d4 . . . | ab2-c3-eb3-g3 . . . | vel: 60

[V3] (Verse - 8 Bars)
Chords: | Eb . . . | Ab . . . | Eb . . . | C7 . . . |
| Fm7 . . . | Bb7 . . . | Eb . . . | Bb7 . . . |
@guitar | eb3-g3-bb3 . . . | ab2-c3-eb3 . . . | eb3-g3-bb3 . . . | c3-e3-g3 . . . | vel: 55
