**TRACK: Mack the Knife**
[MetaData]
key: C | tempo: 120 | subdivision: 8th
time: 4/4 | mood: Swinging

[V1] (Verse - 8 Bars)
Chords: | C . . . | C . . . | C . . . | C . . . | F . . . | F . . . | C . . . | G . . . |
@guitar | c3-e3-g3 . . . | c3-e3-g3 . . . | c3-e3-g3 . . . | c3-e3-g3 . . . | f2-a2-c3 . . . | f2-a2-c3 . . . | c3-e3-g3 . . . | g2-b2-d3 . . . | vel: 55

[V2] (Verse - 8 Bars)
Chords: | C . . . | C . . . | C . . . | C . . . | F . . . | F . . . | C . . . | G . . . |
@guitar | c3-e3-g3 . . . | c3-e3-g3 . . . | c3-e3-g3 . . . | c3-e3-g3 . . . | f2-a2-c3 . . . | f2-a2-c3 . . . | c3-e3-g3 . . . | g2-b2-d3 . . . | vel: 55

[BR] (Bridge - 8 Bars)
Chords: | D7 . . . | D7 . . . | G7 . . . | G7 . . . | C . . . | C . . . | A7 . . . | D7 . . . |
@guitar | d2-f#2-a2-c3 . . . | d2-f#2-a2-c3 . . . | g2-b2-d3-f3 . . . | g2-b2-d3-f3 . . . | c3-e3-g3 . . . | c3-e3-g3 . . . | a2-c#3-e3-g3 . . . | d2-f#2-a2-c3 . . . | vel: 60

[V3] (Verse - 8 Bars)
Chords: | C . . . | C . . . | C . . . | C . . . | F . . . | F . . . | C . . . | G . . . |
@guitar | c3-e3-g3 . . . | c3-e3-g3 . . . | c3-e3-g3 . . . | c3-e3-g3 . . . | f2-a2-c3 . . . | f2-a2-c3 . . . | c3-e3-g3 . . . | g2-b2-d3 . . . | vel: 55

[OUT] (Outro - 4 Bars)
Chords: | C . . . | G7 . . . | C . . . | C . . . |
@guitar | c3-e3-g3 . . . | g2-b2-d3-f3 . . . | c
