**TRACK: My Funny Valentine**
[MetaData]
key: Cm | tempo: 66 | subdivision: 8th
time: 4/4 | mood: Ballad

[V1] (Verse - 8 Bars)
Chords: | Cm . . . | Cm . . . | Cm7 . . . | Cm . . . | Ab . . . | Ab . . . | Dm7b5 . . . | G7 . . . |
@guitar | c3-eb3-g3 . . . | c3-eb3-g3 . . . | c3-eb3-bb3 . . . | c3-eb3-g3 . . . | ab2-c3-eb3 . . . | ab2-c3-eb3 . . . | d3-f3-ab3 . . . | g2-b2-d3 . . . | vel: 50

[V2] (Verse - 8 Bars)
Chords: | Cm . . . | Cm . . . | Cm7 . . . | Cm . . . | Ab . . . | Ab . . . | Dm7b5 . . . | G7 . . . |
@guitar | c3-eb3-g3 . . . | c3-eb3-g3 . . . | c3-eb3-bb3 . . . | c3-eb3-g3 . . . | ab2-c3-eb3 . . . | ab2-c3-eb3 . . . | d3-f3-ab3 . . . | g2-b2-d3 . . . | vel: 50

[BR] (Bridge - 8 Bars)
Chords: | Eb . . . | Ab . . . | Dm7b5 . . . | G7 . . . | Cm . . . | Cm . . . | Dm7b5 . . . | G7 . . . |
@guitar | eb3-g3-bb3 . . . | ab2-c3-eb3 . . . | d3-f3-ab3 . . . | g2-b2-d3 . . . | c3-eb3-g3 . . . | c3-eb3-g3 . . . | d3-f3-ab3 . . . | g2-b2-d3 . . . | vel: 55

[V3] (Verse - 8 Bars)
Chords: | Cm . . . | Cm . . . | Cm7 . . . | Cm . . . | Ab . . . | Ab . . . | Dm7b5 . . . | G7 . . . |
@guitar | c3-eb3-g3 . . . | c3-eb3-g3 . . . | c3-eb3-bb3 . . . | c3-eb3-g3 . . . | ab2-c3-eb3 . . . | ab2-c3-eb3 . . . | d3-f3-ab3 . . . | g2-b2-d3 . . . | vel: 50

[OUT] (Outro - 4 Bars)
Chords: | Cm .
