**TRACK: Smoke Gets in Your Eyes**
[MetaData]
key: Eb | tempo: 72 | subdivision: 8th
time: 4/4 | mood: Ballad

[V1] (Verse - 8 Bars)
Chords: | Eb . . . | Eb . . . | Ab . . . | Ab . . . | Eb . . . | Eb . . . | Bb7 . . . | Bb7 . . . |
@guitar | eb3-g3-bb3 . . . | eb3-g3-bb3 . . . | ab2-c3-eb3 . . . | ab2-c3-eb3 . . . | eb3-g3-bb3 . . . | eb3-g3-bb3 . . . | bb2-d3-f3 . . . | bb2-d3-f3 . . . | vel: 45

[V2] (Verse - 8 Bars)
Chords: | Eb . . . | Eb . . . | Ab . . . | Ab . . . | Eb . . . | C7 . . . | Fm7 . . . | Bb7 . . . |
@guitar | eb3-g3-bb3 . . . | eb3-g3-bb3 . . . | ab2-c3-eb3 . . . | ab2-c3-eb3 . . . | eb3-g3-bb3 . . . | c3-e3-g3 . . . | f2-ab2-c3 . . . | bb2-d3-f3 . . . | vel: 45

[CH] (Chorus - 8 Bars)
Chords: | Ab . . . | Ab . . . | Bb7 . . . | Bb7 . . . | Eb . . . | Eb . . . | Bb7 . . . | Bb7 . . . |
@guitar | ab2-c3-eb3 . . . | ab2-c3-eb3 . . . | bb2-d3-f3 . . . | bb2-d3-f3 . . . | eb3-g3-bb3 . . . | eb3-g3-bb3 . . . | bb2-d3-f3 . . . | bb2-d3-f3 . . . | vel: 55

[BR] (Bridge - 8 Bars)
Chords: | Abm . . . | Abm . . . | Eb . . . | Eb . . . | F7 . . . | F7 . . . | Bb7 . . . | Bb7 . . . |
@guitar | ab2-cb3-eb3 . . . | ab2-cb3-eb3 . . . | eb3-g3-bb3 . . . | eb3-g3-bb3 . . . | f2-a2-c3 . . . | f2-a2-c3 . . . | bb2-d3-f3 . . . | bb2-d3-f3 . . . | vel: 50

[OUT] (Outro - 4 Bars)
Chords: | Eb . . . | Ab . . . | Eb . . . | Eb . . . |
@guitar
