**TRACK: Somebody Loves Me**
[MetaData]
key: Eb | tempo: 120 | subdivision: 8th
time: 4/4 | mood: Swing

[V1] (Verse - 8 Bars)
Chords: | Eb . . . | Eb7 . . . | Ab . . . | Abm . . . |
| Eb . . . | C7 . . . | F7 . . . | Bb7 . . . |
@guitar | eb3-g3-bb3 . . . | eb3-g3-bb3-db4 . . . | ab3-c4-eb4 . . . | ab3-cb4-eb4 . . . | vel: 55

[V2] (Verse - 8 Bars)
Chords: | Eb . . . | Eb7 . . . | Ab . . . | Abm . . . |
| Eb . . . | C7 . . . | F7 . . . | Bb7 . . . |
@guitar | eb3-g3-bb3 . . . | eb3-g3-bb3-db4 . . . | ab3-c4-eb4 . . . | ab3-cb4-eb4 . . . | vel: 55

[CH] (Chorus - 8 Bars)
Chords: | Ab . . . | Abm . . . | Eb . . . | C7 . . . |
| F7 . . . | Bb7 . . . | Eb . . . | Bb7 . . . |
@guitar | ab3-c4-eb4 . . . | ab3-cb4-eb4 . . . | eb3-g3-bb3 . . . | c3-e3-g3 . . . | vel: 60

[BR] (Bridge - 4 Bars)
Chords: | Fm7 . . . | Bb7 . . . | Eb . . . | G7 . . . |
@guitar | f3-ab3-c4 . . . | bb2-d3-f3 . . . | eb3-g3-bb3 . . . | g2-b3-d4 . . . | vel: 50

[OUT] (Outro - 4 Bars)
Chords: | F7 . . . | Bb7 . . . | Eb . . . | Eb . . . |
@guitar | f3-a3-c4 . . . | bb2-d3-f3 . . . | eb3-g3-bb3 . . . | eb3-g3-bb3 . . . | vel: 45
