**TRACK: The Hog's Eye Man**
[MetaData]
key: D | tempo: 100 | subdivision: 8th
time: 4/4 | mood: Playful

[V1] (Verse - 4 Bars)
Chords: | D . . . | A . . . | D . . . | A . . . |
Melody: | A3 . D4 . | E4 . F#4 . | A3 . D4 . | E4 . C#4 . |
Lyrics: | O the hog's eye man, | O the hog's eye man, | He's a hog's eye man, | And he's got no plan |
@piano | d3-f#3-a3 . . . | a2-c#3-e3 . . . | d3-f#3-a3 . . . | a2-c#3-e3 . . . | vel: 50

[CH] (Chorus - 4 Bars)
Chords: | G . . . | D . . . | A . . . | D . . . |
Melody: | B3 . D4 . | A3 . F#4 . | E4 . D4 . | C#4 . A3 . |
Lyrics: | With a ho-dee-i-ay, | ho-dee-i-oh, | The hog's eye man | will never go |
@piano | g2-b2-d3 . . . | d3-f#3-a3 . . . | a2-c#3-e3 . . . | d3-f#3-a3 . . . | vel: 55

[V2] (Verse - 4 Bars)
Chords: | D . . . | A . . . | D . . . | A . . . |
Melody: | A3 . D4 . | E4 . F#4 . | A3 . D4 . | E4 . C#4 . |
Lyrics: | He walks the road, | he sings his song, | With a jug in hand | all day long |
@piano | d3-f#3-a3 . . . | a2-c#3-e3 . . . | d3-f#3-a3 . . . | a2-c#3-e3 . . . | vel: 50

[CH] (Chorus - 4 Bars)
Chords: | G . . . | D . . . | A . . . | D . . . |
Melody: | B3 . D4 . | A3 . F#4 . | E4 . D4 . | C#4 . A3 . |
Lyrics: | With a ho-dee-i-ay, | ho-dee-i-oh, | The hog's eye man | will never go |
@piano | g2-b2-d3 . . . | d3-f#3-a3 . . . | a2-c#3-e3 . . . | d3-f#3-a3 . . . | vel: 55
