**TRACK: The Zhejiang Boat Song**
[MetaData]
key: Dm | tempo: 72 | subdivision: 8th
time: 4/4 | mood: Gentle, flowing

[V1] (Verse - 4 Bars)
Chords: | Dm . . . | Bb . . . | F . . . | A7 . . . |
Melody: | D4 . F4 . | A4 . F4 . | E4 . D4 . | C#4 . D4 . |
Lyrics: | 划 桨 起 波 | 轻 舟 荡 漾 | 水 映 山 色 | 歌 声 悠 扬 |
@piano | d2-f2-a2 . . . | bb1-d2-f2 . . . | f1-a1-c2 . . . | a1-c#2-e2 . . . | vel: 45

[V2] (Verse - 4 Bars)
Chords: | Dm . . . | Bb . . . | Gm . . . | A7 . . . |
Melody: | A4 . C5 . | Bb4 . A4 . | G4 . F4 . | E4 . C#4 . |
Lyrics: | 船 头 望 远 | 渔 火 点 亮 | 晚 风 送 凉 | 归 航 心 安 |
@piano | d2-f2-a2 . . . | bb1-d2-f2 . . . | g1-bb1-d2 . . . | a1-c#2-e2 . . . | vel: 45

[CH] (Chorus - 4 Bars)
Chords: | F . . . | C . . . | Dm . . . | A7 . . . |
Melody: | F4 . A4 . | E4 . G4 . | D4 . F4 . | C#4 . E4 . |
Lyrics: | 摇 橹 声 声 | 伴 我 歌 唱 | 江 南 水 乡 | 梦 里 故 乡 |
@piano | f1-a1-c2 . . . | c1-e1-g1 . . . | d1-f1-a1 . . . | a1-c#2-e2 . . . | vel: 55

[OUT] (Outro - 2 Bars)
Chords: | Dm . . . | Dm . . . |
Melody: | D4 . . . | . . . . |
Lyrics: | 渐 远 | . . . . |
@piano | d2-f2-a2 . . . | d2-f2-a2 . . . | vel: 40
