**TRACK: The Dai Water Splashing**
[MetaData]
key: Dm | tempo: 96 | subdivision: 8th
time: 4/4 | mood: Joyful, Flowing

[V1] (Verse - 4 Bars)
Chords: | Dm . . . | Bb . . . | F . . . | A . . . |
Melody: | D4 . F4 . | A4 . . . | C4 . E4 . | E4 . . . |
Lyrics: | wa ter splash ing | joy ful song ring | dance and laugh to | geth er now |
@piano | d3-f3-a3 . . . | bb2-d3-f3 . . . | f2-a2-c3 . . . | a2-c#3-e3 . . . | vel: 55

[V2] (Verse - 4 Bars)
Chords: | Dm . . . | Bb . . . | Gm . . . | A . . . |
Melody: | F4 . E4 . | D4 . . . | C4 . D4 . | E4 . . . |
Lyrics: | bam boo poles swing | wa ter drops gleam | old and young all | join the stream |
@piano | d3-f3-a3 . . . | bb2-d3-f3 . . . | g2-bb2-d3 . . . | a2-c#3-e3 . . . | vel: 55

[CH] (Chorus - 4 Bars)
Chords: | Dm . . . | C . . . | F . . . | A . . . |
Melody: | A4 . A4 . | G4 . E4 . | F4 . F4 . | E4 . D4 . |
Lyrics: | splash splash the wa ter | high in the sun | Dai peo ple cel e | brate as one |
@piano | d3-f3-a3 . . . | c3-e3-g3 . . . | f2-a2-c3 . . . | a2-c#3-e3 . . . | vel: 60

[OUT] (Outro - 2 Bars)
Chords: | Dm . . . | Dm . . . |
Melody: | D4 . . . | . . . . |
Lyrics: | splash . . . | . . . . |
@piano | d3-f3-a3 . . . | d3-f3-a3 . . . | vel: 50
