**TRACK: The Pine and Crane**
[MetaData]
key: Dm | tempo: 80 | subdivision: 8th
time: 4/4 | mood: Gentle

[V1] (Verse - 4 Bars)
Chords: | Dm . . . | A . . . | Dm . . . | A . . . |
Melody: | D4 . F4 . | E4 . C#4 . | D4 . A3 . | F3 . E3 . |
Lyrics: | pine tree stands so tall | crane flies o - ver all | wind through branch - es low | moon - light starts to glow |
@piano | d3-f3-a3 . . . | a2-c#3-e3 . . . | d3-f3-a3 . . . | a2-c#3-e3 . . . | vel: 45

[CH] (Chorus - 4 Bars)
Chords: | Bb . . . | F . . . | C . . . | A . . . |
Melody: | Bb3 . D4 . | A3 . C4 . | G3 . B3 . | A3 . C#4 . |
Lyrics: | pine and crane to - geth - er | through the years of weath - er | guard - ing hills and riv - er | peace - ful and for - ev - er |
@piano | bb2-d3-f3 . . . | f2-a2-c3 . . . | c3-e3-g3 . . . | a2-c#3-e3 . . . | vel: 50

[V2] (Verse - 4 Bars)
Chords: | Dm . . . | A . . . | Dm . . . | A . . . |
Melody: | D4 . F4 . | E4 . C#4 . | D4 . A3 . | F3 . E3 . |
Lyrics: | old pine knows the way | crane rests at end of day | roots deep in the stone | bird flies on a - lone |
@piano | d3-f3-a3 . . . | a2-c#3-e3 . . . | d3-f3-a3 . . . | a2-c#3-e3 . . . | vel: 45
