**TRACK: The Autumn Moon Over the Han Palace**
[MetaData]
key: Am | tempo: 72 | subdivision: 8th
time: 4/4 | mood: Gentle, nostalgic

[V1] (Verse - 4 Bars)
Chords: | Am . . . | E . . . | Am . . . | E . . . |
Melody: | A3 . C4 . | B3 . G#3 . | A3 . C4 . | B3 . G#3 . |
Lyrics: | au - tumn moon | o - ver Han | pa - lace walls | si - lent night |
@piano | a2-e3-a3 . . . | e2-g#3-b3 . . . | a2-e3-a3 . . . | e2-g#3-b3 . . . | vel: 45

[V2] (Verse - 4 Bars)
Chords: | F . . . | C . . . | Dm . . . | E . . . |
Melody: | F4 . A4 . | E4 . C4 . | D4 . F4 . | E4 . B3 . |
Lyrics: | cold dew falls | on the stones | emp - ty halls | long - ing sighs |
@piano | f2-a2-c3 . . . | c3-e3-g3 . . . | d3-f3-a3 . . . | e2-g#3-b3 . . . | vel: 48

[CH] (Chorus - 4 Bars)
Chords: | Am . . . | F . . . | C . . . | E . . . |
Melody: | A3 . C4 . E4 . | F4 . A4 . C5 . | G4 . E4 . C4 . | B3 . G#3 . E3 . |
Lyrics: | moon shines so bright | on the han - gong | grief of the past | in the wind - blown night |
@piano | a2-e3-a3-c4 . . . | f2-a2-c3-f4 . . . | c3-e3-g3-c4 . . . | e2-g#3-b3-e4 . . . | vel: 55

[OUTRO] (Instrumental - 2 Bars)
Chords: | Am . . . | E . . . |
Melody: | A3 . . . | E3 . . . |
Lyrics: | (no lyrics) |
@piano | a2-e3-a3 . . . | e2-g#3-b3 . . . | vel: 40
