**TRACK: Al Quds al Arabiya**
[MetaData]
key: Dm | tempo: 100 | subdivision: 8th
time: 4/4 | mood: Solemn, proud

[V1] (Verse - 4 Bars)
Chords: | Dm . . . | Bb . . . | F . . . | A7 . . . |
Melody: | D4 . F4 . | A4 . F4 . | D4 . C4 . | B3 . A3 . |
Lyrics: | Al Quds al-A-ra-bi-ya | ya ar-di as-sa-laam | a-lay-ki sal-aam | min kul-li 'aam |
@piano | d3-f3-a3 . . . | bb2-d3-f3 . . . | f2-a2-c3 . . . | a2-c3-e3 . . . | vel: 50

[V2] (Verse - 4 Bars)
Chords: | Dm . . . | Bb . . . | C . . . | A7 . . . |
Melody: | D4 . F4 . | A4 . G4 . | F4 . E4 . | D4 . C4 . |
Lyrics: | Ha-za qal-bi yah-fa-zu | bi-‘ah-di-ki wa-l-wa-fa | wa-‘ay-nay-ki tar-wi | hi-ka-ya-ti al-‘a-dhaab |
@piano | d3-f3-a3 . . . | bb2-d3-f3 . . . | c3-e3-g3 . . . | a2-c3-e3 . . . | vel: 52

[CH] (Chorus - 4 Bars)
Chords: | Dm . . . | Gm . . . | Dm . . . | A7 . . . |
Melody: | D4 . F4 . A4 . | Bb4 . A4 . G4 . | F4 . D4 . F4 . | E4 . D4 . C4 . |
Lyrics: | Al Quds al-A-ra-bi-ya | ya umm al-ma-sa-jid | fi-ki al-‘i-dhu-wa-l-ka-ra-ma | wa-l-‘izz al-kha-lid |
@piano | d3-f3-a3 . . . | g2-bb2-d3 . . . | d3-f3-a3 . . . | a2-c3-e3 . . . | vel: 55
