**TRACK: Ya Banat Iskandaria**
[MetaData]
key: Am | tempo: 88 | subdivision: 8th
time: 4/4 | mood: Gentle, lilting

[V1] (Verse - 4 Bars)
Chords: | Am . . . | F . . . | Am . . . | E7 . . . |
Melody: | A3 . C4 . | F4 . E4 . | D4 . C4 . | B3 . A3 . |
Lyrics: | Ya ba - nat Is - kan - da - ri - a | la - ya - la - ya - la - ya - la |
@piano | a2-e3-a3 . . . | f2-a2-c3 . . . | a2-e3-a3 . . . | e2-g#3-b3 . . . | vel: 50

[CH] (Chorus - 4 Bars)
Chords: | Dm . . . | Am . . . | F . . . | E7 . . . |
Melody: | D4 . F4 . | A3 . C4 . | F4 . E4 . | D4 . E4 . |
Lyrics: | ya ba - nat is - kan - da - ri - a | ha - bi - bi ya - la - la |
@piano | d2-f3-a3 . . . | a2-e3-a3 . . . | f2-a2-c3 . . . | e2-g#3-b3 . . . | vel: 55

[V2] (Verse - 4 Bars, repeat melody)
Chords: | Am . . . | F . . . | Am . . . | E7 . . . |
Melody: | A3 . C4 . | F4 . E4 . | D4 . C4 . | B3 . A3 . |
Lyrics: | wa - nu - ru - ha - wa - nu - ru | ta - la - la - ta - la - la |
@piano | a2-e3-a3 . . . | f2-a2-c3 . . . | a2-e3-a3 . . . | e2-g#3-b3 . . . | vel: 50
