**TRACK: 2 Respect**
[MetaData]
key: Eb | tempo: 116 | subdivision: 8th
time: 4/4 | mood: Driving

[V1] (Verse - 8 Bars)
Chords: | Eb . . . | Ab . . . | Eb . . . | Bb . . . |
@guitar | eb3-g3-bb3 . . . | ab2-c3-eb3 . . . | eb3-g3-bb3 . . . | bb2-d3-f3 . . . | vel: 55
Chords: | Eb . . . | Ab . . . | Eb . . . | Bb . . . |
@guitar | eb3-g3-bb3 . . . | ab2-c3-eb3 . . . | eb3-g3-bb3 . . . | bb2-d3-f3 . . . | vel: 55

[V2] (Verse - 8 Bars)
Chords: | Eb . . . | Ab . . . | Eb . . . | Bb . . . |
@guitar | eb3-g3-bb3 . . . | ab2-c3-eb3 . . . | eb3-g3-bb3 . . . | bb2-d3-f3 . . . | vel: 58
Chords: | Eb . . . | Ab . . . | Eb . . . | Bb . . . |
@guitar | eb3-g3-bb3 . . . | ab2-c3-eb3 . . . | eb3-g3-bb3 . . . | bb2-d3-f3 . . . | vel: 58

[CH] (Chorus - 8 Bars)
Chords: | Ab . . . | Bb . . . | Eb . . . | Ab . . . |
@guitar | ab2-c3-eb3 . . . | bb2-d3-f3 . . . | eb3-g3-bb3 . . . | ab2-c3-eb3 . . . | vel: 65
Chords: | Bb . . . | Eb . . . | Ab . . . | Bb . . . |
@guitar | bb2-d3-f3 . . . | eb3-g3-bb3 . . . | ab2-c3-eb3 . . . | bb2-d3-f3 . . . | vel: 65

[BR] (Bridge - 4 Bars)
Chords: | Fm . . . | Bb . . . | Gm . . . | C7 . . . |
@guitar | f2-ab2-c3 . . . | bb2-d3-f3 . . . | g2-bb2-d3 . . . | c3-e3-g3 . . . | vel: 60

[OUT] (Outro - 8 Bars)
Chords: | Eb . . . | Ab . . . | Eb . . . | Bb . . . |
@guitar | eb3-g3-bb3 . . . | ab2-c3-eb3 . . . | eb3-g3-bb3 . . . | bb2-d3-f3 .
