**TRACK: Hear My Train A Comin'**
[MetaData]
key: E | tempo: 92 | subdivision: 8th
time: 4/4 | mood: Driving, Bluesy

[V1] (Verse - 12 Bars)
Chords: | E . . . | E . . . | E . . . | E . . . | A . . . | A . . . | E . . . | E . . . | B . . . | A . . . | E . . . | B . . . |
@guitar | e2-b2-e3 . . . | e2-b2-e3 . . . | e2-b2-e3 . . . | e2-b2-e3 . . . | a2-e3-a3 . . . | a2-e3-a3 . . . | e2-b2-e3 . . . | e2-b2-e3 . . . | b2-f#3-b3 . . . | a2-e3-a3 . . . | e2-b2-e3 . . . | b2-f#3-b3 . . . | vel: 65

[V2] (Verse - 12 Bars)
Chords: | E . . . | E . . . | E . . . | E . . . | A . . . | A . . . | E . . . | E . . . | B . . . | A . . . | E . . . | B . . . |
@guitar | e2-b2-e3 . . . | e2-b2-e3 . . . | e2-b2-e3 . . . | e2-b2-e3 . . . | a2-e3-a3 . . . | a2-e3-a3 . . . | e2-b2-e3 . . . | e2-b2-e3 . . . | b2-f#3-b3 . . . | a2-e3-a3 . . . | e2-b2-e3 . . . | b2-f#3-b3 . . . | vel: 62

[BR] (Bridge - 8 Bars)
Chords: | C . . . | C . . . | G . . . | G . . . | D . . . | D . . . | A . . . | B . . . |
@guitar | c3-e3-g3 . . . | c3-e3-g3 . . . | g2-b2-d3 . . . | g2-b2-d3 . . . | d3-f#3-a3 . . . | d3-f#3-a3 . . . | a2-c#3-e3 . . . | b2-d#3-f#3 . . . | vel: 58

[OUT] (Outro - 4 Bars)
Chords: | E . . . | E . . . | E . . . | E . . . |
@guitar | e2-b2-e3 . . . | e2-b2-e3 . . . | e2-b2-e3 . . . | e2-b2-e3 . . . | vel: 50
