**TRACK: Respect**
[MetaData]
key: C | tempo: 116 | subdivision: 8th
time: 4/4 | mood: Driving

[V1] (Verse - 8 Bars)
Chords: | C . . . | C . . . | F . . . | C . . . | C . . . | C . . . | G . . . | C . . . |
@guitar | c3-e3-g3 . . . | c3-e3-g3 . . . | f2-a2-c3 . . . | c3-e3-g3 . . . | c3-e3-g3 . . . | c3-e3-g3 . . . | g2-b2-d3 . . . | c3-e3-g3 . . . | vel: 55

[V2] (Verse - 8 Bars)
Chords: | C . . . | C . . . | F . . . | C . . . | C . . . | C . . . | G . . . | C . . . |
@guitar | c3-e3-g3 . . . | c3-e3-g3 . . . | f2-a2-c3 . . . | c3-e3-g3 . . . | c3-e3-g3 . . . | c3-e3-g3 . . . | g2-b2-d3 . . . | c3-e3-g3 . . . | vel: 55

[CH] (Chorus - 4 Bars)
Chords: | F . . . | C . . . | G . . . | C . . . |
@guitar | f2-a2-c3 . . . | c3-e3-g3 . . . | g2-b2-d3 . . . | c3-e3-g3 . . . | vel: 65

[BR] (Bridge - 4 Bars)
Chords: | F . . . | F . . . | C . . . | G . . . |
@guitar | f2-a2-c3 . . . | f2-a2-c3 . . . | c3-e3-g3 . . . | g2-b2-d3 . . . | vel: 60

[OUT] (Outro - 4 Bars)
Chords: | C . . . | F . . . | C . . . | C . . . |
@guitar | c3-e3-g3 . . . | f2-a2-c3 . . . | c3-e3-g3 . . . | c3-e3-g3 . . . | vel: 50
