**TRACK: Positive Vibration**
[MetaData]
key: Bb | tempo: 96 | subdivision: 8th
time: 4/4 | mood: Uplifting

[V1] (Verse - 8 Bars)
Chords: | Bb . . . | Bb . . . | Eb . . . | Bb . . . | Bb . . . | Bb . . . | F . . . | F . . . |
@guitar | bb1-d2-f2 . . . | bb1-d2-f2 . . . | eb1-g1-bb1 . . . | bb1-d2-f2 . . . | bb1-d2-f2 . . . | bb1-d2-f2 . . . | f1-a1-c2 . . . | f1-a1-c2 . . . | vel: 55

[CH] (Chorus - 8 Bars)
Chords: | Eb . . . | Bb . . . | Eb . . . | Bb . . . | Eb . . . | Bb . . . | F . . . | F . . . |
@guitar | eb1-g1-bb1 . . . | bb1-d2-f2 . . . | eb1-g1-bb1 . . . | bb1-d2-f2 . . . | eb1-g1-bb1 . . . | bb1-d2-f2 . . . | f1-a1-c2 . . . | f1-a1-c2 . . . | vel: 60

[BR] (Bridge - 4 Bars)
Chords: | Cm . . . | F . . . | Bb . . . | Bb . . . |
@guitar | c2-eb2-g2 . . . | f1-a1-c2 . . . | bb1-d2-f2 . . . | bb1-d2-f2 . . . | vel: 50

[V2] (Verse - 8 Bars)
Chords: | Bb . . . | Bb . . . | Eb . . . | Bb . . . | Bb . . . | Bb . . . | F . . . | F . . . |
@guitar | bb1-d2-f2 . . . | bb1-d2-f2 . . . | eb1-g1-bb1 . . . | bb1-d2-f2 . . . | bb1-d2-f2 . . . | bb1-d2-f2 . . . | f1-a1-c2 . . . | f1-a1-c2 . . . | vel: 55

[CH] (Chorus - 8 Bars)
Chords: | Eb . . . | Bb . . . | Eb . . . | Bb . . . | Eb . . . | Bb . . . | F . . . | F . . . |
@guitar | eb1-g1-bb1 . . . | bb1-d2-f2 . . . | eb1-g1-bb1 . . . | bb1-d2-f2 . . . | eb1-g1-bb1 . . . | bb1-d2-f2 .
