**TRACK: Stir It Up**
[MetaData]
key: A minor | tempo: 95 | subdivision: 8th
time: 4/4 | mood: Laid-back Groove

[V1] (Verse - 8 Bars)
Chords: | Am . . . | Am . . . | Dm . . . | Dm . . . | Am . . . | Am . . . | G . . . | G . . . |
@guitar | a2-e3-a3 . . . | a2-e3-a3 . . . | d3-a3-d4 . . . | d3-a3-d4 . . . | a2-e3-a3 . . . | a2-e3-a3 . . . | g2-d3-g3 . . . | g2-d3-g3 . . . | vel: 55

[V2] (Verse - 8 Bars)
Chords: | Am . . . | Am . . . | Dm . . . | Dm . . . | Am . . . | Am . . . | G . . . | G . . . |
@guitar | a2-e3-a3 . . . | a2-e3-a3 . . . | d3-a3-d4 . . . | d3-a3-d4 . . . | a2-e3-a3 . . . | a2-e3-a3 . . . | g2-d3-g3 . . . | g2-d3-g3 . . . | vel: 55

[CH] (Chorus - 8 Bars)
Chords: | C . . . | C . . . | G . . . | G . . . | Am . . . | Am . . . | G . . . | G . . . |
@guitar | c3-e3-g3 . . . | c3-e3-g3 . . . | g2-b2-d3 . . . | g2-b2-d3 . . . | a2-e3-a3 . . . | a2-e3-a3 . . . | g2-d3-g3 . . . | g2-d3-g3 . . . | vel: 60

[BR] (Bridge - 4 Bars)
Chords: | Dm . . . | Dm . . . | G . . . | G . . . |
@guitar | d3-a3-d4 . . . | d3-a3-d4 . . . | g2-d3-g3 . . . | g2-d3-g3 . . . | vel: 58

[OUT] (Outro - 4 Bars)
Chords: | Am . . . | Am . . . | Am . . . | Am . . . |
@guitar | a2-e3-a3 . . . | a2-e3-a3 . . . | a2-e3-a3 . . . | a2-e3-a3 . . . | vel: 50
