**TRACK: Dixie**
[MetaData]
key: D | tempo: 112 | subdivision: 8th
time: 4/4 | mood: Spirited

[V1] (Verse - 4 Bars)
Chords: | D . . . | A . . . | D . . . | A . . . |
Melody: | A4 . F#4 . | E4 . D4 . | F#4 . A4 . | E4 . . . |
Lyrics: | I wish I was in the land of cot-ton, | Old times there are not for-got-ten, | Look a-way! Look a-way! Look a-way! | Dix-ie Land. |
@piano | d3-f#3-a3 . . . | a2-c#3-e3 . . . | d3-f#3-a3 . . . | a2-c#3-e3 . . . | vel: 60

[V2] (Verse - 4 Bars)
Chords: | D . . . | A . . . | D . . . | A . . . |
Melody: | A4 . F#4 . | E4 . D4 . | F#4 . A4 . | E4 . . . |
Lyrics: | In Dix-ie Land where I was born in, | Ear-ly on one frost-y morn-in', | Look a-way! Look a-way! Look a-way! | Dix-ie Land. |
@piano | d3-f#3-a3 . . . | a2-c#3-e3 . . . | d3-f#3-a3 . . . | a2-c#3-e3 . . . | vel: 60

[CH] (Chorus - 4 Bars)
Chords: | D . . . | A . . . | D . . . | A . . . |
Melody: | A4 . A4 . | B4 . A4 . | F#4 . E4 . | D4 . . . |
Lyrics: | Then I wish I was in Dix-ie, Hoo-ray! Hoo-ray! | In Dix-ie Land I'll take my stand, | To live and die in Dix-ie, | A-way, a-way, a-way down south in Dix-ie. |
@piano | d3-f#3-a3 . . . | a2-c#3-e3 . . . | d3-f#3-a3 . . . | a2-c#3-e3 . . . | vel: 65
