**TRACK: Greensleeves**
[MetaData]
key: Am | tempo: 90 | subdivision: 8th
time: 3/4 | mood: Gentle

[V1] (Verse - 4 Bars)
Chords: | Am . . . | C . . . | G . . . | Am . . . |
Melody: | A3 . C4 . | E4 . . . | D4 . B3 . | A3 . . . |
Lyrics: | A - las my love | you do me wrong | to cast me off | dis - cour - teous - ly |
@piano | a2-e3-a3 . . . | c3-e3-g3 . . . | g2-b2-d3 . . . | a2-e3-a3 . . . | vel: 50

[V2] (Verse - 4 Bars)
Chords: | F . . . | C . . . | G . . . | Am . . . |
Melody: | F4 . A4 . | E4 . C4 . | D4 . B3 . | A3 . . . |
Lyrics: | And I have loved | you so long de - light - ing | in your com - pa - ny | so gra - cious - ly |
@piano | f2-a2-c3 . . . | c3-e3-g3 . . . | g2-b2-d3 . . . | a2-e3-a3 . . . | vel: 50

[CH] (Chorus - 4 Bars)
Chords: | Am . . . | F . . . | C . . . | G . . . |
Melody: | E4 . C4 . | F4 . A4 . | E4 . G4 . | D4 . B3 . |
Lyrics: | Green - sleeves was | all my joy | Green - sleeves was | my de - light |
@piano | a2-e3-a3 . . . | f2-a2-c3 . . . | c3-e3-g3 . . . | g2-b2-d3 . . . | vel: 55

[CH2] (Chorus - 4 Bars)
Chords: | Am . . . | F . . . | C . . . | E7 . . . |
Melody: | E4 . C4 . | F4 . A4 . | E4 . G4 . | B3 . D4 . |
Lyrics: | Green - sleeves was | my heart of gold | and who but my | La - dy Green - sleeves |
@piano | a2-e3-a3 . . . | f2-a2-c3 . . . | c3-e3-g3 . . . | e2-g#2-b3 . . . | vel: 55
