**TRACK: The Bonny Earl of Murray**
[MetaData]
key: Em | tempo: 90 | subdivision: 8th
time: 3/4 | mood: Lament

[V1] (Verse - 4 Bars)
Chords: | Em . . | Am . . | Em . . | B7 . . |
Melody: | E4 . G4 | A4 . G4 | E4 . D4 | B3 . . |
Lyrics: | Ye | High-lands | and | ye |
| Low-lands | O | where | hae |
| ye | been | they | hae |
| slain | the | Earl | o' |
| Mor- | ray | and | laid |
| him | on | the | green |
@piano | e2-b2-e3 . . | a2-c3-e3 . . | e2-b2-e3 . . | b1-d3-f#3 . . | vel: 45

[V2] (Verse - 4 Bars)
Chords: | Em . . | Am . . | C . . | B7 . . |
Melody: | E4 . G4 | A4 . B4 | C5 . B4 | A4 . G4 |
Lyrics: | Now | may | be | a |
| mor- | ning | ere | they |
| find | him | bo- | dy |
| lang | or | e'er | they |
| find | him | in | the |
| grave | | | |
@piano | e2-b2-e3 . . | a2-c3-e3 . . | c3-e3-g3 . . | b1-d3-f#3 . . | vel: 45

[CH] (Chorus - 4 Bars)
Chords: | Em . . | Em . . | Am . . | B7 . . |
Melody: | E4 . E4 | G4 . G4 | A4 . A4 | B3 . . |
Lyrics: | O | bon- | ny | Earl |
| of | Mor- | ray | now |
| in | thy | grave | sleep |
| fair | | | |
@piano | e2-b2-e3 . . | e2-b2-e3 . . | a2-c3-e3 . . | b1-d3-f#3 . . | vel: 50
