**TRACK: 500 Miles**
[MetaData]
key: D | tempo: 96 | subdivision: 8th
time: 4/4 | mood: Driving

[V1] (Verse - 8 Bars)
Chords: | D . . . | A . . . | Bm . . . | G . . . | D . . . | A . . . | G . . . | A . . . |
@guitar | d2-a2-d3 . . . | a1-e2-a2 . . . | b1-f#2-b2 . . . | g1-d2-g2 . . . | d2-a2-d3 . . . | a1-e2-a2 . . . | g1-d2-g2 . . . | a1-e2-a2 . . . | vel: 50

[V2] (Verse - 8 Bars)
Chords: | D . . . | A . . . | Bm . . . | G . . . | D . . . | A . . . | G . . . | A . . . |
@guitar | d2-a2-d3 . . . | a1-e2-a2 . . . | b1-f#2-b2 . . . | g1-d2-g2 . . . | d2-a2-d3 . . . | a1-e2-a2 . . . | g1-d2-g2 . . . | a1-e2-a2 . . . | vel: 50

[CH] (Chorus - 8 Bars)
Chords: | G . . . | D . . . | A . . . | D . . . | G . . . | D . . . | A . . . | A . . . |
@guitar | g1-d2-g2 . . . | d2-a2-d3 . . . | a1-e2-a2 . . . | d2-a2-d3 . . . | g1-d2-g2 . . . | d2-a2-d3 . . . | a1-e2-a2 . . . | a1-e2-a2 . . . | vel: 60

[BR] (Bridge - 4 Bars)
Chords: | Bm . . . | G . . . | D . . . | A . . . |
@guitar | b1-f#2-b2 . . . | g1-d2-g2 . . . | d2-a2-d3 . . . | a1-e2-a2 . . . | vel: 55
