**TRACK: Pale Blue Eyes**
[MetaData]
key: A | tempo: 96 | subdivision: 8th
time: 3/4 | mood: Gentle

[V1] (Verse - 8 Bars)
Chords: | A . . | A . . | A . . | A . . | D . . | D . . | A . . | E . . |
@guitar | a2-e3-a3 . . | a2-e3-a3 . . | a2-e3-a3 . . | a2-e3-a3 . . | d3-a3-d4 . . | d3-a3-d4 . . | a2-e3-a3 . . | e2-b2-e3 . . | vel: 50

[V2] (Verse - 8 Bars)
Chords: | A . . | A . . | A . . | A . . | D . . | D . . | A . . | E . . |
@guitar | a2-e3-a3 . . | a2-e3-a3 . . | a2-e3-a3 . . | a2-e3-a3 . . | d3-a3-d4 . . | d3-a3-d4 . . | a2-e3-a3 . . | e2-b2-e3 . . | vel: 50

[CH] (Chorus - 8 Bars)
Chords: | D . . | D . . | A . . | A . . | D . . | D . . | E . . | E . . |
@guitar | d3-a3-d4 . . | d3-a3-d4 . . | a2-e3-a3 . . | a2-e3-a3 . . | d3-a3-d4 . . | d3-a3-d4 . . | e2-b2-e3 . . | e2-b2-e3 . . | vel: 55

[BR] (Bridge - 8 Bars)
Chords: | F#m . . | F#m . . | Bm . . | Bm . . | E . . | E . . | A . . | A . . |
@guitar | f#2-c#3-f#3 . . | f#2-c#3-f#3 . . | b2-f#3-b3 . . | b2-f#3-b3 . . | e2-b2-e3 . . | e2-b2-e3 . . | a2-e3-a3 . . | a2-e3-a3 . . | vel: 45

[V3] (Verse - 8 Bars)
Chords: | A . . | A . . | A . . | A . . | D . . | D . . | A . . | E . . |
@guitar | a2-e3-a3 . . | a2-e3-a3 . . | a2-e3-a3 . . | a2-e3-a3 . . | d3-a3-d4 . . | d3-a3-d4 . . | a2-e3-a3 . . | e2-b2-e3 . . | vel: 50
