**TRACK: The Lonesome Death of Hattie Carroll**
[MetaData]
key: Am | tempo: 96 | subdivision: 8th
time: 4/4 | mood: Narrative, building

[V1] (Verse - 8 Bars)
Chords: | Am . . . | Am . . . | C . . . | C . . . | F . . . | F . . . | E . . . | E . . . |
@guitar | a2-e3-a3 . . . | a2-e3-a3 . . . | c3-e3-g3 . . . | c3-e3-g3 . . . | f2-a2-c3 . . . | f2-a2-c3 . . . | e2-g#2-b2 . . . | e2-g#2-b2 . . . | vel: 50

[V2] (Verse - 8 Bars)
Chords: | Am . . . | Am . . . | C . . . | C . . . | F . . . | F . . . | E . . . | E . . . |
@guitar | a2-e3-a3 . . . | a2-e3-a3 . . . | c3-e3-g3 . . . | c3-e3-g3 . . . | f2-a2-c3 . . . | f2-a2-c3 . . . | e2-g#2-b2 . . . | e2-g#2-b2 . . . | vel: 52

[V3] (Verse - 8 Bars)
Chords: | Am . . . | Am . . . | C . . . | C . . . | F . . . | F . . . | E . . . | E . . . |
@guitar | a2-e3-a3 . . . | a2-e3-a3 . . . | c3-e3-g3 . . . | c3-e3-g3 . . . | f2-a2-c3 . . . | f2-a2-c3 . . . | e2-g#2-b2 . . . | e2-g#2-b2 . . . | vel: 54

[BR] (Bridge - 4 Bars)
Chords: | Dm . . . | Dm . . . | Am . . . | Am . . . |
@guitar | d2-f2-a2 . . . | d2-f2-a2 . . . | a2-e3-a3 . . . | a2-e3-a3 . . . | vel: 50

[V4] (Verse - 8 Bars)
Chords: | Am . . . | Am . . . | C . . . | C . . . | F . . . | F . . . | E . . . | E . . . |
@guitar | a2-e3-a3 . . . | a2-e3-a3 . . . | c3-e3-g3 . . . | c3-e3-g3 . . . | f2-a2-c3 . . . | f2-a2-c3 . . . | e2-g#2-b2 . . . | e
