**TRACK: Two of Us**
[MetaData]
key: D | tempo: 120 | subdivision: 8th
time: 4/4 | mood: Driving

[V1] (Verse - 8 Bars)
Chords: | D . . . | D . . . | G . . . | A . . . |
@guitar | d2-a2-d3 . . . | d2-a2-d3 . . . | g2-b2-d3 . . . | a2-c#3-e3 . . . | vel: 55

[V2] (Verse - 8 Bars)
Chords: | D . . . | D . . . | G . . . | A . . . | D . . . | D . . . | G . . . | A . . . |
@guitar | d2-a2-d3 . . . | d2-a2-d3 . . . | g2-b2-d3 . . . | a2-c#3-e3 . . . | d2-a2-d3 . . . | d2-a2-d3 . . . | g2-b2-d3 . . . | a2-c#3-e3 . . . | vel: 55

[CH] (Chorus - 8 Bars)
Chords: | D . . . | G . . . | A . . . | D . . . |
@guitar | d2-a2-d3 . . . | g2-b2-d3 . . . | a2-c#3-e3 . . . | d2-a2-d3 . . . | vel: 60

[B] (Bridge - 4 Bars)
Chords: | Bm . . . | A . . . | G . . . | A . . . |
@guitar | b2-d3-f#3 . . . | a2-c#3-e3 . . . | g2-b2-d3 . . . | a2-c#3-e3 . . . | vel: 55

[OUT] (Outro - 4 Bars)
Chords: | D . . . | G . . . | A . . . | D . . . |
@guitar | d2-a2-d3 . . . | g2-b2-d3 . . . | a2-c#3-e3 . . . | d2-a2-d3 . . . | vel: 50
