**TRACK: Billie Jean**
[MetaData]
key: F#m | tempo: 117 | subdivision: 16th
time: 4/4 | mood: Driving

[V1] (Verse - 8 Bars)
Chords: | F#m . . . | F#m . . . | F#m . . . | F#m . . . | Bm . . . | Bm . . . | E . . . | E . . . |
@guitar | f#2-c#3-f#3 . . . | f#2-c#3-f#3 . . . | f#2-c#3-f#3 . . . | f#2-c#3-f#3 . . . | b2-d3-f#3 . . . | b2-d3-f#3 . . . | e2-g#3-b3 . . . | e2-g#3-b3 . . . | vel: 50

[CH] (Chorus - 8 Bars)
Chords: | F#m . . . | F#m . . . | F#m . . . | F#m . . . | Bm . . . | Bm . . . | E . . . | E . . . |
@guitar | f#2-a2-c#3 . . . | f#2-a2-c#3 . . . | f#2-a2-c#3 . . . | f#2-a2-c#3 . . . | b2-d3-f#3 . . . | b2-d3-f#3 . . . | e2-g#3-b3 . . . | e2-g#3-b3 . . . | vel: 60

[BR] (Bridge - 4 Bars)
Chords: | C#m . . . | C#m . . . | F# . . . | F# . . . |
@guitar | c#3-e3-g#3 . . . | c#3-e3-g#3 . . . | f#2-a#2-c#3 . . . | f#2-a#2-c#3 . . . | vel: 55

[IN] (Instrumental Break - 4 Bars)
Chords: | F#m . . . | F#m . . . | E . . . | E . . . |
@guitar | f#2-c#3-f#3 . . . | f#2-c#3-f#3 . . . | e2-b2-e3 . . . | e2-b2-e3 . . . | vel: 45
