**TRACK: Cupid**
[MetaData]
key: F | tempo: 112 | subdivision: 8th
time: 4/4 | mood: Driving

[V1] (Verse - 8 Bars)
Chords: | F . . . | Dm . . . | Bb . . . | C . . . |
@guitar | f2-a2-c3 . . . | d2-a2-d3 . . . | bb2-d3-f3 . . . | c3-e3-g3 . . . | vel: 55
Chords: | F . . . | Dm . . . | Bb . . . | C . . . |
@guitar | f2-a2-c3 . . . | d2-a2-d3 . . . | bb2-d3-f3 . . . | c3-e3-g3 . . . | vel: 55

[CH] (Chorus - 8 Bars)
Chords: | F . . . | Dm . . . | Bb . . . | C . . . |
@guitar | f2-a2-c3 . . . | d2-a2-d3 . . . | bb2-d3-f3 . . . | c3-e3-g3 . . . | vel: 60
Chords: | F . . . | Dm . . . | Bb . . . | C . . . |
@guitar | f2-a2-c3 . . . | d2-a2-d3 . . . | bb2-d3-f3 . . . | c3-e3-g3 . . . | vel: 60

[BR] (Bridge - 4 Bars)
Chords: | Dm . . . | Bb . . . | C . . . | C . . . |
@guitar | d2-a2-d3 . . . | bb2-d3-f3 . . . | c3-e3-g3 . . . | c3-e3-g3 . . . | vel: 50

[V2] (Verse - 8 Bars)
Chords: | F . . . | Dm . . . | Bb . . . | C . . . |
@guitar | f2-a2-c3 . . . | d2-a2-d3 . . . | bb2-d3-f3 . . . | c3-e3-g3 . . . | vel: 55
Chords: | F . . . | Dm . . . | Bb . . . | C . . . |
@guitar | f2-a2-c3 . . . | d2-a2-d3 . . . | bb2-d3-f3 . . . | c3-e3-g3 . . . | vel: 55

[CH] (Chorus - 8 Bars)
Chords: | F . . . | Dm . . . | Bb . . . | C . . . |
@guitar | f2-a2-c3 . . . | d2-a2-d3 . . . | bb2-d3-f3 . . . | c3-e3-g3 . . . | vel: 60
Chords: | F . . . |
