**TRACK: Grandma's Hands**
[MetaData]
key: C | tempo: 88 | subdivision: 8th
time: 4/4 | mood: Soulful Groove

[V1] (Verse - 8 Bars)
Chords: | C . . . | C . . . | F . . . | C . . . |
| C . . . | C . . . | G . . . | G . . . |
@guitar | c3-e3-g3 . . . | c3-e3-g3 . . . | f2-a2-c3 . . . | c3-e3-g3 . . . |
| c3-e3-g3 . . . | c3-e3-g3 . . . | g2-b2-d3 . . . | g2-b2-d3 . . . | vel: 55

[V2] (Verse - 8 Bars)
Chords: | C . . . | C . . . | F . . . | C . . . |
| C . . . | C . . . | G . . . | G . . . |
@guitar | c3-e3-g3 . . . | c3-e3-g3 . . . | f2-a2-c3 . . . | c3-e3-g3 . . . |
| c3-e3-g3 . . . | c3-e3-g3 . . . | g2-b2-d3 . . . | g2-b2-d3 . . . | vel: 58

[CH] (Chorus - 4 Bars)
Chords: | F . . . | F . . . | C . . . | G . . . |
@guitar | f2-a2-c3 . . . | f2-a2-c3 . . . | c3-e3-g3 . . . | g2-b2-d3 . . . | vel: 62

[BR] (Bridge - 4 Bars)
Chords: | Am . . . | Am . . . | F . . . | G . . . |
@guitar | a2-c3-e3 . . . | a2-c3-e3 . . . | f2-a2-c3 . . . | g2-b2-d3 . . . | vel: 50

[V3] (Verse - 8 Bars)
Chords: | C . . . | C . . . | F . . . | C . . . |
| C . . . | C . . . | G . . . | G . . . |
@guitar | c3-e3-g3 . . . | c3-e3-g3 . . . | f2-a2-c3 . . . | c3-e3-g3 . . . |
| c3-e3-g3 . . . | c3-e3-g3 . . . | g2-b2-d3 . . . | g2-b2-d3 . . . | vel: 55
