**TRACK: Midnight Train to Georgia**
[MetaData]
key: Eb | tempo: 92 | subdivision: 8th
time: 4/4 | mood: Driving

[V1] (Verse - 8 Bars)
Chords: | Eb . . . | Bb . . . | Cm . . . | Ab . . . | Eb . . . | Bb . . . | Fm7 . . . | Bb . . . |
@guitar | eb3-g3-bb3 . . . | bb2-d3-f3 . . . | c3-eb3-g3 . . . | ab2-c3-eb3 . . . | eb3-g3-bb3 . . . | bb2-d3-f3 . . . | f2-ab2-c3 . . . | bb2-d3-f3 . . . | vel: 55

[V2] (Verse - 8 Bars)
Chords: | Eb . . . | Bb . . . | Cm . . . | Ab . . . | Eb . . . | Bb . . . | Fm7 . . . | Bb . . . |
@guitar | eb3-g3-bb3 . . . | bb2-d3-f3 . . . | c3-eb3-g3 . . . | ab2-c3-eb3 . . . | eb3-g3-bb3 . . . | bb2-d3-f3 . . . | f2-ab2-c3 . . . | bb2-d3-f3 . . . | vel: 55

[CH] (Chorus - 8 Bars)
Chords: | Ab . . . | Bb . . . | Eb . . . | Bb . . . | Ab . . . | Bb . . . | Eb . . . | Eb . . . |
@guitar | ab2-c3-eb3 . . . | bb2-d3-f3 . . . | eb3-g3-bb3 . . . | bb2-d3-f3 . . . | ab2-c3-eb3 . . . | bb2-d3-f3 . . . | eb3-g3-bb3 . . . | eb3-g3-bb3 . . . | vel: 62

[BR] (Bridge - 4 Bars)
Chords: | Fm7 . . . | Bb . . . | Gm7 . . . | C7 . . . |
@guitar | f2-ab2-c3 . . . | bb2-d3-f3 . . . | g2-bb2-d3 . . . | c3-e3-g3 . . . | vel: 58

[OUT] (Outro - 4 Bars)
Chords: | Eb . . . | Ab . . . | Eb . . . | Bb . . . |
@guitar | eb3-g3-bb3 . . . | ab2-c3-eb3 . . . | eb3-g3-bb3 . . . | bb2-d3-f3 . . . | vel: 50
