**TRACK: Rubberband Man**
[MetaData]
key: G | tempo: 112 | subdivision: 8th
time: 4/4 | mood: Driving

[V1] (Verse - 8 Bars)
Chords: | G . . . | G . . . | C . . . | D . . . | G . . . | G . . . | C . . . | D . . . |
@guitar | g2-b2-d3 . . . | g2-b2-d3 . . . | c3-e3-g3 . . . | d3-f#3-a3 . . . | g2-b2-d3 . . . | g2-b2-d3 . . . | c3-e3-g3 . . . | d3-f#3-a3 . . . | vel: 55

[V2] (Verse - 8 Bars)
Chords: | G . . . | G . . . | C . . . | D . . . | G . . . | G . . . | C . . . | D . . . |
@guitar | g2-b2-d3 . . . | g2-b2-d3 . . . | c3-e3-g3 . . . | d3-f#3-a3 . . . | g2-b2-d3 . . . | g2-b2-d3 . . . | c3-e3-g3 . . . | d3-f#3-a3 . . . | vel: 55

[CH] (Chorus - 8 Bars)
Chords: | C . . . | G . . . | C . . . | D . . . | G . . . | G . . . | C . . . | D . . . |
@guitar | c3-e3-g3 . . . | g2-b2-d3 . . . | c3-e3-g3 . . . | d3-f#3-a3 . . . | g2-b2-d3 . . . | g2-b2-d3 . . . | c3-e3-g3 . . . | d3-f#3-a3 . . . | vel: 60

[BR] (Bridge - 4 Bars)
Chords: | Em . . . | C . . . | G . . . | D . . . |
@guitar | e3-g3-b3 . . . | c3-e3-g3 . . . | g2-b2-d3 . . . | d3-f#3-a3 . . . | vel: 58

[V3] (Verse - 8 Bars)
Chords: | G . . . | G . . . | C . . . | D . . . | G . . . | G . . . | C . . . | D . . . |
@guitar | g2-b2-d3 . . . | g2-b2-d3 . . . | c3-e3-g3 . . . | d3-f#3-a3 . . . | g2-b2-d3 . . . | g2-b2-d3 . . . | c3-e3-g3 . . . | d3-f#3-a3 . . .
