**TRACK: TSOP (The Sound of Philadelphia)**
[MetaData]
key: Am | tempo: 112 | subdivision: 8th
time: 4/4 | mood: Grooving

[V1] (Verse - 4 Bars)
Chords: | Am7 . . . | Dm7 . . . | G7 . . . | Cmaj7 . . . |
@guitar | a2-c3-e3-g3 . . . | d2-f2-a2-c3 . . . | g1-b2-d3-f3 . . . | c2-e2-g2-b2 . . . | vel: 58

[V2] (Verse - 4 Bars)
Chords: | Fmaj7 . . . | E7 . . . | Am7 . . . | E7 . . . |
@guitar | f1-a1-c2-e2 . . . | e1-g#2-b2-d3 . . . | a2-c3-e3-g3 . . . | e1-g#2-b2-d3 . . . | vel: 58

[CH] (Chorus - 4 Bars)
Chords: | Dm7 . . . | G7 . . . | Cmaj7 . . . | Cmaj7 . . . |
@guitar | d2-f2-a2-c3 . . . | g1-b2-d3-f3 . . . | c2-e2-g2-b2 . . . | c2-e2-g2-b2 . . . | vel: 65

[BR] (Bridge - 4 Bars)
Chords: | Fmaj7 . . . | G6 . . . | Em7 . . . | A7 . . . |
@guitar | f1-a1-c2-e2 . . . | g1-b2-d3-e3 . . . | e2-g2-b2-d3 . . . | a1-c#2-e2-g2 . . . | vel: 60

[OUT] (Outro - 4 Bars)
Chords: | Dm7 . . . | G7 . . . | Cmaj7 . . . | Cmaj7 . . . |
@guitar | d2-f2-a2-c3 . . . | g1-b2-d3-f3 . . . | c2-e2-g2-b2 . . . | c2-e2-g2-b2 . . . | vel: 50
