**TRACK: All Night Long**
[MetaData]
key: Am | tempo: 126 | subdivision: 8th
time: 4/4 | mood: Driving

[V1] (Verse - 8 Bars)
Chords: | Am . . . | G . . . | F . . . | E . . . |
@guitar | a2-e3-a3 . . . | g2-b2-d3 . . . | f2-a2-c3 . . . | e2-g#2-b2 . . . | vel: 60

[V2] (Verse - 8 Bars)
Chords: | Am . . . | G . . . | F . . . | E . . . |
@guitar | a2-e3-a3 . . . | g2-b2-d3 . . . | f2-a2-c3 . . . | e2-g#2-b2 . . . | vel: 60

[CH] (Chorus - 8 Bars)
Chords: | F . . . | G . . . | Am . . . | G . . . |
@guitar | f2-a2-c3 . . . | g2-b2-d3 . . . | a2-e3-a3 . . . | g2-b2-d3 . . . | vel: 70
Chords: | F . . . | G . . . | Am . . . | E . . . |
@guitar | f2-a2-c3 . . . | g2-b2-d3 . . . | a2-e3-a3 . . . | e2-g#2-b2 . . . | vel: 70

[BR] (Bridge - 4 Bars)
Chords: | Dm . . . | Am . . . | Dm . . . | E . . . |
@guitar | d2-f2-a2 . . . | a2-e3-a3 . . . | d2-f2-a2 . . . | e2-g#2-b2 . . . | vel: 55

[OUT] (Outro - 4 Bars)
Chords: | Am . . . | F . . . | G . . . | Am . . . |
@guitar | a2-e3-a3 . . . | f2-a2-c3 . . . | g2-b2-d3 . . . | a2-e3-a3 . . . | vel: 50
