**TRACK: Die Young**
[MetaData]
key: Am | tempo: 138 | subdivision: 16th
time: 4/4 | mood: Driving

[V1] (Verse - 8 Bars)
Chords: | Am . . . | Am . . . | G . . . | G . . . | F . . . | F . . . | E . . . | E . . . |
@guitar | a2-e3-a3 . . . | a2-e3-a3 . . . | g2-d3-g3 . . . | g2-d3-g3 . . . | f2-c3-f3 . . . | f2-c3-f3 . . . | e2-b2-e3 . . . | e2-b2-e3 . . . | vel: 58

[V2] (Verse 2 - 8 Bars)
Chords: | Am . . . | Am . . . | G . . . | G . . . | F . . . | F . . . | E . . . | E . . . |
@guitar | a2-e3-a3 . . . | a2-e3-a3 . . . | g2-d3-g3 . . . | g2-d3-g3 . . . | f2-c3-f3 . . . | f2-c3-f3 . . . | e2-b2-e3 . . . | e2-b2-e3 . . . | vel: 60

[CH] (Chorus - 8 Bars)
Chords: | F . . . | G . . . | Am . . . | Am . . . | F . . . | G . . . | E . . . | E . . . |
@guitar | f2-c3-f3 . . . | g2-d3-g3 . . . | a2-e3-a3 . . . | a2-e3-a3 . . . | f2-c3-f3 . . . | g2-d3-g3 . . . | e2-b2-e3 . . . | e2-b2-e3 . . . | vel: 68

[BR] (Bridge - 4 Bars)
Chords: | Dm . . . | Dm . . . | Am . . . | Am . . . |
@guitar | d2-a2-d3 . . . | d2-a2-d3 . . . | a2-e3-a3 . . . | a2-e3-a3 . . . | vel: 55

[OUT] (Outro - 4 Bars)
Chords: | E . . . | E . . . | Am . . . | Am . . . |
@guitar | e2-b2-e3 . . . | e2-b2-e3 . . . | a2-e3-a3 . . . | a2-e3-a3 . . . | vel: 50
