**TRACK: Perfect Strangers**
[MetaData]
key: Dm | tempo: 100 | subdivision: 8th
time: 4/4 | mood: Driving

[V1] (Verse - 8 Bars)
Chords: | Dm . . . | Dm . . . | Bb . . . | Bb . . . | F . . . | F . . . | A . . . | A . . . |
@guitar | d2-a2-d3 . . . | d2-a2-d3 . . . | bb1-f2-bb2 . . . | bb1-f2-bb2 . . . | f1-c2-f2 . . . | f1-c2-f2 . . . | a1-e2-a2 . . . | a1-e2-a2 . . . | vel: 55

[V2] (Verse - 8 Bars)
Chords: | Dm . . . | Dm . . . | Bb . . . | Bb . . . | F . . . | F . . . | A . . . | A . . . |
@guitar | d2-a2-d3 . . . | d2-a2-d3 . . . | bb1-f2-bb2 . . . | bb1-f2-bb2 . . . | f1-c2-f2 . . . | f1-c2-f2 . . . | a1-e2-a2 . . . | a1-e2-a2 . . . | vel: 58

[CH] (Chorus - 8 Bars)
Chords: | Bb . . . | Bb . . . | F . . . | F . . . | Gm . . . | Gm . . . | A . . . | A . . . |
@guitar | bb1-f2-bb2 . . . | bb1-f2-bb2 . . . | f1-c2-f2 . . . | f1-c2-f2 . . . | g1-d2-g2 . . . | g1-d2-g2 . . . | a1-e2-a2 . . . | a1-e2-a2 . . . | vel: 65

[BR] (Bridge - 4 Bars)
Chords: | Dm . . . | Bb . . . | Gm . . . | A . . . |
@guitar | d2-a2-d3 . . . | bb1-f2-bb2 . . . | g1-d2-g2 . . . | a1-e2-a2 . . . | vel: 50

[OUT] (Outro - 4 Bars)
Chords: | Dm . . . | Dm . . . | Dm . . . | Dm . . . |
@guitar | d2-a2-d3 . . . | d2-a2-d3 . . . | d2-a2-d3 . . . | d2-a2-d3 . . . | vel: 45
