**TRACK: Rock Bottom**
[MetaData]
key: E minor | tempo: 138 | subdivision: 8th
time: 4/4 | mood: Driving

[V1] (Verse - 8 Bars)
Chords: | Em . . . | C . . . | D . . . | Em . . . |
@guitar | e2-b2-e3 . . . | c2-e2-g2 . . . | d2-a2-d3 . . . | e2-b2-e3 . . . | vel: 50
Chords: | Em . . . | C . . . | D . . . | Em . . . |
@guitar | e2-b2-e3 . . . | c2-e2-g2 . . . | d2-a2-d3 . . . | e2-b2-e3 . . . | vel: 50

[CH] (Chorus - 8 Bars)
Chords: | G . . . | D . . . | C . . . | G . . . |
@guitar | g2-b2-d3 . . . | d2-a2-d3 . . . | c2-e2-g2 . . . | g2-b2-d3 . . . | vel: 65
Chords: | G . . . | D . . . | C . . . | D . . . |
@guitar | g2-b2-d3 . . . | d2-a2-d3 . . . | c2-e2-g2 . . . | d2-a2-d3 . . . | vel: 65

[BR] (Bridge - 4 Bars)
Chords: | Am . . . | C . . . | G . . . | D . . . |
@guitar | a2-c3-e3 . . . | c2-e2-g2 . . . | g2-b2-d3 . . . | d2-a2-d3 . . . | vel: 55

[V2] (Verse - 8 Bars)
Chords: | Em . . . | C . . . | D . . . | Em . . . |
@guitar | e2-b2-e3 . . . | c2-e2-g2 . . . | d2-a2-d3 . . . | e2-b2-e3 . . . | vel: 50
Chords: | Em . . . | C . . . | D . . . | Em . . . |
@guitar | e2-b2-e3 . . . | c2-e2-g2 . . . | d2-a2-d3 . . . | e2-b2-e3 . . . | vel: 50

[OUT] (Outro - 4 Bars)
Chords: | Em . . . | C . . . | D . . . | Em . . . |
@guitar | e2-b2-e3 . . . | c2-e2-g2 . . . | d2-a2-d3 . . . | e2-b2-e3 . . . | vel: 45
