**TRACK: The Dark**
[MetaData]
key: Em | tempo: 72 | subdivision: 8th
time: 4/4 | mood: Dark, brooding

[INT] (Intro - 4 Bars)
Chords: | Em . . . | Em . . . | C . . . | D . . . |
@guitar | e2-b2-e3 . . . | e2-b2-e3 . . . | c3-e3-g3 . . . | d3-f#3-a3 . . . | vel: 45

[V1] (Verse - 8 Bars)
Chords: | Em . . . | Em . . . | C . . . | D . . . | Em . . . | Em . . . | C . . . | B . . . |
@guitar | e2-b2-e3 . . . | e2-b2-e3 . . . | c3-e3-g3 . . . | d3-f#3-a3 . . . | e2-b2-e3 . . . | e2-b2-e3 . . . | c3-e3-g3 . . . | b2-d#3-f#3 . . . | vel: 50

[V2] (Verse - 8 Bars)
Chords: | Em . . . | Em . . . | C . . . | D . . . | Em . . . | Em . . . | C . . . | B . . . |
@guitar | e2-b2-e3 . . . | e2-b2-e3 . . . | c3-e3-g3 . . . | d3-f#3-a3 . . . | e2-b2-e3 . . . | e2-b2-e3 . . . | c3-e3-g3 . . . | b2-d#3-f#3 . . . | vel: 52

[BR] (Bridge - 8 Bars)
Chords: | Am . . . | Am . . . | G . . . | G . . . | F . . . | F . . . | E . . . | E . . . |
@guitar | a2-c3-e3 . . . | a2-c3-e3 . . . | g2-b2-d3 . . . | g2-b2-d3 . . . | f2-a2-c3 . . . | f2-a2-c3 . . . | e2-g#2-b2 . . . | e2-g#2-b2 . . . | vel: 48

[OUT] (Outro - 4 Bars)
Chords: | Em . . . | C . . . | D . . . | Em . . . |
@guitar | e2-b2-e3 . . . | c3-e3-g3 . . . | d3-f#3-a3 . . . | e2-b2-e3 . . . | vel: 40
