**TRACK: Ah Ya Leil**
[MetaData]
key: Dm | tempo: 100 | subdivision: 8th
time: 4/4 | mood: Driving

[V1] (Verse - 8 Bars)
Chords: | Dm . . . | Dm . . . | Bb . . . | C . . . | Dm . . . | Dm . . . | Bb . . . | C . . . |
@guitar | d2-a2-d3 . . . | d2-a2-d3 . . . | bb1-f2-bb2 . . . | c2-g2-c3 . . . | d2-a2-d3 . . . | d2-a2-d3 . . . | bb1-f2-bb2 . . . | c2-g2-c3 . . . | vel: 55

[V2] (Verse - 8 Bars)
Chords: | Dm . . . | Dm . . . | Bb . . . | C . . . | Dm . . . | Dm . . . | Bb . . . | C . . . |
@guitar | d2-a2-d3 . . . | d2-a2-d3 . . . | bb1-f2-bb2 . . . | c2-g2-c3 . . . | d2-a2-d3 . . . | d2-a2-d3 . . . | bb1-f2-bb2 . . . | c2-g2-c3 . . . | vel: 58

[CH] (Chorus - 8 Bars)
Chords: | F . . . | F . . . | C . . . | C . . . | Dm . . . | Dm . . . | Bb . . . | C . . . |
@guitar | f2-a2-c3 . . . | f2-a2-c3 . . . | c2-e2-g2 . . . | c2-e2-g2 . . . | d2-a2-d3 . . . | d2-a2-d3 . . . | bb1-f2-bb2 . . . | c2-g2-c3 . . . | vel: 65

[BR] (Bridge - 4 Bars)
Chords: | Gm . . . | A . . . | Bb . . . | A . . . |
@guitar | g2-bb2-d3 . . . | a2-c#3-e3 . . . | bb1-f2-bb2 . . . | a2-c#3-e3 . . . | vel: 60

[OUT] (Outro - 4 Bars)
Chords: | Dm . . . | Dm . . . | Dm . . . | Dm . . . |
@guitar | d2-a2-d3 . . . | d2-a2-d3 . . . | d2-a2-d3 . . . | d2-a2-d3 . . . | vel: 50
