**TRACK: Ala Hesb Wedad**
[MetaData]
key: Dm | tempo: 100 | subdivision: 8th
time: 4/4 | mood: Dramatic Waltz

[V1] (Verse - 8 Bars)
Chords: | Dm . . . | Dm . . . | Gm . . . | A7 . . . |
        | Dm . . . | Dm . . . | Gm . . . | A7 . . . |
@guitar | d3-f3-a3 . . . | d3-f3-a3 . . . | g2-bb2-d3 . . . | a2-c#3-e3 . . . | vel: 50
@guitar | d3-f3-a3 . . . | d3-f3-a3 . . . | g2-bb2-d3 . . . | a2-c#3-e3 . . . | vel: 50

[V2] (Verse Variation - 8 Bars)
Chords: | Dm . . . | Dm . . . | Gm . . . | A7 . . . |
        | Bb . . . | F . . . | Gm . . . | A7 . . . |
@guitar | d3-f3-a3 . . . | d3-f3-a3 . . . | g2-bb2-d3 . . . | a2-c#3-e3 . . . | vel: 55
@guitar | bb2-d3-f3 . . . | f2-a2-c3 . . . | g2-bb2-d3 . . . | a2-c#3-e3 . . . | vel: 55

[CH] (Chorus - 8 Bars)
Chords: | Dm . . . | Gm . . . | C . . . | F . . . |
        | Bb . . . | A7 . . . | Dm . . . | A7 . . . |
@guitar | d3-f3-a3 . . . | g2-bb2-d3 . . . | c3-e3-g3 . . . | f2-a2-c3 . . . | vel: 65
@guitar | bb2-d3-f3 . . . | a2-c#3-e3 . . . | d3-f3-a3 . . . | a2-c#3-e3 . . . | vel: 65

[BR] (Bridge - 4 Bars)
Chords: | Gm . . . | Bb . . . | A7 . . . | A7 . . . |
@guitar | g2-bb2-d3 . . . | bb2-d3-f3 . . . | a2-c#3-e3 . . . | a2-c#3-e3 . . . | vel: 45

[OUT] (Outro - 4 Bars)
Chords: | Dm . . . | Gm . . . | Dm . . . | Dm . . . |
@guitar | d3-f3-a3 . . . | g2-bb2-d3 . . . | d3-f3-a3 . . . | d
