**TRACK: Elli Tmana**
[MetaData]
key: Fm | tempo: 98 | subdivision: 8th
time: 4/4 | mood: Driving

[V1] (Verse - 8 Bars)
Chords: | Fm . . . | Bbm . . . | Eb . . . | Ab . . . |
| Db . . . | C7 . . . | Fm . . . | C7 . . . |
@guitar | f2-a2-c3 . . . | bb1-d2-f2 . . . | eb2-g2-bb2 . . . | ab1-c2-eb2 . . . |
| db2-f2-ab2 . . . | c2-e2-g2 . . . | f2-a2-c3 . . . | c2-e2-g2 . . . | vel: 55

[V2] (Verse - 8 Bars)
Chords: | Fm . . . | Bbm . . . | Eb . . . | Ab . . . |
| Db . . . | C7 . . . | Fm . . . | C7 . . . |
@guitar | f2-a2-c3 . . . | bb1-d2-f2 . . . | eb2-g2-bb2 . . . | ab1-c2-eb2 . . . |
| db2-f2-ab2 . . . | c2-e2-g2 . . . | f2-a2-c3 . . . | c2-e2-g2 . . . | vel: 55

[CH] (Chorus - 8 Bars)
Chords: | Db . . . | Ab . . . | Bbm . . . | Fm . . . |
| Db . . . | Ab . . . | Eb . . . | C7 . . . |
@guitar | db2-f2-ab2 . . . | ab1-c2-eb2 . . . | bb1-d2-f2 . . . | f2-a2-c3 . . . |
| db2-f2-ab2 . . . | ab1-c2-eb2 . . . | eb2-g2-bb2 . . . | c2-e2-g2 . . . | vel: 62

[BR] (Bridge - 4 Bars)
Chords: | Bbm . . . | Eb . . . | Ab . . . | C7 . . . |
@guitar | bb1-d2-f2 . . . | eb2-g2-bb2 . . . | ab1-c2-eb2 . . . | c2-e2-g2 . . . | vel: 58

[OUT] (Outro - 4 Bars)
Chords: | Fm . . . | Bbm . . . | Eb . . . | C7 . . . |
@guitar | f2-a2-c3 . . . | bb1-d2-f2 . . . | eb2-g2-bb2 . . . | c2-e2-g2 . . . | vel: 50
