**TRACK: Fakarouny**
[MetaData]  
key: Em | tempo: 100 | subdivision: 8th  
time: 4/4 | mood: Majestic  

[V1] (Verse - 8 Bars)  
Chords: | Em . . . | B7 . . . | Em . . . | Am . . . |  
        | Em . . . | B7 . . . | C . . . | B7 . . . |  
@guitar | e2-b2-e3 . . . | b1-f#2-a2 . . . | e2-b2-e3 . . . | a1-c2-e2 . . . | vel: 50  
@guitar | e2-b2-e3 . . . | b1-f#2-a2 . . . | c2-e2-g2 . . . | b1-d#2-f#2 . . . | vel: 50  

[V2] (Verse - 8 Bars)  
Chords: | Em . . . | B7 . . . | Em . . . | Am . . . |  
        | D . . . | G . . . | C . . . | B7 . . . |  
@guitar | e2-b2-e3 . . . | b1-f#2-a2 . . . | e2-b2-e3 . . . | a1-c2-e2 . . . | vel: 55  
@guitar | d2-a2-d3 . . . | g2-b2-d3 . . . | c2-e2-g2 . . . | b1-d#2-f#2 . . . | vel: 55  

[CH] (Chorus - 8 Bars)  
Chords: | C . . . | G . . . | Am . . . | Em . . . |  
        | F . . . | C . . . | D . . . | B7 . . . |  
@guitar | c2-e2-g2 . . . | g2-b2-d3 . . . | a1-c2-e2 . . . | e2-b2-e3 . . . | vel: 60  
@guitar | f2-a2-c3 . . . | c2-e2-g2 . . . | d2-f#2-a2 . . . | b1-d#2-f#2 . . . | vel: 60  

[BR] (Bridge - 4 Bars)  
Chords: | Am . . . | D . . . | G . . . | B7 . . . |  
@guitar | a1-c2-e2 . . . | d2-f#2-a2 . . . | g2-b2-d3 . . . | b1-d#2-f#2 . . . | vel: 45  

[OUT] (Outro - 4 Bars)  
Chords: | Em . . . | C . . . | B7 . . . | Em . . . |  
@guitar | e2-b2-e3 . . . | c2-e2-g2 . . . | b1-d#2-f#2 . . . | e2-b2-e3
