**TRACK: Maward**
[MetaData]
key: Dm | tempo: 98 | subdivision: 8th
time: 4/4 | mood: Grooving

[V1] (Verse - 8 Bars)
Chords: | Dm . . . | Dm . . . | Bb . . . | Bb . . . |
@guitar | d3-f3-a3 . . . | d3-f3-a3 . . . | bb2-d3-f3 . . . | bb2-d3-f3 . . . | vel: 50
Chords: | C . . . | C . . . | A7 . . . | A7 . . . |
@guitar | c3-e3-g3 . . . | c3-e3-g3 . . . | a2-c#3-e3 . . . | a2-c#3-e3 . . . | vel: 50

[V2] (Verse - 8 Bars)
Chords: | Dm . . . | Dm . . . | Bb . . . | Bb . . . |
@guitar | d3-f3-a3 . . . | d3-f3-a3 . . . | bb2-d3-f3 . . . | bb2-d3-f3 . . . | vel: 52
Chords: | C . . . | C . . . | A7 . . . | A7 . . . |
@guitar | c3-e3-g3 . . . | c3-e3-g3 . . . | a2-c#3-e3 . . . | a2-c#3-e3 . . . | vel: 52

[CH] (Chorus - 8 Bars)
Chords: | Dm . . . | Bb . . . | F . . . | C . . . |
@guitar | d3-f3-a3 . . . | bb2-d3-f3 . . . | f2-a2-c3 . . . | c3-e3-g3 . . . | vel: 65
Chords: | Dm . . . | Bb . . . | A7 . . . | A7 . . . |
@guitar | d3-f3-a3 . . . | bb2-d3-f3 . . . | a2-c#3-e3 . . . | a2-c#3-e3 . . . | vel: 65

[BR] (Bridge - 4 Bars)
Chords: | Gm . . . | Gm . . . | A7 . . . | A7 . . . |
@guitar | g2-bb2-d3 . . . | g2-bb2-d3 . . . | a2-c#3-e3 . . . | a2-c#3-e3 . . . | vel: 45

[OUT] (Outro - 4 Bars)
Chords: | Dm . . . | Dm . . . | Dm . . . | Dm . . . |
@guitar | d3-f3-a3 . . . | d3-f3-a3 . . . | d3-f3-a3 . . . | d3-f3
