**TRACK: Tamally Maak**
[MetaData]
key: Am | tempo: 96 | subdivision: 8th
time: 4/4 | mood: Romantic

[V1] (Verse - 8 Bars)
Chords: | Am . . . | Dm . . . | G . . . | C . . . |
| F . . . | Dm . . . | E . . . | E . . . |
@guitar | a2-e3-a3 . . . | d2-a2-d3 . . . | g2-d3-g3 . . . | c3-e3-g3 . . . | vel: 50
@guitar | f2-c3-f3 . . . | d2-a2-d3 . . . | e2-b2-e3 . . . | e2-b2-e3 . . . | vel: 50

[V2] (Verse - 8 Bars)
Chords: | Am . . . | Dm . . . | G . . . | C . . . |
| F . . . | Dm . . . | E . . . | E . . . |
@guitar | a2-e3-a3 . . . | d2-a2-d3 . . . | g2-d3-g3 . . . | c3-e3-g3 . . . | vel: 52
@guitar | f2-c3-f3 . . . | d2-a2-d3 . . . | e2-b2-e3 . . . | e2-b2-e3 . . . | vel: 52

[CH] (Chorus - 8 Bars)
Chords: | F . . . | G . . . | Am . . . | Am . . . |
| F . . . | G . . . | E . . . | E . . . |
@guitar | f2-c3-f3 . . . | g2-d3-g3 . . . | a2-e3-a3 . . . | a2-e3-a3 . . . | vel: 60
@guitar | f2-c3-f3 . . . | g2-d3-g3 . . . | e2-b2-e3 . . . | e2-b2-e3 . . . | vel: 60

[BR] (Bridge - 4 Bars)
Chords: | Dm . . . | Am . . . | F . . . | E . . . |
@guitar | d2-a2-d3 . . . | a2-e3-a3 . . . | f2-c3-f3 . . . | e2-b2-e3 . . . | vel: 55

[OUT] (Outro - 4 Bars)
Chords: | Am . . . | F . . . | G . . . | Am . . . |
@guitar | a2-e3-a3 . . . | f2-c3-f3 . . . | g2-d3-g3 . . . | a2-e3-a3 . . . | vel: 45
