**TRACK: Azzurro**
[MetaData]
key: C | tempo: 110 | subdivision: 8th
time: 4/4 | mood: Driving

[V1] (Verse - 8 Bars)
Chords: | C . . . | C . . . | E7 . . . | E7 . . . | F . . . | F . . . | C . . . | G . . . |
@guitar | c3-e3-g3 . . . | c3-e3-g3 . . . | e2-g#2-b2 . . . | e2-g#2-b2 . . . | f2-a2-c3 . . . | f2-a2-c3 . . . | c3-e3-g3 . . . | g2-b2-d3 . . . | vel: 55

[V2] (Verse - 8 Bars)
Chords: | C . . . | C . . . | E7 . . . | E7 . . . | F . . . | F . . . | C . . . | G . . . |
@guitar | c3-e3-g3 . . . | c3-e3-g3 . . . | e2-g#2-b2 . . . | e2-g#2-b2 . . . | f2-a2-c3 . . . | f2-a2-c3 . . . | c3-e3-g3 . . . | g2-b2-d3 . . . | vel: 55

[CH] (Chorus - 8 Bars)
Chords: | C . . . | C . . . | Dm . . . | Dm . . . | G . . . | G . . . | C . . . | G . . . |
@guitar | c3-e3-g3 . . . | c3-e3-g3 . . . | d3-f3-a3 . . . | d3-f3-a3 . . . | g2-b2-d3 . . . | g2-b2-d3 . . . | c3-e3-g3 . . . | g2-b2-d3 . . . | vel: 60

[BR] (Bridge - 4 Bars)
Chords: | F . . . | F . . . | C . . . | G . . . |
@guitar | f2-a2-c3 . . . | f2-a2-c3 . . . | c3-e3-g3 . . . | g2-b2-d3 . . . | vel: 50

[OUT] (Outro - 4 Bars)
Chords: | C . . . | C . . . | C . . . | C . . . |
@guitar | c3-e3-g3 . . . | c3-e3-g3 . . . | c3-e3-g3 . . . | c3-e3-g3 . . . | vel: 45
