**TRACK: Funiculì, finiculà**
[MetaData]  
key: C | tempo: 120 | subdivision: 8th  
time: 6/8 | mood: Joyful

[V1] (Verse - 8 Bars)  
Chords: | C . . | G7 . . | C . . | C . . | F . . | C . . | G7 . . | C . . |  
@guitar | c3-e3-g3 . . | g2-b2-d3-f3 . . | c3-e3-g3 . . | c3-e3-g3 . . | f2-a2-c3 . . | c3-e3-g3 . . | g2-b2-d3-f3 . . | c3-e3-g3 . . | vel: 55

[V2] (Verse - 8 Bars)  
Chords: | C . . | G7 . . | C . . | C . . | F . . | C . . | G7 . . | C . . |  
@guitar | c3-e3-g3 . . | g2-b2-d3-f3 . . | c3-e3-g3 . . | c3-e3-g3 . . | f2-a2-c3 . . | c3-e3-g3 . . | g2-b2-d3-f3 . . | c3-e3-g3 . . | vel: 55

[CH] (Chorus - 8 Bars)  
Chords: | C . . | C . . | G7 . . | G7 . . | C . . | C . . | G7 . . | C . . |  
@guitar | c3-e3-g3 . . | c3-e3-g3 . . | g2-b2-d3-f3 . . | g2-b2-d3-f3 . . | c3-e3-g3 . . | c3-e3-g3 . . | g2-b2-d3-f3 . . | c3-e3-g3 . . | vel: 60

[BR] (Bridge - 4 Bars)  
Chords: | F . . | C . . | G7 . . | C . . |  
@guitar | f2-a2-c3 . . | c3-e3-g3 . . | g2-b2-d3-f3 . . | c3-e3-g3 . . | vel: 50

[OUT] (Outro - 4 Bars)  
Chords: | C . . | G7 . . | C . . | C . . |  
@guitar | c3-e3-g3 . . | g2-b2-d3-f3 . . | c3-e3-g3 . . | c3-e3-g3 . . | vel: 45
