**TRACK: Impressioni di settembre**
[MetaData]  
key: Am | tempo: 92 | subdivision: 8th  
time: 4/4 | mood: Dreamy, Progressive  

[V1] (Verse - 4 Bars)  
Chords: | Am7 . . . | D9 . . . | G13 . . . | Cmaj7 . . . |  
@guitar | a2-e3-g3 . . . | d2-f#3-c3 . . . | g2-b3-e3 . . . | c3-e3-b3 . . . | vel: 50  

[V2] (Verse Variation - 4 Bars)  
Chords: | Fmaj7 . . . | Bm7b5 . . . | E7#9 . . . | Am7 . . . |  
@guitar | f2-a2-c3 . . . | b2-d3-f3 . . . | e2-g#3-d3 . . . | a2-e3-g3 . . . | vel: 52  

[CH] (Chorus - 4 Bars)  
Chords: | Dm7 . . . | G7 . . . | Cmaj7 . . . | Fmaj7 . . . |  
@guitar | d2-f3-a3 . . . | g2-b3-f3 . . . | c3-e3-g3 . . . | f2-a2-c3 . . . | vel: 58  

[BR] (Bridge - 4 Bars)  
Chords: | Bm7 . . . | E7 . . . | Am9 . . . | G6 . . . |  
@guitar | b2-d3-f#3 . . . | e2-g#3-d3 . . . | a2-c3-b3 . . . | g2-b3-e3 . . . | vel: 55  

[OUT] (Outro - 4 Bars)  
Chords: | Fmaj7 . . . | G6 . . . | Am7 . . . | Am7 . . . |  
@guitar | f2-a2-c3 . . . | g2-b3-e3 . . . | a2-e3-g3 . . . | a2-e3-g3 . . . | vel: 48
