**TRACK: Evil**
[MetaData]
key: Em | tempo: 92 | subdivision: 8th
time: 4/4 | mood: Driving

[V1] (Verse - 12 Bars)
Chords: | Em . . . | Em . . . | Em . . . | Em . . . | Em . . . | Em . . . | Em . . . | Em . . . | Em . . . | Em . . . | Em . . . | Em . . . |
@guitar | e2-b2-e3 . . . | e2-b2-e3 . . . | e2-b2-e3 . . . | e2-b2-e3 . . . | e2-b2-e3 . . . | e2-b2-e3 . . . | e2-b2-e3 . . . | e2-b2-e3 . . . | e2-b2-e3 . . . | e2-b2-e3 . . . | e2-b2-e3 . . . | e2-b2-e3 . . . | vel: 55

[V2] (Verse - 12 Bars)
Chords: | Em . . . | Em . . . | Em . . . | Em . . . | Em . . . | Em . . . | A . . . | A . . . | Em . . . | Em . . . | B7 . . . | B7 . . . |
@guitar | e2-b2-e3 . . . | e2-b2-e3 . . . | e2-b2-e3 . . . | e2-b2-e3 . . . | e2-b2-e3 . . . | e2-b2-e3 . . . | a2-c#3-e3 . . . | a2-c#3-e3 . . . | e2-b2-e3 . . . | e2-b2-e3 . . . | b2-d#3-f#3 . . . | b2-d#3-f#3 . . . | vel: 55

[CH] (Chorus - 8 Bars)
Chords: | Em . . . | Em . . . | Em . . . | Em . . . | A . . . | A . . . | B7 . . . | B7 . . . |
@guitar | e2-b2-e3 . . . | e2-b2-e3 . . . | e2-b2-e3 . . . | e2-b2-e3 . . . | a2-c#3-e3 . . . | a2-c#3-e3 . . . | b2-d#3-f#3 . . . | b2-d#3-f#3 . . . | vel: 60

[BR] (Bridge - 8 Bars)
Chords: | A . . . | A . . . | Em . . . | Em . . . | B7 . . . | B7 . . . | Em . . . | Em . . . |
@guitar | a2-c#3-e3 . . . | a2-c#3-e3 . . . | e2-b2-e3 . . . | e2-b2
