**TRACK: Stormy Monday**
[MetaData]
key: Am | tempo: 80 | subdivision: 8th
time: 4/4 | mood: Slow Blues

[V1] (Verse - 8 Bars)
Chords: | Am7 . . . | D9 . . . | Am7 . . . | D9 . . . | Am7 . . . | D9 . . . | F7 . . . | E7 . . . |
@guitar | a2-e3-g3 . . . | d3-f#3-a3 . . . | a2-e3-g3 . . . | d3-f#3-a3 . . . | a2-e3-g3 . . . | d3-f#3-a3 . . . | f2-a2-c3 . . . | e2-g#2-b3 . . . | vel: 50

[V2] (Verse - 8 Bars)
Chords: | Am7 . . . | D9 . . . | Am7 . . . | D9 . . . | Am7 . . . | D9 . . . | F7 . . . | E7 . . . |
@guitar | a2-e3-g3 . . . | d3-f#3-a3 . . . | a2-e3-g3 . . . | d3-f#3-a3 . . . | a2-e3-g3 . . . | d3-f#3-a3 . . . | f2-a2-c3 . . . | e2-g#2-b3 . . . | vel: 55

[BR] (Bridge - 4 Bars)
Chords: | Am7 . . . | D9 . . . | F7 . . . | E7 . . . |
@guitar | a2-e3-g3 . . . | d3-f#3-a3 . . . | f2-a2-c3 . . . | e2-g#2-b3 . . . | vel: 60

[V3] (Verse - 8 Bars)
Chords: | Am7 . . . | D9 . . . | Am7 . . . | D9 . . . | Am7 . . . | D9 . . . | F7 . . . | E7 . . . |
@guitar | a2-e3-g3 . . . | d3-f#3-a3 . . . | a2-e3-g3 . . . | d3-f#3-a3 . . . | a2-e3-g3 . . . | d3-f#3-a3 . . . | f2-a2-c3 . . . | e2-g#2-b3 . . . | vel: 55
