**TRACK: Abide with Me**
[MetaData]
key: Ab | tempo: 76 | subdivision: 8th
time: 4/4 | mood: Solemn

[V1] (Verse - 4 Bars)
Chords: | Ab . . . | Db . . . | Ab . . . | Eb . . . |
Melody: | Ab3 . C4 . | F4 . . . | Ab3 . C4 . | Eb4 . . . |
Lyrics: | A - bide with me: fast falls the e - ven - tide; |
| The dark - ness deep - ens; Lord, with me a - bide; |
| When oth - er help - ers fail, and com - forts flee, |
| Help of the help - less, O a - bide with me. |
@piano | ab2-eb3-ab3 . . . | db2-f3-ab3 . . . | ab2-eb3-ab3 . . . | eb2-g3-bb3 . . . | vel: 45

[V2] (Verse - 4 Bars)
Chords: | Ab . . . | Db . . . | Ab . . . | Eb . . . |
Melody: | Ab3 . C4 . | F4 . . . | Ab3 . C4 . | Eb4 . . . |
Lyrics: | Swift to its close ebbs out life's lit - tle day; |
| Earth's joys grow dim, its glo - ries pass a - way; |
| Change and de - cay in all a - round I see; |
| O Thou who chang - est not, a - bide with me. |
@piano | ab2-eb3-ab3 . . . | db2-f3-ab3 . . . | ab2-eb3-ab3 . . . | eb2-g3-bb3 . . . | vel: 45

[CH] (Chorus - 4 Bars)
Chords: | Ab . . . | Db . . . | Ab . . . | Eb . . . |
Melody: | Ab3 . C4 . | F4 . . . | Ab3 . C4 . | Eb4 . . . |
Lyrics: | A - bide with me; fast falls the e - ven - tide; |
| The dark - ness deep - ens; Lord, with me a - bide; |
| When oth - er help - ers fail, and com - forts flee, |
| Help of the help - less, O a - bide with me. |
@piano | ab2-eb3-ab3 . . . | db2-f3-ab3 . . . | ab2-eb3-ab3 . . . | eb2-g3-bb3 . . . | vel: 50
