**TRACK: Bread of Heaven (Guide Me, O Thou Great Jehovah)**
[MetaData]
key: G | tempo: 84 | subdivision: 8th
time: 4/4 | mood: Solemn

[V1] (Verse - 4 Bars)
Chords: | G . . . | D . . . | Em . . . | C . . . |
Melody: | B3 . D4 . | A3 . B3 . | G3 . B3 . | E4 . D4 . |
Lyrics: | Guide me, O Thou great Je- | ho - vah, Pil- | grim through this bar - ren | land. |
@piano | g2-b2-d3 . . . | d2-f#2-a2 . . . | e2-g2-b2 . . . | c2-e2-g2 . . . | vel: 45

[V2] (Verse - 4 Bars)
Chords: | G . . . | D . . . | Em . . . | C . . . |
Melody: | B3 . D4 . | A3 . B3 . | G3 . B3 . | E4 . D4 . |
Lyrics: | I am weak, but Thou art | might - y, Hold | me with Thy power - ful | hand. |
@piano | g2-b2-d3 . . . | d2-f#2-a2 . . . | e2-g2-b2 . . . | c2-e2-g2 . . . | vel: 45

[CH] (Chorus - 4 Bars)
Chords: | G . . . | C . . . | G . . . | D . . . |
Melody: | G4 . B4 . | A4 . G4 . | E4 . G4 . | D4 . D4 . |
Lyrics: | Bread of Heav - en, Bread of | Heav - en, Feed me | till I want no | more. |
@piano | g2-b2-d3 . . . | c2-e2-g2 . . . | g2-b2-d3 . . . | d2-f#2-a2 . . . | vel: 50
