**TRACK: Dear Lord and Father of Mankind**
[MetaData]
key: F | tempo: 76 | subdivision: 8th
time: 4/4 | mood: Gentle

[V1] (Verse - 4 Bars)
Chords: | F . . . | C . . . | Dm . . . | Bb . . . |
Melody: | A3 . C4 . | E4 . . . | D4 . . . | F4 . . . |
Lyrics: | Dear Lord and | Fa-ther of | man-kind, for- | give our fool- |
@piano | f2-a2-c3 . . . | c2-e2-g2 . . . | d2-f2-a2 . . . | bb2-d3-f3 . . . | vel: 48

[V2] (Verse - 4 Bars)
Chords: | F . . . | C . . . | Dm . . . | Bb . . . |
Melody: | A3 . C4 . | E4 . . . | D4 . . . | C4 . . . |
Lyrics: | ish ways; re- | clothe us in | our right-ful | mind; in |
@piano | f2-a2-c3 . . . | c2-e2-g2 . . . | d2-f2-a2 . . . | bb2-d3-f3 . . . | vel: 48

[CH] (Chorus - 4 Bars)
Chords: | Bb . . . | F . . . | C . . . | F . . . |
Melody: | D4 . F4 . | A4 . . . | G4 . . . | F4 . . . |
Lyrics: | pur-er lives | thy ser-vice | find, in deep-er | con-tem-pla- |
@piano | bb2-d3-f3 . . . | f2-a2-c3 . . . | c2-e2-g2 . . . | f2-a2-c3 . . . | vel: 52

[CH2] (Chorus - 4 Bars)
Chords: | Bb . . . | C . . . | F . . . | F . . . |
Melody: | D4 . E4 . | G4 . . . | A4 . . . | F4 . . . |
Lyrics: | tion, in pur-er | lives thy ser- | vice find, in | deep-er praise. |
@piano | bb2-d3-f3 . . . | c2-e2-g2 . . . | f2-a2-c3 . . . | f2-a2-c3 . . . | vel: 52
