**TRACK: Hark! The Herald Angels Sing**
[MetaData]
key: G | tempo: 100 | subdivision: 8th
time: 4/4 | mood: Joyful

[V1] (Verse - 8 Bars)
Chords: | G . . . | D . . . | G . . . | D . . . | G . . . | C . . . | G . D . | G . . . |
Melody: | B3 . D4 . | G4 . A4 . | B4 . G4 . | D4 . . . | G4 . A4 . | B4 . C5 . | B4 . A4 . | G4 . . . |
Lyrics: | Hark! the | her - ald | an - gels | sing | Glo - ry | to the | new - born | King |
@piano | g2-b2-d3 . . . | d2-f#2-a2 . . . | g2-b2-d3 . . . | d2-f#2-a2 . . . | g2-b2-d3 . . . | c2-e2-g2 . . . | g2-b2-d3 . d2-f#2-a2 . | g2-b2-d3 . . . | vel: 55

[V2] (Verse - 8 Bars)
Chords: | G . . . | D . . . | G . . . | D . . . | G . . . | C . . . | G . D . | G . . . |
Melody: | B3 . D4 . | G4 . A4 . | B4 . G4 . | D4 . . . | G4 . A4 . | B4 . C5 . | B4 . A4 . | G4 . . . |
Lyrics: | Peace on | earth and | mer - cy | mild | God and | sin - ners | rec - on - | ciled |
@piano | g2-b2-d3 . . . | d2-f#2-a2 . . . | g2-b2-d3 . . . | d2-f#2-a2 . . . | g2-b2-d3 . . . | c2-e2-g2 . . . | g2-b2-d3 . d2-f#2-a2 . | g2-b2-d3 . . . | vel: 55

[CH] (Chorus - 4 Bars)
Chords: | D . . . | G . . . | C . . . | D . . . |
Melody: | D4 . D4 . | B3 . G3 . | A3 . B3 . | A3 . . . |
Lyrics: | Hark! the | her - ald | an - gels | sing |
@piano | d2-f#2-a2 . . . | g2-b2-d3 . . . | c2-e2-g2 . . . | d2-f#2-a2 . . . | vel: 60

[CH2] (Chorus - 4 Bars)
Chords: | D . . . | G . . . | D . . . | G . . . |
Melody:
