**TRACK: He Leadeth Me: O Blessed Thought**
[MetaData]
key: D | tempo: 90 | subdivision: 8th
time: 3/4 | mood: Gentle

[V1] (Verse - 8 Bars)
Chords: | D . . | A . . | D . . | A . . | D . . | G . . | D . A . | D . . |
Melody: | D4 . F#4 . | E4 . . | D4 . F#4 . | E4 . . | D4 . F#4 . | G4 . A4 . | F#4 . E4 . | D4 . . |
Lyrics: | He lead-eth | me: O | bless-ed | thought! | O | words with | heav'n-ly | comfort fraught |
@piano | d3-f#3-a3 . . | a2-c#3-e3 . . | d3-f#3-a3 . . | a2-c#3-e3 . . | d3-f#3-a3 . . | g2-b3-d3 . . | d3-f#3-a3 . a2-c#3-e3 . | d3-f#3-a3 . . | vel: 50

[V2] (Verse - 8 Bars)
Chords: | D . . | A . . | D . . | A . . | D . . | G . . | D . A . | D . . |
Melody: | D4 . F#4 . | E4 . . | D4 . F#4 . | E4 . . | D4 . F#4 . | G4 . A4 . | F#4 . E4 . | D4 . . |
Lyrics: | What-e'er | I do, | wher-e'er | I be, | still | 'tis God's | hand that | lead-eth me |
@piano | d3-f#3-a3 . . | a2-c#3-e3 . . | d3-f#3-a3 . . | a2-c#3-e3 . . | d3-f#3-a3 . . | g2-b3-d3 . . | d3-f#3-a3 . a2-c#3-e3 . | d3-f#3-a3 . . | vel: 50

[CH] (Chorus - 8 Bars)
Chords: | G . . | D . . | A . . | D . . | G . . | D . . | A . . | D . . |
Melody: | G4 . B4 . | A4 . F#4 . | E4 . . | D4 . . | G4 . B4 . | A4 . F#4 . | E4 . D4 . | D4 . . |
Lyrics: | He lead-eth | me, He | lead-eth | me, | by His own | hand He | lead-eth | me |
@piano | g2-b3-d4 . . | d3-f#3-a3 . . | a2-c#3-e3 . . | d3-f#3-a3 . . | g2-b3-d4 . . | d3-f
