**TRACK: Apesar de Você**
[MetaData]
key: Am | tempo: 92 | subdivision: 8th
time: 2/4 | mood: Driving

[V1] (Verse - 8 Bars)
Chords: | Am . . . | Am . . . | Dm . . . | Dm . . . | Am . . . | Am . . . | E7 . . . | E7 . . . |
@guitar | a2-e3-a3 . . . | a2-e3-a3 . . . | d3-a3-d4 . . . | d3-a3-d4 . . . | a2-e3-a3 . . . | a2-e3-a3 . . . | e2-g#2-b3 . . . | e2-g#2-b3 . . . | vel: 55

[V2] (Verse - 8 Bars)
Chords: | Am . . . | Am . . . | Dm . . . | Dm . . . | Am . . . | Am . . . | E7 . . . | E7 . . . |
@guitar | a2-e3-a3 . . . | a2-e3-a3 . . . | d3-a3-d4 . . . | d3-a3-d4 . . . | a2-e3-a3 . . . | a2-e3-a3 . . . | e2-g#2-b3 . . . | e2-g#2-b3 . . . | vel: 55

[CH] (Chorus - 8 Bars)
Chords: | Am . . . | Am . . . | Dm . . . | Dm . . . | F . . . | F . . . | E7 . . . | E7 . . . |
@guitar | a2-e3-a3 . . . | a2-e3-a3 . . . | d3-a3-d4 . . . | d3-a3-d4 . . . | f2-a2-c3 . . . | f2-a2-c3 . . . | e2-g#2-b3 . . . | e2-g#2-b3 . . . | vel: 60

[BR] (Bridge - 4 Bars)
Chords: | Dm . . . | Dm . . . | E7 . . . | E7 . . . |
@guitar | d3-a3-d4 . . . | d3-a3-d4 . . . | e2-g#2-b3 . . . | e2-g#2-b3 . . . | vel: 58

[V3] (Verse - 8 Bars)
Chords: | Am . . . | Am . . . | Dm . . . | Dm . . . | Am . . . | Am . . . | E7 . . . | E7 . . . |
@guitar | a2-e3-a3 . . . | a2-e3-a3 . . . | d3-a3-d4 . . . | d3-a3-d4 . . . | a2-e3-a3 . . . | a2-e3-a3 . .
