**TRACK: Ligia**
[MetaData]
key: Fm | tempo: 72 | subdivision: 8th
time: 4/4 | mood: Bossa Nova

[V1] (Verse - 8 Bars)
Chords: | Fm7 . . . | Bbm7 . . . | Eb7 . . . | Abmaj7 . . . |
@guitar | f2-ab2-c3 . . . | bb1-db2-f2 . . . | eb2-g2-bb2 . . . | ab1-c2-eb2 . . . | vel: 50
Chords: | Dbmaj7 . . . | Dm7b5 . . . | G7b9 . . . | Cm7 . . . |
@guitar | db1-f1-ab1 . . . | d2-f2-ab2 . . . | g2-b2-f3 . . . | c2-eb2-g2 . . . | vel: 50

[V2] (Verse - 8 Bars)
Chords: | Fm7 . . . | Bbm7 . . . | Eb7 . . . | Abmaj7 . . . |
@guitar | f2-ab2-c3 . . . | bb1-db2-f2 . . . | eb2-g2-bb2 . . . | ab1-c2-eb2 . . . | vel: 50
Chords: | Dbmaj7 . . . | Dm7b5 . . . | G7b9 . . . | C7sus4 . . . |
@guitar | db1-f1-ab1 . . . | d2-f2-ab2 . . . | g2-b2-f3 . . . | c2-f2-bb2 . . . | vel: 50

[BR] (Bridge - 8 Bars)
Chords: | Fm7 . . . | Bbm7 . . . | Eb7 . . . | Abmaj7 . . . |
@guitar | f2-ab2-c3 . . . | bb1-db2-f2 . . . | eb2-g2-bb2 . . . | ab1-c2-eb2 . . . | vel: 55
Chords: | Dbmaj7 . . . | Dm7b5 . . . | G7b9 . . . | C7b9 . . . |
@guitar | db1-f1-ab1 . . . | d2-f2-ab2 . . . | g2-b2-f3 . . . | c2-e2-bb2 . . . | vel: 55

[OUT] (Outro - 4 Bars)
Chords: | Fm7 . . . | Bbm7 . . . | Eb7 . . . | Fm7 . . . |
@guitar | f2-ab2-c3 . . . | bb1-db2-f2 . . . | eb2-g2-bb2 . . . | f2-ab2-c3 . . . | vel: 45
