**TRACK: Mas que Nada**
[MetaData]
key: Am | tempo: 98 | subdivision: 8th
time: 4/4 | mood: Driving

[V1] (Verse - 8 Bars)
Chords: | Am7 . . . | D7 . . . | Am7 . . . | D7 . . . | Am7 . . . | D7 . . . | Am7 . . . | E7 . . . |
@guitar | a2-c3-e3 . . . | d2-f#2-a2 . . . | a2-c3-e3 . . . | d2-f#2-a2 . . . | a2-c3-e3 . . . | d2-f#2-a2 . . . | a2-c3-e3 . . . | e2-g#2-b2 . . . | vel: 58

[V2] (Verse - 8 Bars)
Chords: | Am7 . . . | D7 . . . | Am7 . . . | D7 . . . | Am7 . . . | D7 . . . | Am7 . . . | E7 . . . |
@guitar | a2-c3-e3 . . . | d2-f#2-a2 . . . | a2-c3-e3 . . . | d2-f#2-a2 . . . | a2-c3-e3 . . . | d2-f#2-a2 . . . | a2-c3-e3 . . . | e2-g#2-b2 . . . | vel: 58

[CH] (Chorus - 8 Bars)
Chords: | D7 . . . | D7 . . . | Am7 . . . | Am7 . . . | D7 . . . | D7 . . . | E7 . . . | E7 . . . |
@guitar | d2-f#2-a2 . . . | d2-f#2-a2 . . . | a2-c3-e3 . . . | a2-c3-e3 . . . | d2-f#2-a2 . . . | d2-f#2-a2 . . . | e2-g#2-b2 . . . | e2-g#2-b2 . . . | vel: 62

[BR] (Bridge - 4 Bars)
Chords: | Am7 . . . | G7 . . . | F7 . . . | E7 . . . |
@guitar | a2-c3-e3 . . . | g2-b2-d3 . . . | f2-a2-c3 . . . | e2-g#2-b2 . . . | vel: 55

[OUT] (Outro - 4 Bars)
Chords: | Am7 . . . | D7 . . . | Am7 . . . | E7 . . . |
@guitar | a2-c3-e3 . . . | d2-f#2-a2 . . . | a2-c3-e3 . . . | e2-g#2-b2 . . . | vel: 50
