**TRACK: Pra Machucar Meu Coração**
[MetaData]
key: Gm | tempo: 96 | subdivision: 8th
time: 2/4 | mood: Samba

[V1] (Verse - 8 Bars)
Chords: | Gm . . . | Gm . . . | D7 . . . | D7 . . . | Gm . . . | Gm . . . | D7 . . . | D7 . . . |
@guitar | g2-bb2-d3 . . . | g2-bb2-d3 . . . | d2-f#2-a2 . . . | d2-f#2-a2 . . . | g2-bb2-d3 . . . | g2-bb2-d3 . . . | d2-f#2-a2 . . . | d2-f#2-a2 . . . | vel: 60

[V2] (Verse - 8 Bars)
Chords: | Gm . . . | Gm . . . | D7 . . . | D7 . . . | Gm . . . | Gm . . . | D7 . . . | D7 . . . |
@guitar | g2-bb2-d3 . . . | g2-bb2-d3 . . . | d2-f#2-a2 . . . | d2-f#2-a2 . . . | g2-bb2-d3 . . . | g2-bb2-d3 . . . | d2-f#2-a2 . . . | d2-f#2-a2 . . . | vel: 60

[BR] (Bridge - 4 Bars)
Chords: | Eb7 . . . | D7 . . . | Gm . . . | D7 . . . |
@guitar | eb2-g2-bb2 . . . | d2-f#2-a2 . . . | g2-bb2-d3 . . . | d2-f#2-a2 . . . | vel: 65

[V3] (Verse - 8 Bars)
Chords: | Gm . . . | Gm . . . | D7 . . . | D7 . . . | Gm . . . | Gm . . . | D7 . . . | D7 . . . |
@guitar | g2-bb2-d3 . . . | g2-bb2-d3 . . . | d2-f#2-a2 . . . | d2-f#2-a2 . . . | g2-bb2-d3 . . . | g2-bb2-d3 . . . | d2-f#2-a2 . . . | d2-f#2-a2 . . . | vel: 60

[OUT] (Outro - 2 Bars)
Chords: | Gm . . . | Gm . . . |
@guitar | g2-bb2-d3 . . . | g2-bb2-d3 . . . | vel: 50
