**TRACK: Uma Casa Portuguesa**
[MetaData]
key: Dm | tempo: 92 | subdivision: 8th
time: 4/4 | mood: Saudade

[V1] (Verse - 8 Bars)
Chords: | Dm . . . | A7 . . . | Dm . . . | Bb . . . |
        | F . . . | A7 . . . | Dm . . . | A7 . . . |
@guitar | d3-f3-a3 . . . | a2-c#3-e3 . . . | d3-f3-a3 . . . | bb2-d3-f3 . . . | vel: 50

[V2] (Verse - 8 Bars)
Chords: | Dm . . . | A7 . . . | Dm . . . | Bb . . . |
        | F . . . | A7 . . . | Dm . . . | Dm . . . |
@guitar | d3-f3-a3 . . . | a2-c#3-e3 . . . | d3-f3-a3 . . . | bb2-d3-f3 . . . | vel: 50

[CH] (Chorus - 8 Bars)
Chords: | F . . . | C7 . . . | F . . . | C7 . . . |
        | Bb . . . | A7 . . . | Dm . . . | A7 . . . |
@guitar | f2-a2-c3 . . . | c3-e3-g3 . . . | f2-a2-c3 . . . | c3-e3-g3 . . . | vel: 60

[BR] (Bridge - 4 Bars)
Chords: | G . . . | C7 . . . | F . . . | A7 . . . |
@guitar | g2-b2-d3 . . . | c3-e3-g3 . . . | f2-a2-c3 . . . | a2-c#3-e3 . . . | vel: 55

[OUT] (Outro - 4 Bars)
Chords: | Dm . . . | A7 . . . | Dm . . . | Dm . . . |
@guitar | d3-f3-a3 . . . | a2-c#3-e3 . . . | d3-f3-a3 . . . | d3-f3-a3 . . . | vel: 45
